******************************************************************************
               TMS320C6x Linker PC v8.3.12                     
******************************************************************************
>> Linked Mon Aug  1 22:53:03 2022

OUTPUT FILE NAME:   <udpStack.out>
ENTRY POINT SYMBOL: "_c_int00"  address: 0c362c80


MEMORY CONFIGURATION

         name            origin    length      used     unused   attr    fill
----------------------  --------  ---------  --------  --------  ----  --------
  L2SRAM                00800000   00080000  0005cf38  000230c8  RW X
  MSMCSRAM              0c000000   00400000  00395840  0006a7c0  RW X
  DDR3                  80000000   20000000  00000080  1fffff80  RWIX


SEGMENT ALLOCATION MAP

run origin  load origin   length   init length attrs members
----------  ----------- ---------- ----------- ----- -------
00800000    00800000    0005bdc0   00000000    rw-
  00800000    00800000    00052b00   00000000    rw- .far:NDK_PACKETMEM
  00852b00    00852b00    00004000   00000000    rw- .resmgr_memregion
  00856b00    00856b00    00003c00   00000000    rw- .far:taskStackSection
  0085a700    0085a700    00001000   00000000    rw- .stack
  0085b700    0085b700    00000418   00000000    rw- .nimu_eth_ll2
  0085bb18    0085bb18    00000200   00000000    rw- .resmgr_pa
  0085bd20    0085bd20    000000a0   00000000    rw- .resmgr_handles
0085be00    0085be00    00001180   00001180    r--
  0085be00    0085be00    00000a00   00000a00    r-- .sharedPolicy
  0085c800    0085c800    00000780   00000780    r-- .sharedGRL
0c000000    0c000000    00300000   00000000    rw-
  0c000000    0c000000    00300000   00000000    rw- systemHeap
0c300000    0c300000    0006d400   0006d400    r-x
  0c300000    0c300000    0006d400   0006d400    r-x .text
0c36d400    0c36d400    0000ef0a   00000000    rw-
  0c36d400    0c36d400    0000ed74   00000000    rw- .far.1
  0c37c174    0c37c174    00000004   00000000    rw- .data.1
  0c37c178    0c37c178    0000001c   00000000    rw- .far.2
  0c37c194    0c37c194    00000004   00000000    rw- .data.2
  0c37c198    0c37c198    0000001c   00000000    rw- .far.3
  0c37c1b4    0c37c1b4    00000004   00000000    rw- .data.3
  0c37c1b8    0c37c1b8    00000034   00000000    rw- .far.4
  0c37c1ec    0c37c1ec    00000002   00000000    rw- .data.4
  0c37c1f0    0c37c1f0    0000011a   00000000    rw- .far.5
0c37c310    0c37c310    0000d9ae   0000d9ae    r--
  0c37c310    0c37c310    0000d9ae   0000d9ae    r-- .const
0c389cc0    0c389cc0    00000040   00000000    rw-
  0c389cc0    0c389cc0    00000040   00000000    rw- .fardata.1
0c389d00    0c389d00    00009a5e   00000000    rw-
  0c389d00    0c389d00    00006882   00000000    rw- .qmss
  0c390588    0c390588    00001c92   00000000    rw- .fardata.2
  0c39221c    0c39221c    00000064   00000000    rw- .data.5
  0c392280    0c392280    00000f80   00000000    rw- .cppi
  0c393200    0c393200    0000055e   00000000    rw- .data.6
0c393760    0c393760    00000428   00000428    r--
  0c393760    0c393760    00000428   00000428    r-- .switch
0c393b88    0c393b88    00000248   00000000    rw-
  0c393b88    0c393b88    0000006c   00000000    rw- .bss
  0c393bf4    0c393bf4    000001dc   00000000    rw- .neardata
0c393dd0    0c393dd0    0000003c   00000000    r--
  0c393dd0    0c393dd0    0000003c   00000000    r-- .rodata
0c393e10    0c393e10    00000120   00000000    rw-
  0c393e10    0c393e10    00000120   00000000    rw- .cio
0c394000    0c394000    00001928   00001928    r-x
  0c394000    0c394000    00000200   00000200    r-x .vecs
  0c394200    0c394200    00001728   00001728    r-- .cinit
80000000    80000000    00000080   00000000    rw-
  80000000    80000000    00000080   00000000    rw- .sharedVar


SECTION ALLOCATION MAP

 output                                  attributes/
section   page    origin      length       input sections
--------  ----  ----------  ----------   ----------------
.stack     0    0085a700    00001000     UNINITIALIZED
                  0085a700    00000008     boot.ae66 : boot.oe66 (.stack)
                  0085a708    00000ff8     --HOLE--

.bss       0    0c393b88    0000006c     UNINITIALIZED
                  0c393b88    00000020     hal_timer.ae66 : lltimer.oe66 (.bss)
                  0c393ba8    00000008     netctrl.ae66 : netctrl.oe66 (.bss)
                  0c393bb0    00000008     nettool.ae66 : daemon.oe66 (.bss)
                  0c393bb8    00000008     stk6_ppp_pppoe.ae66 : ip.oe66 (.bss)
                  0c393bc0    00000008                         : nimupppoe.oe66 (.bss)
                  0c393bc8    00000004     nettool.ae66 : ipaddr.oe66 (.bss)
                  0c393bcc    00000004     stk6_ppp_pppoe.ae66 : ipv6_frag.oe66 (.bss)
                  0c393bd0    00000004                         : lli6.oe66 (.bss)
                  0c393bd4    00000004                         : rtable.oe66 (.bss)
                  0c393bd8    00000004     (.common:_IGMPInDiscard)
                  0c393bdc    00000004     (.common:_IGMPInQuery)
                  0c393be0    00000004     (.common:_IGMPInQueryGroup)
                  0c393be4    00000004     (.common:_IGMPInResponse)
                  0c393be8    00000004     (.common:_IGMPOutResponse)
                  0c393bec    00000004     (.common:gTxCmdFreeQHnd)
                  0c393bf0    00000004     (.common:gTxCmdReturnQHnd)

.neardata 
*          0    0c393bf4    000001dc     UNINITIALIZED
                  0c393bf4    00000044     nettool.ae66 : httpstr.oe66 (.neardata)
                  0c393c38    00000024     os.ae66 : mem.oe66 (.neardata)
                  0c393c5c    00000020     helloWorld.obj (.neardata)
                  0c393c7c    0000001c     netctrl.ae66 : netctrl.oe66 (.neardata)
                  0c393c98    00000016     sysbios.ae66 : BIOS.obj (.neardata)
                  0c393cae    00000002     ti.transport.ndk.nimu.ae66 : nimu_eth.oe66 (.neardata)
                  0c393cb0    00000014     stk6_ppp_pppoe.ae66 : rtable.oe66 (.neardata)
                  0c393cc4    00000010     nettool.ae66 : daemon.oe66 (.neardata)
                  0c393cd4    00000010     os.ae66 : os_ll.oe66 (.neardata)
                  0c393ce4    00000010     stk6_ppp_pppoe.ae66 : bind6.oe66 (.neardata)
                  0c393cf4    00000010                         : igmp.oe66 (.neardata)
                  0c393d04    0000000c     setuprm.obj (.neardata)
                  0c393d10    0000000c     stk6_ppp_pppoe.ae66 : route6.oe66 (.neardata)
                  0c393d1c    0000000c                         : socket.oe66 (.neardata)
                  0c393d28    00000008     netctrl.ae66 : netsrv.oe66 (.neardata)
                  0c393d30    00000008     nimu_osal.obj (.neardata)
                  0c393d38    00000008     stk6_ppp_pppoe.ae66 : exec.oe66 (.neardata)
                  0c393d40    00000008                         : icmp.oe66 (.neardata)
                  0c393d48    00000008                         : ip.oe66 (.neardata)
                  0c393d50    00000008                         : ipin.oe66 (.neardata)
                  0c393d58    00000008                         : ipv6_frag.oe66 (.neardata)
                  0c393d60    00000008                         : lli.oe66 (.neardata)
                  0c393d68    00000008                         : nimupppoe.oe66 (.neardata)
                  0c393d70    00000008                         : rtc.oe66 (.neardata)
                  0c393d78    00000008                         : tcp.oe66 (.neardata)
                  0c393d80    00000008                         : tcp6.oe66 (.neardata)
                  0c393d88    00000008                         : timer.oe66 (.neardata)
                  0c393d90    00000005     os.ae66 : task.oe66 (.neardata)
                  0c393d95    00000003     --HOLE--
                  0c393d98    00000004     hal_timer.ae66 : lltimer.oe66 (.neardata)
                  0c393d9c    00000004     nettool.ae66 : config.oe66 (.neardata)
                  0c393da0    00000004                  : httpsend.oe66 (.neardata)
                  0c393da4    00000004     os.ae66 : efs.oe66 (.neardata)
                  0c393da8    00000004     stk6_ppp_pppoe.ae66 : bind.oe66 (.neardata)
                  0c393dac    00000004                         : ipfrag.oe66 (.neardata)
                  0c393db0    00000004                         : lli6.oe66 (.neardata)
                  0c393db4    00000004                         : lliin.oe66 (.neardata)
                  0c393db8    00000004                         : mld.oe66 (.neardata)
                  0c393dbc    00000004                         : node.oe66 (.neardata)
                  0c393dc0    00000004                         : pbm.oe66 (.neardata)
                  0c393dc4    00000004                         : sock6pcb.oe66 (.neardata)
                  0c393dc8    00000004                         : sockpcb.oe66 (.neardata)
                  0c393dcc    00000004     udpHello.obj (.neardata)

.rodata    0    0c393dd0    0000003c     UNINITIALIZED
                  0c393dd0    00000024     stk6_ppp_pppoe.ae66 : ipv6.oe66 (.rodata)
                  0c393df4    00000010     os.ae66 : mem_data.oe66 (.rodata)
                  0c393e04    00000008     stk6_ppp_pppoe.ae66 : pbm_data.oe66 (.rodata)

.cinit     0    0c394200    00001728     
                  0c394200    00000fa4     (.cinit..fardata.2.load) [load image, compression = rle]
                  0c3951a4    000004a9     (.cinit..data.6.load) [load image, compression = rle]
                  0c39564d    00000092     (.cinit..neardata.load) [load image, compression = rle]
                  0c3956df    00000040     (.cinit..rodata.load) [load image, compression = rle]
                  0c39571f    0000003b     (.cinit..data.5.load) [load image, compression = rle]
                  0c39575a    00000026     (.cinit..fardata.1.load) [load image, compression = rle]
                  0c395780    0000000d     (.cinit..far:NDK_PACKETMEM.load) [load image, compression = rle]
                  0c39578d    0000000d     (.cinit.systemHeap.load) [load image, compression = rle]
                  0c39579a    0000000b     (.cinit..cppi.load) [load image, compression = rle]
                  0c3957a5    0000000b     (.cinit..far.1.load) [load image, compression = rle]
                  0c3957b0    0000000b     (.cinit..far.5.load) [load image, compression = rle]
                  0c3957bb    0000000b     (.cinit..far:taskStackSection.load) [load image, compression = rle]
                  0c3957c6    0000000b     (.cinit..nimu_eth_ll2.load) [load image, compression = rle]
                  0c3957d1    0000000b     (.cinit..qmss.load) [load image, compression = rle]
                  0c3957dc    0000000b     (.cinit..resmgr_memregion.load) [load image, compression = rle]
                  0c3957e7    0000000b     (.cinit..resmgr_pa.load) [load image, compression = rle]
                  0c3957f2    0000000a     (.cinit..data.3.load) [load image, compression = rle]
                  0c3957fc    00000009     (.cinit..bss.load) [load image, compression = rle]
                  0c395805    00000009     (.cinit..data.1.load) [load image, compression = rle]
                  0c39580e    00000009     (.cinit..data.2.load) [load image, compression = rle]
                  0c395817    00000009     (.cinit..far.2.load) [load image, compression = rle]
                  0c395820    00000009     (.cinit..far.3.load) [load image, compression = rle]
                  0c395829    00000009     (.cinit..far.4.load) [load image, compression = rle]
                  0c395832    00000009     (.cinit..resmgr_handles.load) [load image, compression = rle]
                  0c39583b    00000009     (.cinit..sharedVar.load) [load image, compression = rle]
                  0c395844    00000008     (.cinit..data.4.load) [load image, compression = rle]
                  0c39584c    00000008     (__TI_handler_table)
                  0c395854    00000004     --HOLE-- [fill = 0]
                  0c395858    000000d0     (__TI_cinit_table)

.init_array 
*          0    0c000000    00000000     UNINITIALIZED

.qmss      0    0c389d00    00006882     UNINITIALIZED
                  0c389d00    00006880     ti.drv.qmss.ae66 : qmss_drv.oe66 (.qmss:uninit)
                  0c390580    00000002                      : qmss_drv.oe66 (.qmss:init)

.sharedVar 
*          0    80000000    00000080     UNINITIALIZED
                  80000000    00000080     udpHello.obj (.sharedVar)

.resmgr_memregion 
*          0    00852b00    00004000     UNINITIALIZED
                  00852b00    00004000     nimu_cppi_qmss_iface.obj (.resmgr_memregion)

.far:taskStackSection 
*          0    00856b00    00003c00     UNINITIALIZED
                  00856b00    00003c00     udpStack_pe66.oe66 (.far:taskStackSection)

.nimu_eth_ll2 
*          0    0085b700    00000418     UNINITIALIZED
                  0085b700    00000408     ti.transport.ndk.nimu.ae66 : nimu_eth.oe66 (.nimu_eth_ll2:uninit)
                  0085bb08    00000010                                : nimu_eth.oe66 (.nimu_eth_ll2:init)

.resmgr_pa 
*          0    0085bb18    00000200     UNINITIALIZED
                  0085bb18    00000200     nimu_pa_iface.obj (.resmgr_pa)

.resmgr_handles 
*          0    0085bd20    000000a0     UNINITIALIZED
                  0085bd20    0000009c     nimu_cppi_qmss_iface.obj (.resmgr_handles)
                  0085bdbc    00000004     nimu_pa_iface.obj (.resmgr_handles)

systemHeap 
*          0    0c000000    00300000     UNINITIALIZED
                  0c000000    00300000     udpStack_pe66.oe66 (systemHeap)

.cppi      0    0c392280    00000f80     UNINITIALIZED
                  0c392280    00000f80     ti.drv.cppi.ae66 : cppi_drv.oe66 (.cppi)

.vecs      0    0c394000    00000200     
                  0c394000    00000200     udpStack_pe66.oe66 (.vecs)

.far:NDK_PACKETMEM 
*          0    00800000    00052b00     UNINITIALIZED
                  00800000    00052b00     stk6_ppp_pppoe.ae66 : pbm_data.oe66 (.far:NDK_PACKETMEM)

xdc.meta   0    0c000000    000000f0     COPY SECTION
                  0c000000    000000f0     udpStack_pe66.oe66 (xdc.meta)

.sharedGRL 
*          0    0085c800    00000780     
                  0085c800    00000780     global-resource-list.obj (.sharedGRL)

.sharedPolicy 
*          0    0085be00    00000a00     
                  0085be00    00000a00     policy_dsp-only.obj (.sharedPolicy)

.text      0    0c300000    0006d400     
                  0c300000    00002000     rts6600_elf.lib : _printfi.c.obj (.text:__TI_printfi)
                  0c302000    00001a80     stk6_ppp_pppoe.ae66 : tcpin.oe66 (.text:TcpInput)
                  0c303a80    000019e0                         : tcp6in.oe66 (.text:TCP6Input)
                  0c305460    00001360                         : tcpout.oe66 (.text:TcpOutput)
                  0c3067c0    00001280                         : tcp6out.oe66 (.text:TCP6Output)
                  0c307a40    00000ea0     ti.drv.qmss.ae66 : qmss_drv.oe66 (.text:Qmss_insertMemoryRegionSubSys)
                  0c3088e0    00000c60     nettool.ae66 : httpclie.oe66 (.text:httpClientProcess)
                  0c309540    00000c20     ti.drv.pa.ae66 : pa.oe66 (.text:Pa_addMac2)
                  0c30a160    00000ba0     stk6_ppp_pppoe.ae66 : ipin.oe66 (.text:IPRxPacket)
                  0c30ad00    00000ba0     ti.drv.rm.ae66 : rm_allocator.oe66 (.text:allocatorAllocate)
                  0c30b8a0    00000b20     ti.drv.pa.ae66 : pa.oe66 (.text:pa_conv_routing_info2)
                  0c30c3c0    00000ac0     stk6_ppp_pppoe.ae66 : ipout.oe66 (.text:IPTxPacket)
                  0c30ce80    00000aa0                         : md5.oe66 (.text:MD5Transform)
                  0c30d920    00000aa0     ti.drv.rm.ae66 : rm_allocator.oe66 (.text:allocatorFree)
                  0c30e3c0    00000a60     nimu_cppi_qmss_iface.obj (.text)
                  0c30ee20    00000a00     ti.drv.rm.ae66 : rm_policy.oe66 (.text:policyParseSubPermission)
                  0c30f820    000009a0     stk6_ppp_pppoe.ae66 : lcp.oe66 (.text:lcpInput)
                  0c3101c0    00000980     nettool.ae66 : httpsend.oe66 (.text:SetContentType)
                  0c310b40    00000960     ti.drv.qmss.ae66 : qmss_drv.oe66 (.text:Qmss_initSubSys)
                  0c3114a0    00000920     nimu_osal.obj (.text)
                  0c311dc0    00000920     rts6600_elf.lib : strtod.c.obj (.text:strtod)
                  0c3126e0    000008c0     ti.drv.qmss.ae66 : qmss_drv.oe66 (.text:Qmss_internalQueueOpen)
                  0c312fa0    000008a0     ti.transport.ndk.nimu.ae66 : nimu_eth.oe66 (.text:EmacRxPktISR)
                  0c313840    000008a0     ti.drv.rm.ae66 : rm.oe66 (.text:rmProcessRouter)
                  0c3140e0    000008a0     ti.targets.rts6000.ae66 : System.oe66 (.text:xdc_runtime_System_doPrint__I)
                  0c314980    00000800     ti.drv.rm.ae66 : rm_policy.oe66 (.text:rmPolicyPopulateTree)
                  0c315180    000007e0     stk6_ppp_pppoe.ae66 : sock.oe66 (.text:SockSet)
                  0c315960    000007e0                         : ipcp.oe66 (.text:ipcpInput)
                  0c316140    00000780                         : fileuser.oe66 (.text:fdPoll)
                  0c3168c0    00000780     sysbios.ae66 : BIOS.obj (.text:ti_sysbios_family_c64p_Exception_handler__I)
                  0c317040    00000760                  : BIOS.obj (.text:ti_sysbios_knl_Semaphore_pend__E)
                  0c3177a0    00000720     ti.drv.cppi.ae66 : cppi_drv.oe66 (.text:Cppi_configureRxFlow)
                  0c317ec0    00000720     stk6_ppp_pppoe.ae66 : sock6.oe66 (.text:Sock6Set)
                  0c3185e0    000006e0                         : icmpv6_ndisc.oe66 (.text:ICMPv6RecvRA)
                  0c318cc0    000006c0                         : route6.oe66 (.text:Rt6Create)
                  0c319380    000006c0     sysbios.ae66 : BIOS.obj (.text:ti_sysbios_timers_timer64_Timer_Module_startup__E)
                  0c319a40    000006a0     ti.drv.pa.ae66 : painit.oe66 (.text:Pa_create)
                  0c31a0e0    000006a0     ti.drv.rm.ae66 : rm_services.oe66 (.text:Rm_serviceHandler)
                  0c31a780    000006a0     sysbios.ae66 : BIOS.obj (.text:ti_sysbios_knl_Task_Instance_finalize__E)
                  0c31ae20    00000640     rts6600_elf.lib : _printfi.c.obj (.text:_pconv_a)
                  0c31b460    00000620     sysbios.ae66 : BIOS.obj (.text:ti_sysbios_heaps_HeapMem_allocUnprotected__E)
                  0c31ba80    00000600     ti.drv.cppi.ae66 : cppi_drv.oe66 (.text:Cppi_txChannelOpenWithHwCfg)
                  0c31c080    00000600     stk6_ppp_pppoe.ae66 : ipfrag.oe66 (.text:IPReasm)
                  0c31c680    00000600     rts6600_elf.lib : divd.c.obj (.text:__c6xabi_divd)
                  0c31cc80    000005e0     ti.drv.rm.ae66 : rm_allocator.oe66 (.text:allocatorFindLinuxResource)
                  0c31d260    000005e0     helloWorld.obj (.text)
                  0c31d840    000005e0     nettool.ae66 : telnetd.oe66 (.text:telnet_netdata)
                  0c31de20    000005c0     stk6_ppp_pppoe.ae66 : udp.oe66 (.text:UdpInput)
                  0c31e3e0    000005c0     sysbios.ae66 : BIOS.obj (.text:ti_sysbios_heaps_HeapMem_freeUnprotected__E)
                  0c31e9a0    000005a0     stk6_ppp_pppoe.ae66 : icmpin.oe66 (.text:ICMPInput)
                  0c31ef40    00000580                         : sock.oe66 (.text:SockNew)
                  0c31f4c0    00000560     ti.transport.ndk.nimu.ae66 : nimu_eth.oe66 (.text:Add_MACAddress)
                  0c31fa20    00000560     stk6_ppp_pppoe.ae66 : bind6.oe66 (.text:Bind6New)
                  0c31ff80    00000560     ti.drv.rm.ae66 : rm.oe66 (.text:Rm_init)
                  0c3204e0    00000540     ti.drv.cppi.ae66 : cppi_drv.oe66 (.text:Cppi_rxChannelOpen)
                  0c320a20    00000540     stk6_ppp_pppoe.ae66 : nimuppp.oe66 (.text:pppEvent)
                  0c320f60    00000520                         : ipv6.oe66 (.text:IPv6IPAddressToString)
                  0c321480    00000520                         : sock6.oe66 (.text:Sock6Connect)
                  0c3219a0    00000500     ti.drv.pa.ae66 : pa.oe66 (.text:Pa_forwardResult)
                  0c321ea0    00000500     stk6_ppp_pppoe.ae66 : sock6.oe66 (.text:Sock6New)
                  0c3223a0    00000500                         : nimupppoe.oe66 (.text:pppoeInputS)
                  0c3228a0    000004e0     sysbios.ae66 : BIOS.obj (.text:ti_sysbios_family_c66_Cache_startup__I)
                  0c322d80    000004a0     ti.drv.cppi.ae66 : cppi_desc.oe66 (.text:Cppi_initDescriptorSubSys)
                  0c323220    000004a0     stk6_ppp_pppoe.ae66 : lliin.oe66 (.text:LLIRxPacket)
                  0c3236c0    00000480     ti.drv.cppi.ae66 : cppi_drv.oe66 (.text:Cppi_init)
                  0c323b40    00000480     nettool.ae66 : daemon.oe66 (.text:daemon)
                  0c323fc0    00000480     stk6_ppp_pppoe.ae66 : nimuppp.oe66 (.text:pppNew)
                  0c324440    00000460                         : sock.oe66 (.text:SockRecv)
                  0c3248a0    00000460     ti.drv.rm.ae66 : rm.oe66 (.text:allocationHandler)
                  0c324d00    00000460     stk6_ppp_pppoe.ae66 : fileuser.oe66 (.text:fdSelect)
                  0c325160    00000460     sysbios.ae66 : BIOS.obj (.text:ti_sysbios_knl_Task_sleep__E)
                  0c3255c0    00000440     stk6_ppp_pppoe.ae66 : sock6.oe66 (.text:Sock6Recv)
                  0c325a00    00000440     rts6600_elf.lib : _printfi.c.obj (.text:_pconv_g)
                  0c325e40    00000440     stk6_ppp_pppoe.ae66 : auth.oe66 (.text:chapInput)
                  0c326280    00000440     os.ae66 : efs.oe66 (.text:efs_filecheck)
                  0c3266c0    00000440     nettool.ae66 : httpsend.oe66 (.text:httpSendStatusLine)
                  0c326b00    00000440     stk6_ppp_pppoe.ae66 : nimupppoe.oe66 (.text:pppoeInputC)
                  0c326f40    00000440     udpHello.obj (.text)
                  0c327380    00000420     stk6_ppp_pppoe.ae66 : igmp.oe66 (.text:IGMPInput)
                  0c3277a0    00000420     sysbios.ae66 : BIOS.obj (.text:ti_sysbios_knl_Task_Instance_init__E)
                  0c327bc0    00000420                  : BIOS.obj (.text:ti_sysbios_knl_Task_setPri__E)
                  0c327fe0    00000400     stk6_ppp_pppoe.ae66 : ipv6out.oe66 (.text:IPv6TxPacket)
                  0c3283e0    00000400                         : sock.oe66 (.text:SockSend)
                  0c3287e0    00000400     ti.drv.rm.ae66 : rm_allocator.oe66 (.text:allocatorPopulateGrlBased)
                  0c328be0    00000400                    : rm.oe66 (.text:freeHandler)
                  0c328fe0    00000400                    : rm_dtb_util.oe66 (.text:rmDtbUtilResExtractLinuxAlias)
                  0c3293e0    000003e0     stk6_ppp_pppoe.ae66 : lli6.oe66 (.text:LLI6TimerCheck)
                  0c3297c0    000003e0     ti.drv.rm.ae66 : rm_tree.oe66 (.text:_Rm_AllocatorPolicyTree_RB_REMOVE_COLOR)
                  0c329ba0    000003e0                    : rm_tree.oe66 (.text:_Rm_AllocatorResourceTree_RB_REMOVE_COLOR)
                  0c329f80    000003e0                    : rm_tree.oe66 (.text:_Rm_AllocatorTree_RB_REMOVE_COLOR)
                  0c32a360    000003e0                    : rm_tree.oe66 (.text:_Rm_NameServerTree_RB_REMOVE_COLOR)
                  0c32a740    000003e0                    : rm_tree.oe66 (.text:_Rm_PolicyValidInstTree_RB_REMOVE_COLOR)
                  0c32ab20    000003e0     nimu_pa_iface.obj (.text)
                  0c32af00    000003c0     stk6_ppp_pppoe.ae66 : ipv6_frag.oe66 (.text:IPv6TxFragPacket)
                  0c32b2c0    000003c0     ti.drv.pa.ae66 : pa.oe66 (.text:Pa_addMac)
                  0c32b680    000003c0     nettool.ae66 : dhcppkt.oe66 (.text:dhcpPacketProcess)
                  0c32ba40    000003a0     netctrl.ae66 : netctrl.oe66 (.text:NetScheduler)
                  0c32bde0    000003a0     stk6_ppp_pppoe.ae66 : sock6int.oe66 (.text:Sock6Notify)
                  0c32c180    000003a0                         : sock6.oe66 (.text:Sock6Send)
                  0c32c520    000003a0                         : sock.oe66 (.text:SockConnect)
                  0c32c8c0    000003a0                         : sockint.oe66 (.text:SockNotify)
                  0c32cc60    000003a0     ti.drv.rm.ae66 : rm_tree.oe66 (.text:_Rm_AllocatorTree_RB_INSERT)
                  0c32d000    000003a0                    : rm_tree.oe66 (.text:_Rm_NameServerTree_RB_INSERT)
                  0c32d3a0    00000380     stk6_ppp_pppoe.ae66 : icmpv6_ndisc.oe66 (.text:ICMPv6RecvNS)
                  0c32d720    00000380                         : sb.oe66 (.text:SBRead)
                  0c32daa0    00000380                         : nimupppoe.oe66 (.text:SendServerMsg)
                  0c32de20    00000380                         : tcp6.oe66 (.text:TCP6TimeoutCheck)
                  0c32e1a0    00000380                         : tcpprot.oe66 (.text:TcpPrSetOption)
                  0c32e520    00000380                         : tcp.oe66 (.text:TcpTimeoutCheck)
                  0c32e8a0    00000380                         : auth.oe66 (.text:papInput)
                  0c32ec20    00000380     udpStack_pe66.oe66 (.text:xdc_runtime_System_printfExtend__I)
                  0c32efa0    00000360     stk6_ppp_pppoe.ae66 : icmpv6in.oe66 (.text:ICMPv6RxPacket)
                  0c32f300    00000360                         : nimu.oe66 (.text:NIMUIoctl)
                  0c32f660    00000360     ti.drv.rm.ae66 : rm_tree.oe66 (.text:_Rm_AllocatorPolicyTree_RB_INSERT)
                  0c32f9c0    00000360                    : rm_tree.oe66 (.text:_Rm_AllocatorResourceTree_RB_INSERT)
                  0c32fd20    00000360                    : rm_allocator.oe66 (.text:allocatorPreAllocate)
                  0c330080    00000360     stk6_ppp_pppoe.ae66 : nimupppoe.oe66 (.text:pppoeSI)
                  0c3303e0    00000340                         : icmpv6_ndisc.oe66 (.text:ICMPv6RecvRedirect)
                  0c330720    00000340                         : icmpv6out.oe66 (.text:ICMPv6SendDstUnreachable)
                  0c330a60    00000340                         : icmpv6out.oe66 (.text:ICMPv6SendParameterProblem)
                  0c330da0    00000340                         : icmpv6out.oe66 (.text:ICMPv6SendTimeExceeded)
                  0c3310e0    00000340                         : lliout.oe66 (.text:LLITxIpPacket)
                  0c331420    00000340                         : udp.oe66 (.text:UdpOutput)
                  0c331760    00000340     os.ae66 : mem.oe66 (.text:mmAlloc)
                  0c331aa0    00000340     ti.drv.rm.ae66 : rm.oe66 (.text:serverProcess)
                  0c331de0    00000340     sysbios.ae66 : BIOS.obj (.text:ti_sysbios_knl_Swi_restoreHwi__E)
                  0c332120    00000340                  : BIOS.obj (.text:ti_sysbios_knl_Task_schedule__I)
                  0c332460    00000320     nettool.ae66 : config.oe66 (.text:CfgAddEntry)
                  0c332780    00000320     ti.drv.cppi.ae66 : cppi_drv.oe66 (.text:Cppi_open)
                  0c332aa0    00000320     stk6_ppp_pppoe.ae66 : icmp.oe66 (.text:ICMPGenPacket)
                  0c332dc0    00000320     ti.drv.pa.ae66 : pa.oe66 (.text:Pa_resetControl)
                  0c3330e0    00000320     stk6_ppp_pppoe.ae66 : sock6pcb.oe66 (.text:Sock6PcbResolve)
                  0c333400    00000320     nettool.ae66 : inetaddr.oe66 (.text:inet_aton)
                  0c333720    00000320     sysbios.ae66 : BIOS.obj (.text:ti_sysbios_timers_timer64_Timer_deviceConfig__I)
                  0c333a40    00000300     stk6_ppp_pppoe.ae66 : ipv6_frag.oe66 (.text:IPv6FragReasm)
                  0c333d40    00000300                         : route.oe66 (.text:RtCreate)
                  0c334040    00000300                         : rtable.oe66 (.text:RtFind)
                  0c334340    00000300     ti.transport.ndk.nimu.ae66 : nimu_eth.oe66 (.text:Setup_Rx)
                  0c334640    00000300     stk6_ppp_pppoe.ae66 : sock6pcb.oe66 (.text:Sock6PcbBind)
                  0c334940    00000300                         : udp6.oe66 (.text:Udp6Input)
                  0c334c40    00000300     ti.drv.rm.ae66 : rm_allocator.oe66 (.text:allocatorResNodeOwnerAdd)
                  0c334f40    00000300                    : rm.oe66 (.text:cdRequestServerResources)
                  0c335240    00000300     stk6_ppp_pppoe.ae66 : nimuppp.oe66 (.text:pppInput)
                  0c335540    00000300     sysbios.ae66 : BIOS.obj (.text:ti_sysbios_knl_Swi_runLoop__I)
                  0c335840    000002e0     ti.transport.ndk.nimu.ae66 : nimu_eth.oe66 (.text:EmacSend$0)
                  0c335b20    000002e0     ti.drv.qmss.ae66 : qmss_drv.oe66 (.text:Qmss_internalRmStartIndex)
                  0c335e00    000002e0     stk6_ppp_pppoe.ae66 : sb6.oe66 (.text:SB6Read)
                  0c3360e0    000002e0                         : sockpcb.oe66 (.text:SockPcbResolve)
                  0c3363c0    000002e0                         : tcp6prot.oe66 (.text:TCP6PrSetOption)
                  0c3366a0    000002e0     ti.transport.ndk.nimu.ae66 : nimu_eth.oe66 (.text:Verify_Init)
                  0c336980    000002e0     rts6600_elf.lib : fputs.c.obj (.text:fputs)
                  0c336c60    000002e0     nettool.ae66 : httpsend.oe66 (.text:httpSendErrorHTML)
                  0c336f40    000002e0     ti.drv.rm.ae66 : rm_dtb_util.oe66 (.text:rmDtbUtilResExtractNsAssignment)
                  0c337220    000002e0     sysbios.ae66 : BIOS.obj (.text:ti_sysbios_heaps_HeapMem_Instance_init__E)
                  0c337500    000002c0     nettool.ae66 : dhcpmain.oe66 (.text:DHCPOpen)
                  0c3377c0    000002c0     stk6_ppp_pppoe.ae66 : ipv6_exthdrs.oe66 (.text:IPv6ParseExtnHeaders)
                  0c337a80    000002c0     netctrl.ae66 : netctrl.oe66 (.text:NC_NetStart)
                  0c337d40    000002c0     stk6_ppp_pppoe.ae66 : node.oe66 (.text:NodeAdd)
                  0c338000    000002c0                         : route6.oe66 (.text:Rt6Find)
                  0c3382c0    000002c0                         : nimupppoe.oe66 (.text:SendClientMsg)
                  0c338580    000002c0     ti.transport.ndk.nimu.ae66 : nimu_eth.oe66 (.text:Setup_Tx)
                  0c338840    000002c0     rts6600_elf.lib : _printfi.c.obj (.text:_pconv_e)
                  0c338b00    000002c0                     : _printfi.c.obj (.text:fcvt)
                  0c338dc0    000002c0     ti.drv.rm.ae66 : rm_allocator.oe66 (.text:rmAllocatorTreeDelete)
                  0c339080    000002c0     sysbios.ae66 : BIOS.obj (.text:ti_sysbios_knl_Clock_workFunc__E)
                  0c339340    000002c0     ti.drv.rm.ae66 : rm.oe66 (.text:transactionForwarder)
                  0c339600    000002c0     ti.targets.rts6000.ae66 : LoggerBuf.oe66 (.text:xdc_runtime_LoggerBuf_write8__E)
                  0c3398c0    000002a0     stk6_ppp_pppoe.ae66 : bind.oe66 (.text:BindNew)
                  0c339b60    000002a0     ti.transport.ndk.nimu.ae66 : nimu_eth.oe66 (.text:EMACInit_Core$0)
                  0c339e00    000002a0     stk6_ppp_pppoe.ae66 : ipv6_frag.oe66 (.text:IPv6FragQEnqueueFrag)
                  0c33a0a0    000002a0                         : lli6.oe66 (.text:LLI6NeighUnreachStateMachine)
                  0c33a340    000002a0                         : lli6.oe66 (.text:LLI6TxIPPacket)
                  0c33a5e0    000002a0                         : rawethsock.oe66 (.text:RawEthSockSet)
                  0c33a880    000002a0                         : route6.oe66 (.text:Rt6Free)
                  0c33ab20    000002a0                         : sock6pcb.oe66 (.text:Sock6PcbFind)
                  0c33adc0    000002a0     ti.drv.rm.ae66 : rm_allocator.oe66 (.text:allocatorResNodeOwnerDelete)
                  0c33b060    000002a0     nettool.ae66 : dhcptags.oe66 (.text:dhcpBuildOptions)
                  0c33b300    000002a0     stk6_ppp_pppoe.ae66 : lcp.oe66 (.text:lcpSendCfg)
                  0c33b5a0    000002a0     ti.drv.rm.ae66 : rm_dtb_util.oe66 (.text:rmDtbUtilPolicyExtractAssignments)
                  0c33b840    000002a0                    : rm_policy.oe66 (.text:rmPolicyCheckPrivilege)
                  0c33bae0    000002a0     nettool.ae66 : telnetd.oe66 (.text:telnet_engine)
                  0c33bd80    000002a0     sysbios.ae66 : BIOS.obj (.text:ti_sysbios_knl_Clock_Instance_init__E)
                  0c33c020    00000280     nettool.ae66 : daemon.oe66 (.text:DaemonNew)
                  0c33c2a0    00000280     stk6_ppp_pppoe.ae66 : icmpv6in.oe66 (.text:ICMPv6RecvEchoRequest)
                  0c33c520    00000280                         : icmpv6_ndisc.oe66 (.text:ICMPv6SendNS)
                  0c33c7a0    00000280                         : ipv6in.oe66 (.text:IPv6RxPacket)
                  0c33ca20    00000280     ti.drv.qmss.ae66 : qmss_drv.oe66 (.text:Qmss_internalQueueClose)
                  0c33cca0    00000280     stk6_ppp_pppoe.ae66 : rawethsock.oe66 (.text:RawEthSockNew)
                  0c33cf20    00000280                         : sock.oe66 (.text:SockClose)
                  0c33d1a0    00000280                         : sockpcb.oe66 (.text:SockPcbBind)
                  0c33d420    00000280                         : tcp6out.oe66 (.text:TCP6GenPacket)
                  0c33d6a0    00000280                         : udp6.oe66 (.text:Udp6Output)
                  0c33d920    00000280     ti.drv.rm.ae66 : rm_tree.oe66 (.text:_Rm_PolicyValidInstTree_RB_INSERT_COLOR)
                  0c33dba0    00000280     nettool.ae66 : dhcpsm.oe66 (.text:dhcpState)
                  0c33de20    00000280     stk6_ppp_pppoe.ae66 : ipcp.oe66 (.text:ipcpSendCfg)
                  0c33e0a0    00000280     ti.drv.rm.ae66 : rm.oe66 (.text:statusHandler)
                  0c33e320    00000280     sysbios.ae66 : BIOS.obj (.text:ti_sysbios_knl_Task_exit__E)
                  0c33e5a0    00000260     ti.drv.cppi.ae66 : cppi_drv.oe66 (.text:Cppi_channelClose)
                  0c33e800    00000260     stk6_ppp_pppoe.ae66 : icmpv6_ndisc.oe66 (.text:ICMPv6RecvNA)
                  0c33ea60    00000260                         : icmpv6_ndisc.oe66 (.text:ICMPv6SendNA)
                  0c33ecc0    00000260                         : igmp.oe66 (.text:IGMPJoinHostGroup)
                  0c33ef20    00000260                         : nimu.oe66 (.text:NIMUReceivePacket)
                  0c33f180    00000260     ti.transport.ndk.nimu.ae66 : nimu_eth.oe66 (.text:NIMU_qmssQPop)
                  0c33f3e0    00000260     stk6_ppp_pppoe.ae66 : route6.oe66 (.text:Rt6Modify)
                  0c33f640    00000260                         : sb6.oe66 (.text:SB6Write)
                  0c33f8a0    00000260                         : sb.oe66 (.text:SBWrite)
                  0c33fb00    00000260                         : sock6.oe66 (.text:Sock6Close)
                  0c33fd60    00000260                         : sock.oe66 (.text:SockRecvNC)
                  0c33ffc0    00000260                         : tcpout.oe66 (.text:TcpGenPacket)
                  0c340220    00000260     nettool.ae66 : httppars.oe66 (.text:httpParseRecv)
                  0c340480    00000260     ti.drv.rm.ae66 : rm_allocator.oe66 (.text:rmAllocatorGetNodeLocalization)
                  0c3406e0    00000260                    : rm_allocator.oe66 (.text:rmAllocatorTreeInit)
                  0c340940    00000260     sysbios.ae66 : BIOS.obj (.text:ti_sysbios_family_c64p_Hwi_dispatchCore__I)
                  0c340ba0    00000260                  : BIOS.obj (.text:ti_sysbios_knl_Semaphore_post__E)
                  0c340e00    00000260     ti.targets.rts6000.ae66 : Startup.oe66 (.text:xdc_runtime_Startup_startMods__I)
                  0c341060    00000240     stk6_ppp_pppoe.ae66 : bind6.oe66 (.text:Bind6Free)
                  0c3412a0    00000240                         : bind6.oe66 (.text:Bind6RunDAD)
                  0c3414e0    00000240     ti.transport.ndk.nimu.ae66 : nimu_eth.oe66 (.text:NIMU_qmssQPush)
                  0c341720    00000240     ti.drv.pa.ae66 : pa.oe66 (.text:Pa_downloadImage)
                  0c341960    00000240     stk6_ppp_pppoe.ae66 : raw6.oe66 (.text:Raw6Output)
                  0c341ba0    00000240                         : sockpcb.oe66 (.text:SockPcbFind)
                  0c341de0    00000240     rts6600_elf.lib : imath64.c.obj (.text:__c6xabi_divull)
                  0c342020    00000240     sysbios.ae66 : BIOS.obj (.text:clock_gettime)
                  0c342260    00000240     nettool.ae66 : httpclie.oe66 (.text:httpExtractTag)
                  0c3424a0    00000240     sysbios.ae66 : BIOS.obj (.text:ti_sysbios_family_c64p_EventCombiner_dispatch__E)
                  0c3426e0    00000240                  : BIOS.obj (.text:ti_sysbios_family_c64p_Exception_internalHandler__I)
                  0c342920    00000240                  : BIOS.obj (.text:ti_sysbios_knl_Task_postInit__I)
                  0c342b60    00000240     ti.targets.rts6000.ae66 : Core-mem.oe66 (.text:xdc_runtime_Core_createObject__I)
                  0c342da0    00000220     ti.transport.ndk.nimu.ae66 : nimu_eth.oe66 (.text:EmacStop$0)
                  0c342fc0    00000220     stk6_ppp_pppoe.ae66 : igmp.oe66 (.text:IGMPSendReply)
                  0c3431e0    00000220                         : socket.oe66 (.text:NDK_accept)
                  0c343400    00000220                         : pipe.oe66 (.text:PipeRecv)
                  0c343620    00000220                         : raw.oe66 (.text:RawInput)
                  0c343840    00000220                         : sock6pcb.oe66 (.text:Sock6PcbFindRaw)
                  0c343a60    00000220     nettool.ae66 : dhcpsm.oe66 (.text:dhcpIPAdd)
                  0c343c80    00000220     sysbios.ae66 : BIOS.obj (.text:ti_sysbios_timers_timer64_Timer_setPeriodMicroSecs__E)
                  0c343ea0    00000220     ti.targets.rts6000.ae66 : Error.oe66 (.text:xdc_runtime_Error_policyDefault__E)
                  0c3440c0    00000200     stk6_ppp_pppoe.ae66 : ipv6_exthdrs.oe66 (.text:IPv6ParseHopOptions)
                  0c3442c0    00000200                         : lli6.oe66 (.text:LLI6New)
                  0c3444c0    00000200                         : socket.oe66 (.text:NDK_sendto)
                  0c3446c0    00000200                         : lli.oe66 (.text:_LLITimeoutCheck)
                  0c3448c0    00000200     sysbios.ae66 : c64p_Hwi_disp_always.obj (.text:_ti_sysbios_family_c64p_Hwi_dispatchAlways)
                  0c344ac0    00000200     ti.drv.cppi.ae66 : cppi_heap.oe66 (.text:cppi_internal_heap_add)
                  0c344cc0    00000200     nettool.ae66 : dhcppkt.oe66 (.text:dhcpVerifyMessage)
                  0c344ec0    00000200                  : httpclie.oe66 (.text:httpGetAuthParams)
                  0c3450c0    00000200     ti.drv.rm.ae66 : rm.oe66 (.text:serviceResponder)
                  0c3452c0    000001e0     stk6_ppp_pppoe.ae66 : icmp.oe66 (.text:ICMPSendRtAdv)
                  0c3454a0    000001e0                         : ipv6_frag.oe66 (.text:IPv6ParseFragHdr)
                  0c345680    000001e0     ti.transport.ndk.nimu.ae66 : nimu_eth.oe66 (.text:Init_MAC)
                  0c345860    000001e0     stk6_ppp_pppoe.ae66 : socket.oe66 (.text:NDK_recvncfrom)
                  0c345a40    000001e0     ti.drv.qmss.ae66 : qmss_drv.oe66 (.text:Qmss_internaldownloadFirmware)
                  0c345c20    000001e0     stk6_ppp_pppoe.ae66 : rtc.oe66 (.text:RTCReport)
                  0c345e00    000001e0     netctrl.ae66 : netsrv.oe66 (.text:SPIpNet)
                  0c345fe0    000001e0     ti.drv.rm.ae66 : rm_allocator.oe66 (.text:allocatorInitNode)
                  0c3461c0    000001e0     stk6_ppp_pppoe.ae66 : auth.oe66 (.text:chapSendMsg)
                  0c3463a0    000001e0     nettool.ae66 : dhcpsock.oe66 (.text:dhcpSocketOpen)
                  0c346580    000001e0     stk6_ppp_pppoe.ae66 : fileuser.oe66 (.text:fdClose)
                  0c346760    000001e0                         : nimupppoe.oe66 (.text:pppoeCtrlMsg)
                  0c346940    000001e0     ti.drv.rm.ae66 : rm_dtb_util.oe66 (.text:rmDtbUtilPolicyExtractValidInstances)
                  0c346b20    000001e0     sysbios.ae66 : BIOS.obj (.text:ti_sysbios_family_c64p_EventCombiner_dispatchPlug__E)
                  0c346d00    000001e0                  : BIOS.obj (.text:ti_sysbios_gates_GateMutex_enter__E)
                  0c346ee0    000001e0     ti.targets.rts6000.ae66 : Text.oe66 (.text:xdc_runtime_Text_putSite__E)
                  0c3470c0    000001c0     stk6_ppp_pppoe.ae66 : bind6.oe66 (.text:Bind6Msg)
                  0c347280    000001c0     nettool.ae66 : config.oe66 (.text:CfgExecute)
                  0c347440    000001c0                  : config.oe66 (.text:CfgRemoveEntry)
                  0c347600    000001c0     stk6_ppp_pppoe.ae66 : ip.oe66 (.text:IPGetRoute)
                  0c3477c0    000001c0                         : lliout.oe66 (.text:LLIGenArpPacket)
                  0c347980    000001c0                         : socket.oe66 (.text:NDK_getpeername)
                  0c347b40    000001c0                         : route6.oe66 (.text:Route6LifetimeMgmt)
                  0c347d00    000001c0                         : sockint.oe66 (.text:SockCreatePacket)
                  0c347ec0    000001c0                         : tcptime.oe66 (.text:TcpTimeoutRexmt)
                  0c348080    000001c0     rts6600_elf.lib : imath40.c.obj (.text:__c6xabi_divul)
                  0c348240    000001c0                     : _printfi.c.obj (.text:_ltostr)
                  0c348400    000001c0     ti.drv.rm.ae66 : rm.oe66 (.text:createNsRequestPkt)
                  0c3485c0    000001c0                    : rm.oe66 (.text:createResourceReqPkt)
                  0c348780    000001c0     nettool.ae66 : dhcpbild.oe66 (.text:dhcpBuildHeader)
                  0c348940    000001c0     rts6600_elf.lib : fputc.c.obj (.text:fputc)
                  0c348b00    000001c0                     : ldexp.c.obj (.text:ldexp)
                  0c348cc0    000001c0     stk6_ppp_pppoe.ae66 : udp6.oe66 (.text:processMulticast)
                  0c348e80    000001c0     ti.drv.rm.ae66 : rm_allocator.oe66 (.text:rmAllocatorOperation)
                  0c349040    000001c0     rts6600_elf.lib : setvbuf.c.obj (.text:setvbuf)
                  0c349200    000001c0     sysbios.ae66 : BIOS.obj (.text:ti_sysbios_timers_timer64_Timer_getFreq__E)
                  0c3493c0    000001c0                  : BIOS.obj (.text:ti_sysbios_timers_timer64_Timer_start__E)
                  0c349580    000001c0     ti.targets.rts6000.ae66 : LoggerBuf.oe66 (.text:xdc_runtime_LoggerBuf_write4__E)
                  0c349740    000001a0     stk6_ppp_pppoe.ae66 : bind6.oe66 (.text:Bind6GetGlobalAddress)
                  0c3498e0    000001a0     ti.transport.ndk.nimu.ae66 : nimu_eth.oe66 (.text:EmacStart$0)
                  0c349a80    000001a0     rts6600_elf.lib : hostrename.c.obj (.text:HOSTrename)
                  0c349c20    000001a0     stk6_ppp_pppoe.ae66 : icmpin.oe66 (.text:ICMPRevSrcRoute)
                  0c349dc0    000001a0                         : socket.oe66 (.text:NDK_bind)
                  0c349f60    000001a0                         : socket.oe66 (.text:NDK_setsockopt)
                  0c34a100    000001a0                         : node.oe66 (.text:NodeTreeFree)
                  0c34a2a0    000001a0     ti.drv.qmss.ae66 : qmss_acc.oe66 (.text:Qmss_cfgAccumulatorCh)
                  0c34a440    000001a0     stk6_ppp_pppoe.ae66 : raw6.oe66 (.text:Raw6Input)
                  0c34a5e0    000001a0                         : sock6int.oe66 (.text:Sock6CreatePacket)
                  0c34a780    000001a0     nettool.ae66 : dhcpsm.oe66 (.text:StateRenewRebind)
                  0c34a920    000001a0     stk6_ppp_pppoe.ae66 : file.oe66 (.text:fdint_lockfd)
                  0c34aac0    000001a0     rts6600_elf.lib : frexp.c.obj (.text:frexp)
                  0c34ac60    000001a0     stk6_ppp_pppoe.ae66 : auth.oe66 (.text:papSendCfg)
                  0c34ae00    000001a0     ti.drv.rm.ae66 : rm_tree.oe66 (.text:rmAllocatorTreeWb)
                  0c34afa0    000001a0                    : rm_policy.oe66 (.text:rmPolicyVInstTreeInit)
                  0c34b140    000001a0     sysbios.ae66 : BIOS.obj (.text:ti_sysbios_family_c66_Cache_block__I)
                  0c34b2e0    000001a0                  : BIOS.obj (.text:ti_sysbios_heaps_HeapBuf_Module_startup__E)
                  0c34b480    000001a0     ti.targets.rts6000.ae66 : Core-smem.oe66 (.text:xdc_runtime_Core_constructObject__I)
                  0c34b620    00000180     stk6_ppp_pppoe.ae66 : igmp.oe66 (.text:IGMPJoin)
                  0c34b7a0    00000180                         : igmp.oe66 (.text:IGMPMsg)
                  0c34b920    00000180                         : ipv6_exthdrs.oe66 (.text:IPv6ParseRoutingHdr)
                  0c34baa0    00000180     ti.transport.ndk.nimu.ae66 : nimu_eth.oe66 (.text:Init_Switch)
                  0c34bc20    00000180     stk6_ppp_pppoe.ae66 : pbm.oe66 (.text:PBM_alloc)
                  0c34bda0    00000180                         : pipe.oe66 (.text:PipeSend)
                  0c34bf20    00000180                         : raw.oe66 (.text:RawOutput)
                  0c34c0a0    00000180     ti.drv.rm.ae66 : rm_services.oe66 (.text:Rm_serviceOpenHandle)
                  0c34c220    00000180     netctrl.ae66 : netsrv.oe66 (.text:SPRoute)
                  0c34c3a0    00000180                  : netsrv.oe66 (.text:ServiceScan)
                  0c34c520    00000180                  : netsrv.oe66 (.text:ServiceSpawn)
                  0c34c6a0    00000180     stk6_ppp_pppoe.ae66 : sock6.oe66 (.text:Sock6Check)
                  0c34c820    00000180                         : sock.oe66 (.text:SockCheck)
                  0c34c9a0    00000180     nettool.ae66 : dhcpsm.oe66 (.text:StateBound)
                  0c34cb20    00000180     stk6_ppp_pppoe.ae66 : tcptime.oe66 (.text:TcpTimeoutKeep)
                  0c34cca0    00000180     ti.drv.rm.ae66 : rm_tree.oe66 (.text:_Rm_AllocatorPolicyTree_RB_REMOVE)
                  0c34ce20    00000180                    : rm_tree.oe66 (.text:_Rm_AllocatorResourceTree_RB_REMOVE)
                  0c34cfa0    00000180                    : rm_tree.oe66 (.text:_Rm_AllocatorTree_RB_REMOVE)
                  0c34d120    00000180                    : rm_tree.oe66 (.text:_Rm_NameServerTree_RB_REMOVE)
                  0c34d2a0    00000180                    : rm_tree.oe66 (.text:_Rm_PolicyValidInstTree_RB_REMOVE)
                  0c34d420    00000180     boot.ae66 : autoinit.oe66 (.text:__TI_auto_init:_auto_init_elf)
                  0c34d5a0    00000180     ti.drv.rm.ae66 : rm_allocator.oe66 (.text:allocatorResNodeOwnerCompare)
                  0c34d720    00000180     stk6_ppp_pppoe.ae66 : auth.oe66 (.text:authInit)
                  0c34d8a0    00000180     nettool.ae66 : dhcpbild.oe66 (.text:dhcpBuildRequest)
                  0c34da20    00000180     ti.drv.rm.ae66 : fdt.oe66 (.text:fdt_next_tag)
                  0c34dba0    00000180     stk6_ppp_pppoe.ae66 : nimuppp.oe66 (.text:pppFree)
                  0c34dd20    00000180     ti.drv.rm.ae66 : rm_dtb_util.oe66 (.text:rmDtbUtilPolicyGetPropertyType)
                  0c34dea0    00000180                    : rm_tree.oe66 (.text:rmNameServerTreeWb)
                  0c34e020    00000180                    : rm_tree.oe66 (.text:rmPolicyTreeWb)
                  0c34e1a0    00000180                    : rm_tree.oe66 (.text:rmPolicyValidInstTreeWb)
                  0c34e320    00000180                    : rm_tree.oe66 (.text:rmResourceTreeWb)
                  0c34e4a0    00000180     sysbios.ae66 : c64p_Exception_asm.obj (.text)
                  0c34e620    00000180                  : BIOS.obj (.text:ti_sysbios_family_c64p_EventCombiner_enableEvent__E)
                  0c34e7a0    00000180                  : BIOS.obj (.text:ti_sysbios_knl_Task_startCore__E)
                  0c34e920    00000180     ti.drv.rm.ae66 : rm.oe66 (.text:transactionResponder)
                  0c34eaa0    00000160     stk6_ppp_pppoe.ae66 : exec.oe66 (.text:ExecOpen)
                  0c34ec00    00000160                         : igmp.oe66 (.text:IGMPDoMCast)
                  0c34ed60    00000160                         : ipv6_frag.oe66 (.text:IPv6FragMsg)
                  0c34eec0    00000160                         : socket.oe66 (.text:NDK_recv)
                  0c34f020    00000160                         : socket.oe66 (.text:NDK_send)
                  0c34f180    00000160                         : nimu.oe66 (.text:NIMURegister)
                  0c34f2e0    00000160                         : pbm.oe66 (.text:PBM_free)
                  0c34f440    00000160     ti.drv.qmss.ae66 : qmss_drv.oe66 (.text:Qmss_startSubSysCfg)
                  0c34f5a0    00000160     stk6_ppp_pppoe.ae66 : rtable.oe66 (.text:RtFlush)
                  0c34f700    00000160                         : rtable.oe66 (.text:RtTimeoutCheck)
                  0c34f860    00000160                         : rtable.oe66 (.text:RtWalkNext)
                  0c34f9c0    00000160                         : sock6pcb.oe66 (.text:Sock6CleanPcb)
                  0c34fb20    00000160                         : sockpcb.oe66 (.text:SockCleanPcb)
                  0c34fc80    00000160     nettool.ae66 : dhcpsm.oe66 (.text:StateRequesting)
                  0c34fde0    00000160     stk6_ppp_pppoe.ae66 : tcp6time.oe66 (.text:TCP6TimeoutKeep)
                  0c34ff40    00000160                         : tcp6time.oe66 (.text:TCP6TimeoutRexmt)
                  0c3500a0    00000160     ti.drv.rm.ae66 : rm_allocator.oe66 (.text:allocatorStatus)
                  0c350200    00000160     stk6_ppp_pppoe.ae66 : auth.oe66 (.text:authGetPassword)
                  0c350360    00000160     ti.drv.rm.ae66 : fdt.oe66 (.text:fdt_check_header)
                  0c3504c0    00000160                    : fdt_ro.oe66 (.text:fdt_supernode_atdepth_offset)
                  0c350620    00000160     stk6_ppp_pppoe.ae66 : sock6.oe66 (.text:joinGroup)
                  0c350780    00000160     os.ae66 : os_ll.oe66 (.text:llEnter)
                  0c3508e0    00000160             : mem.oe66 (.text:mmCopy)
                  0c350a40    00000160     ti.transport.ndk.nimu.ae66 : nimu_eth.oe66 (.text:setup_rx_queue)
                  0c350ba0    00000160     nettool.ae66 : telnetd.oe66 (.text:telnetClientProcess)
                  0c350d00    00000160     sysbios.ae66 : BIOS.obj (.text:ti_sysbios_knl_Swi_post__E)
                  0c350e60    00000160     ti.targets.rts6000.ae66 : Text.oe66 (.text:xdc_runtime_Text_putMod__E)
                  0c350fc0    00000140     nettool.ae66 : config.oe66 (.text:CfgGetEntry)
                  0c351100    00000140                  : config.oe66 (.text:CfgGetNextEntry)
                  0c351240    00000140     stk6_ppp_pppoe.ae66 : ip.oe66 (.text:IPMsg)
                  0c351380    00000140                         : ipin.oe66 (.text:IPRouteIP)
                  0c3514c0    00000140                         : ipv6.oe66 (.text:IPv6DisplayIPAddress)
                  0c351600    00000140                         : icmpv6out.oe66 (.text:IsICMPv6ErrorPkt)
                  0c351740    00000140                         : lli6.oe66 (.text:LLI6Find)
                  0c351880    00000140                         : socket.oe66 (.text:NDK_socket)
                  0c3519c0    00000140     ti.drv.qmss.ae66 : qmss_drv.oe66 (.text:Qmss_rmServiceGroups)
                  0c351b00    00000140     stk6_ppp_pppoe.ae66 : raweth.oe66 (.text:RawEthRxPacket)
                  0c351c40    00000140                         : raweth.oe66 (.text:RawEthTxPacket)
                  0c351d80    00000140                         : sb6.oe66 (.text:SB6New)
                  0c351ec0    00000140     netctrl.ae66 : netsrv.oe66 (.text:SPService)
                  0c352000    00000140     stk6_ppp_pppoe.ae66 : sock6.oe66 (.text:Sock6Accept)
                  0c352140    00000140                         : sock6pcb.oe66 (.text:Sock6PcbConnect)
                  0c352280    00000140                         : sock.oe66 (.text:SockAccept)
                  0c3523c0    00000140                         : sockpcb.oe66 (.text:SockPcbConnect)
                  0c352500    00000140                         : sockpcb.oe66 (.text:SockPcbCtlError)
                  0c352640    00000140                         : tcp6prot.oe66 (.text:TCP6PrAttach)
                  0c352780    00000140                         : tcpprot.oe66 (.text:TcpPrAttach)
                  0c3528c0    00000140     ti.drv.cppi.ae66 : cppi_listlib.oe66 (.text:cppi_list_remove_node)
                  0c352a00    00000140     nettool.ae66 : dhcptags.oe66 (.text:dhcpDecodeType)
                  0c352b40    00000140                  : httpsend.oe66 (.text:httpAuthenticationReq)
                  0c352c80    00000140     stk6_ppp_pppoe.ae66 : nimuppp.oe66 (.text:pppAddClient)
                  0c352dc0    00000140     ti.drv.rm.ae66 : rm_tree.oe66 (.text:rmNameServerNodeNew)
                  0c352f00    00000140     sysbios.ae66 : BIOS.obj (.text:ti_sysbios_family_c64p_Hwi_Module_startup__E)
                  0c353040    00000140                  : BIOS.obj (.text:ti_sysbios_knl_Semaphore_Instance_init__E)
                  0c353180    00000140                  : BIOS.obj (.text:ti_sysbios_knl_Task_Module_startup__E)
                  0c3532c0    00000140                  : BIOS.obj (.text:ti_sysbios_knl_Task_blockI__E)
                  0c353400    00000140     ti.targets.rts6000.ae66 : Core-mem.oe66 (.text:xdc_runtime_Core_deleteObject__I)
                  0c353540    00000140                             : LoggerBuf.oe66 (.text:xdc_runtime_LoggerBuf_setFilterLevel__E)
                  0c353680    00000140                             : Text.oe66 (.text:xdc_runtime_Text_putLab__E)
                  0c3537c0    00000120     stk6_ppp_pppoe.ae66 : bind6.oe66 (.text:Bind6DADCheck)
                  0c3538e0    00000120                         : bind6.oe66 (.text:Bind6LifetimeMgmt)
                  0c353a00    00000120                         : bind.oe66 (.text:BindFree)
                  0c353b20    00000120     ti.csl.ae66 : csl_chip.oe66 (.text:CSL_chipReadReg)
                  0c353c40    00000120     nettool.ae66 : config.oe66 (.text:CfgFree)
                  0c353d60    00000120                  : daemon.oe66 (.text:DaemonFree)
                  0c353e80    00000120     os.ae66 : ossys.oe66 (.text:DbgPrintf)
                  0c353fa0    00000120     stk6_ppp_pppoe.ae66 : icmp.oe66 (.text:ICMPChecksum)
                  0c3540c0    00000120                         : igmp.oe66 (.text:IGMPLeaveHostGroup)
                  0c3541e0    00000120                         : ipv6.oe66 (.text:IPv6Init)
                  0c354300    00000120                         : lli.oe66 (.text:LLINew)
                  0c354420    00000120                         : md5.oe66 (.text:MD5Update)
                  0c354540    00000120                         : mld.oe66 (.text:MLDJoinGroup)
                  0c354660    00000120     netctrl.ae66 : netctrl.oe66 (.text:NC_SystemOpen)
                  0c354780    00000120     stk6_ppp_pppoe.ae66 : socket.oe66 (.text:NDK_listen)
                  0c3548a0    00000120                         : nimu.oe66 (.text:NIMUAddEthernetHeader)
                  0c3549c0    00000120                         : nimu.oe66 (.text:NIMUIoctlSpecialCmd)
                  0c354ae0    00000120                         : node.oe66 (.text:NodeFind)
                  0c354c00    00000120     ti.drv.qmss.ae66 : qmss_acc.oe66 (.text:Qmss_openAccumulatorChSubSys)
                  0c354d20    00000120                      : qmss_drv.oe66 (.text:Qmss_rmService)
                  0c354e40    00000120     stk6_ppp_pppoe.ae66 : sb.oe66 (.text:SBNew)
                  0c354f60    00000120     netctrl.ae66 : netsrv.oe66 (.text:SPConfig)
                  0c355080    00000120                  : netsrv.oe66 (.text:ServiceKill)
                  0c3551a0    00000120     stk6_ppp_pppoe.ae66 : sock6.oe66 (.text:Sock6Listen)
                  0c3552c0    00000120                         : sock6.oe66 (.text:Sock6Shutdown)
                  0c3553e0    00000120                         : sock.oe66 (.text:SockListen)
                  0c355500    00000120                         : sockpcb.oe66 (.text:SockPcbFindRaw)
                  0c355620    00000120                         : sock.oe66 (.text:SockShutdown)
                  0c355740    00000120     os.ae66 : task.oe66 (.text:TaskSetEnv)
                  0c355860    00000120     nettool.ae66 : telnetd.oe66 (.text:TelnetOpen)
                  0c355980    00000120     ti.drv.rm.ae66 : rm_tree.oe66 (.text:_Rm_AllocatorResourceTree_RB_NEXT_CACHED)
                  0c355aa0    00000120                    : rm_tree.oe66 (.text:_Rm_AllocatorTree_RB_NEXT_CACHED)
                  0c355bc0    00000120                    : rm_tree.oe66 (.text:_Rm_NameServerTree_RB_NEXT_CACHED)
                  0c355ce0    00000120                    : rm_tree.oe66 (.text:_Rm_PolicyValidInstTree_RB_INSERT)
                  0c355e00    00000120                    : rm_tree.oe66 (.text:_Rm_PolicyValidInstTree_RB_NEXT_CACHED)
                  0c355f20    00000120     stk6_ppp_pppoe.ae66 : rtable.oe66 (.text:_RtNodeInsert)
                  0c356040    00000120                         : rtable.oe66 (.text:_RtNodeRemove)
                  0c356160    00000120     os.ae66 : mem.oe66 (.text:_mmInit)
                  0c356280    00000120     rts6600_elf.lib : _printfi.c.obj (.text:_pconv_f)
                  0c3563a0    00000120     ti.drv.rm.ae66 : rm_allocator.oe66 (.text:allocatorResNodeOwnerCopy)
                  0c3564c0    00000120     ti.drv.cppi.ae66 : cppi_drv.oe66 (.text:cppiRmService)
                  0c3565e0    00000120     nettool.ae66 : daemon.oe66 (.text:dchild)
                  0c356700    00000120     ti.drv.rm.ae66 : rm_dtb_util.oe66 (.text:dtbUtilCommonExtractRange)
                  0c356820    00000120     stk6_ppp_pppoe.ae66 : fileuser.oe66 (.text:fdOpenSession)
                  0c356940    00000120     ti.drv.rm.ae66 : fdt.oe66 (.text:fdt_next_node)
                  0c356a60    00000120     rts6600_elf.lib : getdevice.c.obj (.text:getdevice)
                  0c356b80    00000120     nettool.ae66 : http.oe66 (.text:httpOpen)
                  0c356ca0    00000120     os.ae66 : mem.oe66 (.text:mmFree)
                  0c356dc0    00000120     ti.drv.rm.ae66 : rm_dtb_util.oe66 (.text:rmDtbUtilResGetPropertyType)
                  0c356ee0    00000120                    : rm_policy.oe66 (.text:rmPolicyGetResourceBase)
                  0c357000    00000120     nettool.ae66 : telnetd.oe66 (.text:telnet_termdata)
                  0c357120    00000120     udpStack_pe66.oe66 (.text:ti_sysbios_BIOS_rtsUnlock__I)
                  0c357240    00000120     sysbios.ae66 : BIOS.obj (.text:ti_sysbios_hal_SecondsClock_Module_startup__E)
                  0c357360    00000120                  : BIOS.obj (.text:ti_sysbios_knl_Clock_start__E)
                  0c357480    00000120     ti.targets.rts6000.ae66 : LoggerBuf.oe66 (.text:xdc_runtime_LoggerBuf_getFilterLevel__E)
                  0c3575a0    00000100     stk6_ppp_pppoe.ae66 : bind6.oe66 (.text:Bind6GetLinkLocalAddress)
                  0c3576a0    00000100     nettool.ae66 : config.oe66 (.text:CfgGetEntryCnt)
                  0c3577a0    00000100                  : config.oe66 (.text:CfgNew)
                  0c3578a0    00000100                  : config.oe66 (.text:CfgSetExecuteOrder)
                  0c3579a0    00000100     stk6_ppp_pppoe.ae66 : file.oe66 (.text:FdWaitEvent)
                  0c357aa0    00000100                         : icmpv6in.oe66 (.text:ICMPv6SocketErrorInterface)
                  0c357ba0    00000100                         : igmp.oe66 (.text:IGMPTimer)
                  0c357ca0    00000100                         : ipv6_frag.oe66 (.text:IPv6CreateFragQ)
                  0c357da0    00000100                         : ipv6.oe66 (.text:IPv6GetSubnetMaskFromBits)
                  0c357ea0    00000100                         : mld.oe66 (.text:MLDFindMulticastNode)
                  0c357fa0    00000100                         : nimu.oe66 (.text:NIMUInit)
                  0c3580a0    00000100                         : node.oe66 (.text:NodeTreeNew)
                  0c3581a0    00000100                         : node.oe66 (.text:NodeWalk)
                  0c3582a0    00000100                         : rtc.oe66 (.text:RTCMsg)
                  0c3583a0    00000100                         : rawethsock.oe66 (.text:RawEthSockCheck)
                  0c3584a0    00000100                         : route6.oe66 (.text:Rt6FindDefaultRouter)
                  0c3585a0    00000100                         : route.oe66 (.text:RtRedirect)
                  0c3586a0    00000100                         : sockint.oe66 (.text:SockValidateRoute)
                  0c3587a0    00000100     nettool.ae66 : dhcpsm.oe66 (.text:StateSelecting)
                  0c3588a0    00000100     stk6_ppp_pppoe.ae66 : tcp6prot.oe66 (.text:TCP6PrInherit)
                  0c3589a0    00000100                         : tcp6time.oe66 (.text:TCP6XmitTimer)
                  0c358aa0    00000100     os.ae66 : task.oe66 (.text:TaskCreate)
                  0c358ba0    00000100     stk6_ppp_pppoe.ae66 : tcpprot.oe66 (.text:TcpPrInherit)
                  0c358ca0    00000100                         : tcptime.oe66 (.text:TcpXmitTimer)
                  0c358da0    00000100                         : vlan.oe66 (.text:VLANReceivePacket)
                  0c358ea0    00000100     nettool.ae66 : config.oe66 (.text:_CfgEntryScan)
                  0c358fa0    00000100     stk6_ppp_pppoe.ae66 : lli.oe66 (.text:_LLIExpListInsert)
                  0c3590a0    00000100     ti.drv.rm.ae66 : rm_tree.oe66 (.text:_Rm_AllocatorPolicyTree_RB_NEXT_CACHED)
                  0c3591a0    00000100     stk6_ppp_pppoe.ae66 : rtable.oe66 (.text:_RtExpListInsert)
                  0c3592a0    00000100     rts6600_elf.lib : fclose.c.obj (.text:__TI_closefile)
                  0c3593a0    00000100                     : copy_decompress_rle.c.obj (.text:__TI_decompress_rle_core)
                  0c3594a0    00000100                     : _printfi.c.obj (.text:_mcpy)
                  0c3595a0    00000100                     : atoi.c.obj (.text:atoi)
                  0c3596a0    00000100                     : cpy_tbl.c.obj (.text:copy_in)
                  0c3597a0    00000100     ti.drv.rm.ae66 : fdt_ro.oe66 (.text:fdt_get_name)
                  0c3598a0    00000100     rts6600_elf.lib : fflush.c.obj (.text:fflush)
                  0c3599a0    00000100                     : fseek.c.obj (.text:fseek)
                  0c359aa0    00000100     stk6_ppp_pppoe.ae66 : lcp.oe66 (.text:lcpOpen)
                  0c359ba0    00000100                         : lcp.oe66 (.text:lcpReject)
                  0c359ca0    00000100     ti.drv.pa.ae66 : pa.oe66 (.text:pa_rmService)
                  0c359da0    00000100     ti.drv.rm.ae66 : rm_nameserver.oe66 (.text:rmNameServerDelete)
                  0c359ea0    00000100                    : rm_policy.oe66 (.text:rmPolicyVInstTreeDelete)
                  0c359fa0    00000100                    : rm.oe66 (.text:rmTransactionQueueAdd)
                  0c35a0a0    00000100                    : rm.oe66 (.text:staticAllocationHandler)
                  0c35a1a0    00000100     sysbios.ae66 : BIOS.obj (.text:ti_sysbios_knl_Mailbox_Module_startup__E)
                  0c35a2a0    00000100                  : BIOS.obj (.text:ti_sysbios_knl_Task_unblockI__E)
                  0c35a3a0    00000100                  : BIOS.obj (.text:ti_sysbios_timers_timer64_Timer_initDevice__I)
                  0c35a4a0    00000100     stk6_ppp_pppoe.ae66 : lliin.oe66 (.text:updateRtTable)
                  0c35a5a0    00000100     ti.targets.rts6000.ae66 : Error.oe66 (.text:xdc_runtime_Error_print__E)
                  0c35a6a0    00000100                             : Memory.oe66 (.text:xdc_runtime_Memory_alloc__E)
                  0c35a7a0    00000100                             : Startup.oe66 (.text:xdc_runtime_Startup_exec__E)
                  0c35a8a0    000000e0     nettool.ae66 : dhcpmain.oe66 (.text:DHCPClose)
                  0c35a980    000000e0     rts6600_elf.lib : hostlseek.c.obj (.text:HOSTlseek)
                  0c35aa60    000000e0                     : hostopen.c.obj (.text:HOSTopen)
                  0c35ab40    000000e0                     : hostwrite.c.obj (.text:HOSTwrite)
                  0c35ac20    000000e0     stk6_ppp_pppoe.ae66 : igmp.oe66 (.text:IGMPLeave)
                  0c35ad00    000000e0                         : ipv6_frag.oe66 (.text:IPv6FindFragQ)
                  0c35ade0    000000e0                         : ipv6.oe66 (.text:IPv6Layer4ComputeChecksum)
                  0c35aec0    000000e0     ti.transport.ndk.nimu.ae66 : nimu_eth.oe66 (.text:Init_Cpsw)
                  0c35afa0    000000e0     stk6_ppp_pppoe.ae66 : lli6.oe66 (.text:LLI6Msg)
                  0c35b080    000000e0                         : lli6.oe66 (.text:LLI6Update)
                  0c35b160    000000e0                         : nimu.oe66 (.text:NIMUUnregister)
                  0c35b240    000000e0                         : node.oe66 (.text:NodeNew)
                  0c35b320    000000e0                         : pbm.oe66 (.text:PBMQ_enq)
                  0c35b400    000000e0                         : pbm.oe66 (.text:PBM_copy)
                  0c35b4e0    000000e0                         : nimuppp.oe66 (.text:PPPStop)
                  0c35b5c0    000000e0     ti.drv.qmss.ae66 : qmss_drv.oe66 (.text:Qmss_rmNameService)
                  0c35b6a0    000000e0     stk6_ppp_pppoe.ae66 : rawethsock.oe66 (.text:RawEthSockNotify)
                  0c35b780    000000e0                         : rawethsock_pcb.oe66 (.text:RawEthSockPcbAttach)
                  0c35b860    000000e0                         : rawethsock.oe66 (.text:RawEthSockSend)
                  0c35b940    000000e0                         : route6.oe66 (.text:Route6Msg)
                  0c35ba20    000000e0                         : route.oe66 (.text:RtRemove)
                  0c35bb00    000000e0                         : sb6.oe66 (.text:SB6SetMax)
                  0c35bbe0    000000e0                         : sb.oe66 (.text:SBReadNC)
                  0c35bcc0    000000e0                         : sb.oe66 (.text:SBSetMax)
                  0c35bda0    000000e0                         : sock6.oe66 (.text:Sock6Disconnect)
                  0c35be80    000000e0                         : sock6.oe66 (.text:Sock6IntAbort)
                  0c35bf60    000000e0                         : sock6int.oe66 (.text:Sock6SpawnAbort)
                  0c35c040    000000e0                         : sock6int.oe66 (.text:Sock6ValidateRoute)
                  0c35c120    000000e0                         : sock.oe66 (.text:SockDisconnect)
                  0c35c200    000000e0                         : sock.oe66 (.text:SockIntAbort)
                  0c35c2e0    000000e0                         : sockint.oe66 (.text:SockSpawnAbort)
                  0c35c3c0    000000e0                         : tcp6prot.oe66 (.text:TCP6PrDetach)
                  0c35c4a0    000000e0                         : tcp6prot.oe66 (.text:TCP6PrDisconnect)
                  0c35c580    000000e0                         : tcp6prot.oe66 (.text:TCP6ValidateMetrics)
                  0c35c660    000000e0                         : tcpprot.oe66 (.text:TcpPrDetach)
                  0c35c740    000000e0                         : tcpprot.oe66 (.text:TcpPrDisconnect)
                  0c35c820    000000e0                         : tcpprot.oe66 (.text:TcpValidateMetrics)
                  0c35c900    000000e0                         : timer.oe66 (.text:TimerListInsert)
                  0c35c9e0    000000e0                         : udp.oe66 (.text:UdpChecksum)
                  0c35cac0    000000e0                         : vlan.oe66 (.text:VLANDeinit)
                  0c35cba0    000000e0     ti.drv.rm.ae66 : rm_tree.oe66 (.text:_Rm_AllocatorPolicyTree_RB_NEXT)
                  0c35cc80    000000e0                    : rm_tree.oe66 (.text:_Rm_AllocatorPolicyTree_RB_PREV)
                  0c35cd60    000000e0                    : rm_tree.oe66 (.text:_Rm_AllocatorResourceTree_RB_NEXT)
                  0c35ce40    000000e0                    : rm_tree.oe66 (.text:_Rm_AllocatorResourceTree_RB_PREV)
                  0c35cf20    000000e0                    : rm_tree.oe66 (.text:_Rm_AllocatorTree_RB_NEXT)
                  0c35d000    000000e0                    : rm_tree.oe66 (.text:_Rm_NameServerTree_RB_NEXT)
                  0c35d0e0    000000e0                    : rm_tree.oe66 (.text:_Rm_PolicyValidInstTree_RB_NEXT)
                  0c35d1c0    000000e0     rts6600_elf.lib : _ltoa.c.obj (.text:__TI_ltoa)
                  0c35d2a0    000000e0                     : _io_perm.c.obj (.text:__TI_wrt_ok)
                  0c35d380    000000e0     ti.drv.rm.ae66 : rm_allocator.oe66 (.text:allocatorNsAdd)
                  0c35d460    000000e0                    : rm_allocator.oe66 (.text:allocatorResNodeOwnerClear)
                  0c35d540    000000e0     rts6600_elf.lib : close.c.obj (.text:close)
                  0c35d620    000000e0     ti.drv.rm.ae66 : rm_dtb_util.oe66 (.text:dtbUtilCommonExtractValueList)
                  0c35d700    000000e0     os.ae66 : efs.oe66 (.text:efs_internal_remove)
                  0c35d7e0    000000e0     rts6600_elf.lib : exit.c.obj (.text:exit)
                  0c35d8c0    000000e0     stk6_ppp_pppoe.ae66 : file.oe66 (.text:fdint_unlockfd)
                  0c35d9a0    000000e0     ti.drv.rm.ae66 : fdt_ro.oe66 (.text:fdt_get_property_by_offset)
                  0c35da80    000000e0                    : fdt.oe66 (.text:fdt_offset_ptr)
                  0c35db60    000000e0     hal_timer.ae66 : lltimer.oe66 (.text:llTimerGetTime)
                  0c35dc40    000000e0     rts6600_elf.lib : memset.c.obj (.text:memset)
                  0c35dd20    000000e0     os.ae66 : mem.oe66 (.text:mmInitPage)
                  0c35de00    000000e0     rts6600_elf.lib : printf.c.obj (.text:printf)
                  0c35dee0    000000e0     ti.drv.rm.ae66 : rm_nameserver.oe66 (.text:rmNameServerDeleteObject)
                  0c35dfc0    000000e0                    : rm_nameserver.oe66 (.text:rmNameServerFindObject)
                  0c35e0a0    000000e0     setuprm.obj (.text)
                  0c35e180    000000e0     sysbios.ae66 : BIOS.obj (.text:ti_sysbios_heaps_HeapMem_alloc__E)
                  0c35e260    000000e0                  : BIOS.obj (.text:ti_sysbios_timers_timer64_Timer_startup__E)
                  0c35e340    000000e0     ti.targets.rts6000.ae66 : Text.oe66 (.text:xdc_runtime_Text_visitRope2__I)
                  0c35e420    000000c0     nettool.ae66 : config.oe66 (.text:CfgEntryDeRef)
                  0c35e4e0    000000c0     rts6600_elf.lib : hostread.c.obj (.text:HOSTread)
                  0c35e5a0    000000c0                     : hostunlink.c.obj (.text:HOSTunlink)
                  0c35e660    000000c0     stk6_ppp_pppoe.ae66 : lli.oe66 (.text:LLIGetValidTime)
                  0c35e720    000000c0                         : lli.oe66 (.text:LLIMsg)
                  0c35e7e0    000000c0                         : lliin.oe66 (.text:LLIValidateRoute)
                  0c35e8a0    000000c0                         : nimu.oe66 (.text:NIMUAllocateName)
                  0c35e960    000000c0                         : nimu.oe66 (.text:NIMUFindByName)
                  0c35ea20    000000c0     netctrl.ae66 : netsrv.oe66 (.text:NS_BootTask)
                  0c35eae0    000000c0     stk6_ppp_pppoe.ae66 : node.oe66 (.text:NodeDeRef)
                  0c35eba0    000000c0                         : pbm.oe66 (.text:PBM_open)
                  0c35ec60    000000c0     ti.drv.pa.ae66 : painit.oe66 (.text:Pa_getBufferReq)
                  0c35ed20    000000c0     ti.drv.qmss.ae66 : qmss_drv.oe66 (.text:Qmss_getMemRegQueueHandleSubSys)
                  0c35ede0    000000c0                      : qmss_drv.oe66 (.text:Qmss_setEoiVector)
                  0c35eea0    000000c0     stk6_ppp_pppoe.ae66 : sb6.oe66 (.text:SB6Flush)
                  0c35ef60    000000c0                         : sb.oe66 (.text:SBFlush)
                  0c35f020    000000c0                         : sock6pcb.oe66 (.text:Sock6PcbResolveChain)
                  0c35f0e0    000000c0                         : sock6pcb.oe66 (.text:Sock6PcbRtChange)
                  0c35f1a0    000000c0                         : sockpcb.oe66 (.text:SockPcbRtChange)
                  0c35f260    000000c0                         : tcp6prot.oe66 (.text:TCP6Close)
                  0c35f320    000000c0                         : tcp6prot.oe66 (.text:TCP6Drop)
                  0c35f3e0    000000c0                         : tcp6prot.oe66 (.text:TCP6PrSendOOB)
                  0c35f4a0    000000c0                         : tcp6time.oe66 (.text:TCP6TimeoutSackRexmt)
                  0c35f560    000000c0     os.ae66 : task.oe66 (.text:TaskGetEnv)
                  0c35f620    000000c0     stk6_ppp_pppoe.ae66 : tcp.oe66 (.text:TcpChecksum)
                  0c35f6e0    000000c0                         : tcpprot.oe66 (.text:TcpClose)
                  0c35f7a0    000000c0                         : tcpprot.oe66 (.text:TcpDrop)
                  0c35f860    000000c0                         : tcpprot.oe66 (.text:TcpPrSendOOB)
                  0c35f920    000000c0                         : tcptime.oe66 (.text:TcpTimeoutSackRexmt)
                  0c35f9e0    000000c0                         : bind6.oe66 (.text:_Bind6FindByHostInList)
                  0c35faa0    000000c0                         : bind6.oe66 (.text:_Bind6FindByNetInList)
                  0c35fb60    000000c0     ti.drv.rm.ae66 : rm_tree.oe66 (.text:_Rm_AllocatorTree_RB_FIND)
                  0c35fc20    000000c0                    : rm_tree.oe66 (.text:_Rm_NameServerTree_RB_FIND)
                  0c35fce0    000000c0                    : rm_tree.oe66 (.text:_Rm_PolicyValidInstTree_RB_FIND)
                  0c35fda0    000000c0     rts6600_elf.lib : divu.asm.obj (.text:__divu)
                  0c35fe60    000000c0                     : remi.asm.obj (.text:__remi)
                  0c35ff20    000000c0     sysbios.ae66 : BIOS.obj (.text:_pthread_cleanupFxn)
                  0c35ffe0    000000c0     stk6_ppp_pppoe.ae66 : auth.oe66 (.text:authStart)
                  0c3600a0    000000c0     ti.drv.cppi.ae66 : cppi_listlib.oe66 (.text:cppi_list_cat)
                  0c360160    000000c0     os.ae66 : efs.oe66 (.text:efs_fopen)
                  0c360220    000000c0     stk6_ppp_pppoe.ae66 : fileuser.oe66 (.text:fdCloseSession)
                  0c3602e0    000000c0     nettool.ae66 : httpsend.oe66 (.text:httpSendFullResponse)
                  0c3603a0    000000c0     os.ae66 : os_ll.oe66 (.text:llExit)
                  0c360460    000000c0     hal_timer.ae66 : lltimer.oe66 (.text:llTimerTick)
                  0c360520    000000c0     os.ae66 : mem.oe66 (.text:mmZeroInit)
                  0c3605e0    000000c0     stk6_ppp_pppoe.ae66 : nimuppp.oe66 (.text:pppAddIP)
                  0c3606a0    000000c0     ti.drv.rm.ae66 : rm_allocator.oe66 (.text:rmAllocatorFind)
                  0c360760    000000c0                    : rm_tree.oe66 (.text:rmAllocatorNodeNew)
                  0c360820    000000c0                    : rm_dtb_util.oe66 (.text:rmDtbUtilLinuxExtractValues)
                  0c3608e0    000000c0                    : rm_tree.oe66 (.text:rmPolicyValidInstNodeNew)
                  0c3609a0    000000c0     sysbios.ae66 : BIOS.obj (.text:ti_sysbios_hal_SecondsClock_increment__I)
                  0c360a60    000000c0                  : BIOS.obj (.text:ti_sysbios_heaps_HeapMem_getStats__E)
                  0c360b20    000000c0                  : BIOS.obj (.text:ti_sysbios_knl_Clock_logTick__E)
                  0c360be0    000000c0                  : BIOS.obj (.text:ti_sysbios_knl_Swi_schedule__I)
                  0c360ca0    000000c0                  : BIOS.obj (.text:ti_sysbios_knl_Task_allBlockedFunction__I)
                  0c360d60    000000c0                  : BIOS.obj (.text:ti_sysbios_timers_timer64_Timer_stop__E)
                  0c360e20    000000c0     rts6600_elf.lib : tls.c.obj (.text:tls:init:__TI_tls_init)
                  0c360ee0    000000c0     ti.targets.rts6000.ae66 : Assert.oe66 (.text:xdc_runtime_Assert_raise__I)
                  0c360fa0    000000c0                             : Error.oe66 (.text:xdc_runtime_Error_setX__E)
                  0c361060    000000a0     nettool.ae66 : config.oe66 (.text:CfgEntryGetData)
                  0c361100    000000a0                  : config.oe66 (.text:CfgGetImmediate)
                  0c3611a0    000000a0                  : telnetd.oe66 (.text:CmdWriteCmd)
                  0c361240    000000a0     ti.drv.cppi.ae66 : cppi_drv.oe66 (.text:Cppi_channelEnable)
                  0c3612e0    000000a0                      : cppi_drv.oe66 (.text:Cppi_setCpdmaLoopback)
                  0c361380    000000a0     ti.transport.ndk.nimu.ae66 : nimu_eth.oe66 (.text:EmacPktService$0)
                  0c361420    000000a0     stk6_ppp_pppoe.ae66 : exec.oe66 (.text:ExecClose)
                  0c3614c0    000000a0                         : file.oe66 (.text:FdSignalEvent)
                  0c361560    000000a0     rts6600_elf.lib : hostclose.c.obj (.text:HOSTclose)
                  0c361600    000000a0     stk6_ppp_pppoe.ae66 : icmpv6in.oe66 (.text:ICMPv6RecvDstUnreachable)
                  0c3616a0    000000a0                         : igmp.oe66 (.text:IGMPTestGroup)
                  0c361740    000000a0                         : ipfrag.oe66 (.text:IPReasmFree)
                  0c3617e0    000000a0                         : ipfrag.oe66 (.text:IPReasmTimeout)
                  0c361880    000000a0                         : ipv6_frag.oe66 (.text:IPv6ReasmTimeout)
                  0c361920    000000a0                         : md5.oe66 (.text:MD5Final)
                  0c3619c0    000000a0                         : mld.oe66 (.text:MLDCreateMulticastNode)
                  0c361a60    000000a0                         : mld.oe66 (.text:MLDLeaveGroup)
                  0c361b00    000000a0                         : nimu.oe66 (.text:NIMUShutdown)
                  0c361ba0    000000a0     nettool.ae66 : ipaddr.oe66 (.text:NtAddNetwork)
                  0c361c40    000000a0                  : ipaddr.oe66 (.text:NtIfIdx2Ip)
                  0c361ce0    000000a0     ti.drv.qmss.ae66 : qmss_drv.oe66 (.text:Qmss_queueOpenSubSys)
                  0c361d80    000000a0     stk6_ppp_pppoe.ae66 : rawethsock.oe66 (.text:RawEthSockClose)
[...]
0c389b34  ti_sysbios_knl_Swi_Module__diagsEnabled__C                   
0c389b38  ti_sysbios_knl_Swi_Module__diagsIncluded__C                  
0c389b3c  ti_sysbios_knl_Swi_Module__diagsMask__C                      
0c389b40  ti_sysbios_knl_Swi_Module__loggerFxn1__C                     
0c389b44  ti_sysbios_knl_Swi_Module__loggerFxn4__C                     
0c389b48  ti_sysbios_knl_Swi_Module__loggerObj__C                      
0c389b4c  ti_sysbios_knl_Swi_Object__count__C                          
0c389b50  ti_sysbios_knl_Swi_Object__table__C                          
0c389b54  ti_sysbios_knl_Task_A_badPriority__C                         
0c389b58  ti_sysbios_knl_Task_A_badTaskState__C                        
0c389b5c  ti_sysbios_knl_Task_A_badThreadType__C                       
0c389b60  ti_sysbios_knl_Task_A_badTimeout__C                          
0c389b64  ti_sysbios_knl_Task_A_noPendElem__C                          
0c389b68  ti_sysbios_knl_Task_A_sleepTaskDisabled__C                   
0c389b6c  ti_sysbios_knl_Task_E_deleteNotAllowed__C                    
0c389b70  ti_sysbios_knl_Task_E_spOutOfBounds__C                       
0c389b74  ti_sysbios_knl_Task_E_stackOverflow__C                       
0c389b78  ti_sysbios_knl_Task_LD_block__C                              
0c389b7c  ti_sysbios_knl_Task_LD_exit__C                               
0c389b80  ti_sysbios_knl_Task_LD_ready__C                              
0c389b84  ti_sysbios_knl_Task_LM_setPri__C                             
0c389b88  ti_sysbios_knl_Task_LM_sleep__C                              
0c389b8c  ti_sysbios_knl_Task_LM_switch__C                             
0c389b90  ti_sysbios_knl_Task_Module_State_inactiveQ__O                
0c389b94  ti_sysbios_knl_Task_Module_State_terminatedQ__O              
0c389b98  ti_sysbios_knl_Task_Module__diagsEnabled__C                  
0c389b9c  ti_sysbios_knl_Task_Module__diagsIncluded__C                 
0c389ba0  ti_sysbios_knl_Task_Module__diagsMask__C                     
0c389ba4  ti_sysbios_knl_Task_Module__loggerFxn2__C                    
0c389ba8  ti_sysbios_knl_Task_Module__loggerFxn4__C                    
0c389bac  ti_sysbios_knl_Task_Module__loggerObj__C                     
0c389bb0  ti_sysbios_knl_Task_Object__count__C                         
0c389bb4  ti_sysbios_knl_Task_Object__heap__C                          
0c389bb8  ti_sysbios_knl_Task_Object__table__C                         
0c389bbc  ti_sysbios_knl_Task_allBlockedFunc__C                        
0c389bc0  ti_sysbios_knl_Task_defaultStackHeap__C                      
0c389bc4  ti_sysbios_knl_Task_defaultStackSize__C                      
0c389bc8  ti_sysbios_knl_Task_numConstructedTasks__C                   
0c389bcc  ti_sysbios_timers_timer64_Timer_A_notAvailable__C            
0c389bd0  ti_sysbios_timers_timer64_Timer_E_cannotSupport__C           
0c389bd4  ti_sysbios_timers_timer64_Timer_Module__diagsEnabled__C      
0c389bd8  ti_sysbios_timers_timer64_Timer_Module__diagsIncluded__C     
0c389bdc  ti_sysbios_timers_timer64_Timer_Module__diagsMask__C         
0c389be0  ti_sysbios_timers_timer64_Timer_anyMaskHigh__C               
0c389be4  ti_sysbios_timers_timer64_Timer_anyMask__C                   
0c389be8  ti_sysbios_timers_timer64_Timer_freqDivisor__C               
0c389bec  ti_sysbios_timers_timer64_Timer_numLocalTimers__C            
0c389bf0  ti_sysbios_timers_timer64_Timer_numTimerDevices__C           
0c389bf4  xdc_runtime_Assert_E_assertFailed__C                         
0c389bf8  xdc_runtime_Core_A_initializedParams__C                      
0c389bfc  xdc_runtime_Core_Module__diagsEnabled__C                     
0c389c00  xdc_runtime_Core_Module__diagsIncluded__C                    
0c389c04  xdc_runtime_Core_Module__diagsMask__C                        
0c389c08  xdc_runtime_Error_E_memory__C                                
0c389c0c  xdc_runtime_Error_Module__diagsEnabled__C                    
0c389c10  xdc_runtime_Error_Module__diagsIncluded__C                   
0c389c14  xdc_runtime_Error_Module__diagsMask__C                       
0c389c18  xdc_runtime_Error_Module__loggerFxn8__C                      
0c389c1c  xdc_runtime_Error_Module__loggerObj__C                       
0c389c20  xdc_runtime_Error_policyFxn__C                               
0c389c24  xdc_runtime_Error_policy__C                                  
0c389c28  xdc_runtime_Error_raiseHook__C                               
0c389c2c  xdc_runtime_IFilterLogger_Interface__BASE__C                 
0c389c30  xdc_runtime_IGateProvider_Interface__BASE__C                 
0c389c34  xdc_runtime_IHeap_Interface__BASE__C                         
0c389c38  xdc_runtime_ILogger_Interface__BASE__C                       
0c389c3c  xdc_runtime_IModule_Interface__BASE__C                       
0c389c40  xdc_runtime_Log_L_error__C                                   
0c389c44  xdc_runtime_LoggerBuf_E_badLevel__C                          
0c389c48  xdc_runtime_LoggerBuf_Module__gateObj__C                     
0c389c4c  xdc_runtime_LoggerBuf_Object__count__C                       
0c389c50  xdc_runtime_LoggerBuf_Object__table__C                       
0c389c54  xdc_runtime_LoggerBuf_statusLogger__C                        
0c389c58  xdc_runtime_Memory_defaultHeapInstance__C                    
0c389c5c  xdc_runtime_Startup_execImpl__C                              
0c389c60  xdc_runtime_Startup_maxPasses__C                             
0c389c64  xdc_runtime_Startup_sfxnRts__C                               
0c389c68  xdc_runtime_Startup_sfxnTab__C                               
0c389c6c  xdc_runtime_Startup_startModsFxn__C                          
0c389c70  xdc_runtime_System_Module__gateObj__C                        
0c389c74  xdc_runtime_System_abortFxn__C                               
0c389c78  xdc_runtime_System_exitFxn__C                                
0c389c7c  xdc_runtime_System_extendFxn__C                              
0c389c80  xdc_runtime_System_maxAtexitHandlers__C                      
0c389c84  xdc_runtime_Text_charTab__C                                  
0c389c88  xdc_runtime_Text_nameUnknown__C                              
0c389c8c  xdc_runtime_Text_nodeTab__C                                  
0c389c90  xdc_runtime_Text_visitRopeFxn__C                             
0c389c94  ti_sysbios_knl_Clock_Module__loggerDefined__C                
0c389c96  ti_sysbios_knl_Semaphore_Module__id__C                       
0c389c98  Rm_policyGlobalInst                                          
0c389c9a  ti_sysbios_knl_Semaphore_Module__loggerDefined__C            
0c389c9c  ti_sysbios_knl_Swi_Module__id__C                             
0c389c9e  ti_sysbios_knl_Swi_Module__loggerDefined__C                  
0c389ca0  ti_sysbios_knl_Task_Module__id__C                            
0c389ca2  ti_sysbios_knl_Task_Module__loggerDefined__C                 
0c389ca4  ti_sysbios_timers_timer64_Timer_Module__id__C                
0c389ca6  ti_sysbios_timers_timer64_Timer_startupNeeded__C             
0c389ca8  ti_sysbios_timers_timer64_Timer_useTimer64pRegMap__C         
0c389caa  xdc_runtime_Core_Module__id__C                               
0c389cac  xdc_runtime_Error_Module__loggerDefined__C                   
0c389cae  xdc_runtime_Error_maxDepth__C                                
0c389cb0  xdc_runtime_LoggerBuf_Module__id__C                          
0c389cb2  xdc_runtime_LoggerBuf_filterByLevel__C                       
0c389cb4  xdc_runtime_Main_Module__id__C                               
0c389cb6  xdc_runtime_Memory_Module__id__C                             
0c389cb8  xdc_runtime_Text_isLoaded__C                                 
0c389cba  xdc_runtime_Text_registryModsLastId__C                       
0c389cbc  xdc_runtime_Text_unnamedModsLastId__C                        
0c38dd80  qmssGroupControl                                             
0c38de80  qmssGObj                                                     
0c390580  qmssGObjIsValid                                              
0c390588  cppiGblCPDMACfgParams                                        
0c390f60  qmssGblCfgParams                                             
0c391230  _ftable                                                      
0c391410  GlobalQmGroup0                                               
0c39159c  _lock                                                        
0c3915a0  ti_sysbios_timers_timer64_Timer_Module_State_0_device__A     
0c391720  ti_sysbios_knl_Task_Object__table__V                         
0c391840  _ipcfg                                                       
0c3918f4  _unlock                                                      
0c3918f8  _stream                                                      
0c391998  ti_sysbios_knl_Swi_Module_State_0_readyQ__A                  
0c391a18  ti_sysbios_knl_Task_Module_State_0_readyQ__A                 
0c391a98  ti_sysbios_timers_timer64_Timer_Module_State_0_gctrl__A      
0c391b18  ti_sysbios_timers_timer64_Timer_Module_State_0_handles__A    
0c391b98  ti_sysbios_timers_timer64_Timer_Module_State_0_intFreqs__A   
0c391c18  _device                                                      
0c391c90  ti_sysbios_family_c64p_Hwi_Object__table__V                  
0c391d08  ti_sysbios_gates_GateMutex_Object__table__V                  
0c391db8  ti_sysbios_timers_timer64_Timer_Object__table__V             
0c391f4c  __TI_ft_end                                                  
0c391f84  __errno                                                      
0c391f84  errno                                                        
0c391f88  ti_sysbios_knl_Swi_Object__table__V                          
0c391fb8  _oscfg                                                       
0c391fe0  xdc_runtime_LoggerBuf_Object__table__V                       
0c392008  Qmss_highEoiVector                                           
0c392028  pstrMsgName                                                  
0c392048  xdc_runtime_Error_IgnoreBlock                                
0c392068  xdc_runtime_System_Module_State_0_atexitHandlers__A          
0c392088  ti_ndk_config_Global_Id2Size                                 
0c3920c0  ti_sysbios_heaps_HeapMem_Object__table__V                    
0c392104  cppiGblCfgParams                                             
0c392118  cppiLObj                                                     
0c392160  Qmss_lowEoiVector                                            
0c392170  __TI_cleanup_ptr                                             
0c392174  __TI_dtors_ptr                                               
0c392178  __TI_enable_exit_profile_output                              
0c3921a0  NIMUDeviceTable                                              
0c3921a8  rmUsrStats                                                   
0c3921b0  ti_sysbios_gates_GateHwi_Module__root__V                     
0c3921b8  ti_sysbios_gates_GateMutex_Module__root__V                   
0c3921c0  ti_sysbios_hal_Hwi_Object__table__V                          
0c3921c8  ti_sysbios_heaps_HeapMem_Module__root__V                     
0c3921d0  ti_sysbios_knl_Clock_Module__root__V                         
0c3921d8  ti_sysbios_knl_Queue_Module__root__V                         
0c3921e0  ti_sysbios_knl_Semaphore_Module__root__V                     
0c3921e8  ti_sysbios_knl_Task_Module__root__V                          
0c3921f0  xdc_runtime_LoggerBuf_Module__root__V                        
0c392208  ti_sysbios_gates_GateHwi_Object__table__V                    
0c392210  ti_sysbios_knl_Task_Module_State_0_idleTask__A               
0c392218  Qmss_cdmaEoiVector                                           
0c39221c  ti_sysbios_knl_Task_Module__state__V                         
0c392264  ti_sysbios_knl_Swi_Module__state__V                          
0c392280  cppiObject                                                   
0c393200  ti_sysbios_family_c64p_EventCombiner_Module__state__V        
0c393600  ti_sysbios_family_c64p_Hwi_Module__state__V                  
0c39366c  ti_sysbios_hal_SecondsClock_Module__state__V                 
0c3936a8  ti_sysbios_family_c64p_Exception_Module__state__V            
0c3936d8  ti_sysbios_knl_Clock_Module__state__V                        
0c393704  ti_sysbios_BIOS_Module__state__V                             
0c393728  ti_sysbios_timers_timer64_Timer_Module__state__V             
0c393740  xdc_runtime_Registry_Module__state__V                        
0c393748  xdc_runtime_Startup_Module__state__V                         
0c393750  xdc_runtime_System_Module__state__V                          
0c393758  xdc_runtime_LoggerBuf_Module__state__V                       
0c393b88  __TI_STATIC_BASE                                             
0c393bd8  _IGMPInDiscard                                               
0c393bdc  _IGMPInQuery                                                 
0c393be0  _IGMPInQueryGroup                                            
0c393be4  _IGMPInResponse                                              
0c393be8  _IGMPOutResponse                                             
0c393bec  gTxCmdFreeQHnd                                               
0c393bf0  gTxCmdReturnQHnd                                             
0c393bf4  CONTENT_TYPE_APPLET                                          
0c393bf8  CONTENT_TYPE_AU                                              
0c393bfc  CONTENT_TYPE_CSS                                             
0c393c00  CONTENT_TYPE_DOC                                             
0c393c04  CONTENT_TYPE_GIF                                             
0c393c08  CONTENT_TYPE_HTML                                            
0c393c0c  CONTENT_TYPE_JPG                                             
0c393c10  CONTENT_TYPE_MPEG                                            
0c393c14  CONTENT_TYPE_PDF                                             
0c393c18  CONTENT_TYPE_WAV                                             
0c393c1c  CONTENT_TYPE_ZIP                                             
0c393c20  CONTENT_TYPE                                                 
0c393c24  CONTENT_LENGTH                                               
0c393c28  CRLF                                                         
0c393c2c  DEFAULT_NAME                                                 
0c393c30  HTTP_VER                                                     
0c393c34  SPACE                                                        
0c393c5c  VerStr                                                       
0c393c60  HostName                                                     
0c393c64  LocalIPAddr                                                  
0c393c68  LocalIPMask                                                  
0c393c6c  GatewayIP                                                    
0c393c70  DomainName                                                   
0c393c74  DNSServer                                                    
0c393cfc  _IGMPForceVersion1                                           
0c393d04  no_bootMode                                                  
0c393d08  rmHandle                                                     
0c393d0c  rmServiceHandle                                              
0c393d1c  NDK_createSockCtx                                            
0c393d20  NDK_closeSockCtx                                             
0c393d24  NDK_netStartError                                            
0c393d30  rmMallocCounter                                              
0c393d34  rmFreeCounter                                                
0c393d40  NDK_ICMPInErrors                                             
0c393d44  NDK_ICMPOutErrors                                            
0c393d48  _IPExecuting                                                 
0c393d58  gFragQList                                                   
0c393d78  tcp_iss                                                      
0c393d7c  ptTimeFirst                                                  
0c393d80  pt6TimeFirst                                                 
0c393d84  tcp6_iss                                                     
0c393da0  httpErrorResponseHook                                        
0c393dac  _IPReasmPtr                                                  
0c393db8  gMLDNodeList                                                 
0c393dd0  IPV6_MAX_MULTICAST_SOLICIT                                   
0c393dd4  IPV6_MAX_UNICAST_SOLICIT                                     
0c393dd8  IPV6_RETRANS_TIME                                            
0c393ddc  IPV6_DELAY_FIRST_PROBE_TIME                                  
0c393de0  IPV6_REACHABLE_TIME                                          
0c393de4  IPV6_MAX_RTR_SOLICITATION_DELAY                              
0c393de8  IPV6_RTR_SOLICITATION_INTERVAL                               
0c393dec  IPV6_MAX_RTR_SOLICITATIONS                                   
0c393df0  INFINITE_LT                                                  
0c393df4  ti_ndk_config_Global_rawPageSize                             
0c393df8  ti_ndk_config_Global_rawPageCount                            
0c393dfc  ti_ndk_config_Global_smallest                                
0c393e00  ti_ndk_config_Global_largest                                 
0c393e04  ti_ndk_config_Global_numFrameBuf                             
0c393e08  ti_ndk_config_Global_sizeFrameBuf                            
0c393e10  __CIOBUF_                                                    
0c394000  ti_sysbios_family_c64p_Hwi0                                  
0c394000  ti_sysbios_family_c64p_Hwi_int0                              
0c394020  ti_sysbios_family_c64p_Hwi_int1                              
0c394040  ti_sysbios_family_c64p_Hwi_int2                              
0c394060  ti_sysbios_family_c64p_Hwi_int3                              
0c394080  ti_sysbios_family_c64p_Hwi_int4                              
0c3940a0  ti_sysbios_family_c64p_Hwi_int5                              
0c3940c0  ti_sysbios_family_c64p_Hwi_int6                              
0c3940e0  ti_sysbios_family_c64p_Hwi_int7                              
0c394100  ti_sysbios_family_c64p_Hwi_int8                              
0c394120  ti_sysbios_family_c64p_Hwi_int9                              
0c394140  ti_sysbios_family_c64p_Hwi_int10                             
0c394160  ti_sysbios_family_c64p_Hwi_int11                             
0c394180  ti_sysbios_family_c64p_Hwi_int12                             
0c3941a0  ti_sysbios_family_c64p_Hwi_int13                             
0c3941c0  ti_sysbios_family_c64p_Hwi_int14                             
0c3941e0  ti_sysbios_family_c64p_Hwi_int15                             
0c39584c  __TI_Handler_Table_Base                                      
0c395854  __TI_Handler_Table_Limit                                     
0c395858  __TI_CINIT_Base                                              
0c395928  __TI_CINIT_Limit                                             
80000000  next                                                         
ffffffff  __TI_pprof_out_hndl                                          
ffffffff  __TI_prof_data_size                                          
ffffffff  __TI_prof_data_start                                         
ffffffff  __binit__                                                    
ffffffff  __c_args__                                                   
ffffffff  binit                                                        
UNDEFED   __TI_INITARRAY_Base                                          
UNDEFED   __TI_INITARRAY_Limit                                         
UNDEFED   __TI_TLS_INIT_Base                                           
UNDEFED   __TI_TLS_INIT_Limit                                          

[1674 symbols]
