<?xml version="1.0" encoding="ISO-8859-1" ?>
<link_info>
   <banner>TMS320C6x Linker PC v8.3.12</banner>
   <copyright>Copyright (c) 1996-2018 Texas Instruments Incorporated</copyright>
   <link_time>0x62606b0e</link_time>
   <link_errors>0x0</link_errors>
   <output_file>led_play.out</output_file>
   <entry_point>
      <name>_c_int00</name>
      <address>0xc04eb60</address>
   </entry_point>
   <input_file_list>
      <input_file id="fl-2">
         <path>.\</path>
         <kind>object</kind>
         <file>led_play.obj</file>
         <name>led_play.obj</name>
      </input_file>
      <input_file id="fl-3">
         <path>.\</path>
         <kind>object</kind>
         <file>main.obj</file>
         <name>main.obj</name>
      </input_file>
      <input_file id="fl-8">
         <kind>object</kind>
         <file>&lt;internal&gt;</file>
         <name>&lt;internal&gt;</name>
      </input_file>
      <input_file id="fl-22">
         <path>C:\ti\ccs930\ccs\tools\compiler\ti-cgt-c6000_8.3.12\lib\</path>
         <kind>archive</kind>
         <file>rts6600_elf.lib</file>
         <name>remu.asm.obj</name>
      </input_file>
      <input_file id="fl-23">
         <path>C:\ti\ccs930\ccs\tools\compiler\ti-cgt-c6000_8.3.12\lib\</path>
         <kind>archive</kind>
         <file>rts6600_elf.lib</file>
         <name>boot.c.obj</name>
      </input_file>
      <input_file id="fl-24">
         <path>C:\ti\ccs930\ccs\tools\compiler\ti-cgt-c6000_8.3.12\lib\</path>
         <kind>archive</kind>
         <file>rts6600_elf.lib</file>
         <name>memset.c.obj</name>
      </input_file>
      <input_file id="fl-25">
         <path>C:\ti\ccs930\ccs\tools\compiler\ti-cgt-c6000_8.3.12\lib\</path>
         <kind>archive</kind>
         <file>rts6600_elf.lib</file>
         <name>autoinit.c.obj</name>
      </input_file>
      <input_file id="fl-26">
         <path>C:\ti\ccs930\ccs\tools\compiler\ti-cgt-c6000_8.3.12\lib\</path>
         <kind>archive</kind>
         <file>rts6600_elf.lib</file>
         <name>pre_init.c.obj</name>
      </input_file>
      <input_file id="fl-27">
         <path>C:\ti\ccs930\ccs\tools\compiler\ti-cgt-c6000_8.3.12\lib\</path>
         <kind>archive</kind>
         <file>rts6600_elf.lib</file>
         <name>startup.c.obj</name>
      </input_file>
      <input_file id="fl-28">
         <path>C:\ti\ccs930\ccs\tools\compiler\ti-cgt-c6000_8.3.12\lib\</path>
         <kind>archive</kind>
         <file>rts6600_elf.lib</file>
         <name>cpy_tbl.c.obj</name>
      </input_file>
      <input_file id="fl-29">
         <path>C:\ti\ccs930\ccs\tools\compiler\ti-cgt-c6000_8.3.12\lib\</path>
         <kind>archive</kind>
         <file>rts6600_elf.lib</file>
         <name>copy_zero_init.c.obj</name>
      </input_file>
      <input_file id="fl-2a">
         <path>C:\ti\ccs930\ccs\tools\compiler\ti-cgt-c6000_8.3.12\lib\</path>
         <kind>archive</kind>
         <file>rts6600_elf.lib</file>
         <name>copy_decompress_none.c.obj</name>
      </input_file>
      <input_file id="fl-2b">
         <path>C:\ti\ccs930\ccs\tools\compiler\ti-cgt-c6000_8.3.12\lib\</path>
         <kind>archive</kind>
         <file>rts6600_elf.lib</file>
         <name>copy_decompress_rle.c.obj</name>
      </input_file>
      <input_file id="fl-2c">
         <path>C:\ti\ccs930\ccs\tools\compiler\ti-cgt-c6000_8.3.12\lib\</path>
         <kind>archive</kind>
         <file>rts6600_elf.lib</file>
         <name>exit.c.obj</name>
      </input_file>
      <input_file id="fl-2d">
         <path>C:\ti\ccs930\ccs\tools\compiler\ti-cgt-c6000_8.3.12\lib\</path>
         <kind>archive</kind>
         <file>rts6600_elf.lib</file>
         <name>memory.c.obj</name>
      </input_file>
      <input_file id="fl-2e">
         <path>C:\ti\ccs930\ccs\tools\compiler\ti-cgt-c6000_8.3.12\lib\</path>
         <kind>archive</kind>
         <file>rts6600_elf.lib</file>
         <name>_lock.c.obj</name>
      </input_file>
      <input_file id="fl-2f">
         <path>C:\ti\ccs930\ccs\tools\compiler\ti-cgt-c6000_8.3.12\lib\</path>
         <kind>archive</kind>
         <file>rts6600_elf.lib</file>
         <name>args_main.c.obj</name>
      </input_file>
      <input_file id="fl-30">
         <path>C:\ti\ccs930\ccs\tools\compiler\ti-cgt-c6000_8.3.12\lib\</path>
         <kind>archive</kind>
         <file>rts6600_elf.lib</file>
         <name>strlen.c.obj</name>
      </input_file>
      <input_file id="fl-31">
         <path>C:\ti\ccs930\ccs\tools\compiler\ti-cgt-c6000_8.3.12\lib\</path>
         <kind>archive</kind>
         <file>rts6600_elf.lib</file>
         <name>tls.c.obj</name>
      </input_file>
      <input_file id="fl-32">
         <path>C:\ti\ccs930\ccs\tools\compiler\ti-cgt-c6000_8.3.12\lib\</path>
         <kind>archive</kind>
         <file>rts6600_elf.lib</file>
         <name>tls_get_tp.asm.obj</name>
      </input_file>
      <input_file id="fl-33">
         <path>C:\ti\ccs930\ccs\tools\compiler\ti-cgt-c6000_8.3.12\lib\</path>
         <kind>archive</kind>
         <file>rts6600_elf.lib</file>
         <name>memcpy64.asm.obj</name>
      </input_file>
      <input_file id="fl-34">
         <path>C:\ti\pdk_C6678_1_1_2_5\packages\ti\platform\evmc6678l\platform_lib\lib\debug\</path>
         <kind>archive</kind>
         <file>ti.platform.evm6678l.ae66</file>
         <name>platform.obj</name>
      </input_file>
      <input_file id="fl-35">
         <path>C:\ti\pdk_C6678_1_1_2_5\packages\ti\platform\evmc6678l\platform_lib\lib\debug\</path>
         <kind>archive</kind>
         <file>ti.platform.evm6678l.ae66</file>
         <name>evmc66x_uart.obj</name>
      </input_file>
      <input_file id="fl-36">
         <path>C:\ti\pdk_C6678_1_1_2_5\packages\ti\platform\evmc6678l\platform_lib\lib\debug\</path>
         <kind>archive</kind>
         <file>ti.platform.evm6678l.ae66</file>
         <name>evmc66x_nor.obj</name>
      </input_file>
      <input_file id="fl-37">
         <path>C:\ti\pdk_C6678_1_1_2_5\packages\ti\platform\evmc6678l\platform_lib\lib\debug\</path>
         <kind>archive</kind>
         <file>ti.platform.evm6678l.ae66</file>
         <name>evmc66x_i2c_eeprom.obj</name>
      </input_file>
      <input_file id="fl-38">
         <path>C:\ti\pdk_C6678_1_1_2_5\packages\ti\platform\evmc6678l\platform_lib\lib\debug\</path>
         <kind>archive</kind>
         <file>ti.platform.evm6678l.ae66</file>
         <name>evmc66x_fpga.obj</name>
      </input_file>
      <input_file id="fl-39">
         <path>C:\ti\pdk_C6678_1_1_2_5\packages\ti\platform\evmc6678l\platform_lib\lib\debug\</path>
         <kind>archive</kind>
         <file>ti.platform.evm6678l.ae66</file>
         <name>evmc6678_phy.obj</name>
      </input_file>
      <input_file id="fl-3a">
         <path>C:\ti\pdk_C6678_1_1_2_5\packages\ti\platform\evmc6678l\platform_lib\lib\debug\</path>
         <kind>archive</kind>
         <file>ti.platform.evm6678l.ae66</file>
         <name>evmc6678.obj</name>
      </input_file>
      <input_file id="fl-3b">
         <path>C:\ti\pdk_C6678_1_1_2_5\packages\ti\platform\evmc6678l\platform_lib\lib\debug\</path>
         <kind>archive</kind>
         <file>ti.platform.evm6678l.ae66</file>
         <name>evm66x_nand.obj</name>
      </input_file>
      <input_file id="fl-3c">
         <path>C:\ti\pdk_C6678_1_1_2_5\packages\ti\platform\evmc6678l\platform_lib\lib\debug\</path>
         <kind>archive</kind>
         <file>ti.platform.evm6678l.ae66</file>
         <name>evm66x_i2c.obj</name>
      </input_file>
      <input_file id="fl-3d">
         <path>C:\ti\pdk_C6678_1_1_2_5\packages\ti\platform\evmc6678l\platform_lib\lib\debug\</path>
         <kind>archive</kind>
         <file>ti.platform.evm6678l.ae66</file>
         <name>evmc66x_spi.obj</name>
      </input_file>
      <input_file id="fl-3e">
         <path>C:\ti\ccs930\ccs\tools\compiler\ti-cgt-c6000_8.3.12\lib\</path>
         <kind>archive</kind>
         <file>rts6600_elf.lib</file>
         <name>printf.c.obj</name>
      </input_file>
      <input_file id="fl-3f">
         <path>C:\ti\ccs930\ccs\tools\compiler\ti-cgt-c6000_8.3.12\lib\</path>
         <kind>archive</kind>
         <file>rts6600_elf.lib</file>
         <name>_printfi.c.obj</name>
      </input_file>
      <input_file id="fl-40">
         <path>C:\ti\ccs930\ccs\tools\compiler\ti-cgt-c6000_8.3.12\lib\</path>
         <kind>archive</kind>
         <file>rts6600_elf.lib</file>
         <name>vsprintf.c.obj</name>
      </input_file>
      <input_file id="fl-41">
         <path>C:\ti\ccs930\ccs\tools\compiler\ti-cgt-c6000_8.3.12\lib\</path>
         <kind>archive</kind>
         <file>rts6600_elf.lib</file>
         <name>fputc.c.obj</name>
      </input_file>
      <input_file id="fl-42">
         <path>C:\ti\ccs930\ccs\tools\compiler\ti-cgt-c6000_8.3.12\lib\</path>
         <kind>archive</kind>
         <file>rts6600_elf.lib</file>
         <name>fputs.c.obj</name>
      </input_file>
      <input_file id="fl-43">
         <path>C:\ti\ccs930\ccs\tools\compiler\ti-cgt-c6000_8.3.12\lib\</path>
         <kind>archive</kind>
         <file>rts6600_elf.lib</file>
         <name>_io_perm.c.obj</name>
      </input_file>
      <input_file id="fl-44">
         <path>C:\ti\ccs930\ccs\tools\compiler\ti-cgt-c6000_8.3.12\lib\</path>
         <kind>archive</kind>
         <file>rts6600_elf.lib</file>
         <name>setvbuf.c.obj</name>
      </input_file>
      <input_file id="fl-45">
         <path>C:\ti\ccs930\ccs\tools\compiler\ti-cgt-c6000_8.3.12\lib\</path>
         <kind>archive</kind>
         <file>rts6600_elf.lib</file>
         <name>push.asm.obj</name>
      </input_file>
      <input_file id="fl-46">
         <path>C:\ti\ccs930\ccs\tools\compiler\ti-cgt-c6000_8.3.12\lib\</path>
         <kind>archive</kind>
         <file>rts6600_elf.lib</file>
         <name>divi.asm.obj</name>
      </input_file>
      <input_file id="fl-47">
         <path>C:\ti\ccs930\ccs\tools\compiler\ti-cgt-c6000_8.3.12\lib\</path>
         <kind>archive</kind>
         <file>rts6600_elf.lib</file>
         <name>divu.asm.obj</name>
      </input_file>
      <input_file id="fl-48">
         <path>C:\ti\ccs930\ccs\tools\compiler\ti-cgt-c6000_8.3.12\lib\</path>
         <kind>archive</kind>
         <file>rts6600_elf.lib</file>
         <name>imath40.c.obj</name>
      </input_file>
      <input_file id="fl-49">
         <path>C:\ti\ccs930\ccs\tools\compiler\ti-cgt-c6000_8.3.12\lib\</path>
         <kind>archive</kind>
         <file>rts6600_elf.lib</file>
         <name>imath64.c.obj</name>
      </input_file>
      <input_file id="fl-4a">
         <path>C:\ti\ccs930\ccs\tools\compiler\ti-cgt-c6000_8.3.12\lib\</path>
         <kind>archive</kind>
         <file>rts6600_elf.lib</file>
         <name>llshift.c.obj</name>
      </input_file>
      <input_file id="fl-4b">
         <path>C:\ti\ccs930\ccs\tools\compiler\ti-cgt-c6000_8.3.12\lib\</path>
         <kind>archive</kind>
         <file>rts6600_elf.lib</file>
         <name>frexp.c.obj</name>
      </input_file>
      <input_file id="fl-4c">
         <path>C:\ti\ccs930\ccs\tools\compiler\ti-cgt-c6000_8.3.12\lib\</path>
         <kind>archive</kind>
         <file>rts6600_elf.lib</file>
         <name>isinf.c.obj</name>
      </input_file>
      <input_file id="fl-4d">
         <path>C:\ti\ccs930\ccs\tools\compiler\ti-cgt-c6000_8.3.12\lib\</path>
         <kind>archive</kind>
         <file>rts6600_elf.lib</file>
         <name>ldexp.c.obj</name>
      </input_file>
      <input_file id="fl-4e">
         <path>C:\ti\ccs930\ccs\tools\compiler\ti-cgt-c6000_8.3.12\lib\</path>
         <kind>archive</kind>
         <file>rts6600_elf.lib</file>
         <name>signbit.c.obj</name>
      </input_file>
      <input_file id="fl-4f">
         <path>C:\ti\ccs930\ccs\tools\compiler\ti-cgt-c6000_8.3.12\lib\</path>
         <kind>archive</kind>
         <file>rts6600_elf.lib</file>
         <name>divd.c.obj</name>
      </input_file>
      <input_file id="fl-50">
         <path>C:\ti\ccs930\ccs\tools\compiler\ti-cgt-c6000_8.3.12\lib\</path>
         <kind>archive</kind>
         <file>rts6600_elf.lib</file>
         <name>frcmpyd_div.c.obj</name>
      </input_file>
      <input_file id="fl-51">
         <path>C:\ti\ccs930\ccs\tools\compiler\ti-cgt-c6000_8.3.12\lib\</path>
         <kind>archive</kind>
         <file>rts6600_elf.lib</file>
         <name>_ltoa.c.obj</name>
      </input_file>
      <input_file id="fl-52">
         <path>C:\ti\ccs930\ccs\tools\compiler\ti-cgt-c6000_8.3.12\lib\</path>
         <kind>archive</kind>
         <file>rts6600_elf.lib</file>
         <name>atoi.c.obj</name>
      </input_file>
      <input_file id="fl-53">
         <path>C:\ti\ccs930\ccs\tools\compiler\ti-cgt-c6000_8.3.12\lib\</path>
         <kind>archive</kind>
         <file>rts6600_elf.lib</file>
         <name>ctype.c.obj</name>
      </input_file>
      <input_file id="fl-54">
         <path>C:\ti\ccs930\ccs\tools\compiler\ti-cgt-c6000_8.3.12\lib\</path>
         <kind>archive</kind>
         <file>rts6600_elf.lib</file>
         <name>defs.c.obj</name>
      </input_file>
      <input_file id="fl-55">
         <path>C:\ti\ccs930\ccs\tools\compiler\ti-cgt-c6000_8.3.12\lib\</path>
         <kind>archive</kind>
         <file>rts6600_elf.lib</file>
         <name>memccpy.c.obj</name>
      </input_file>
      <input_file id="fl-56">
         <path>C:\ti\ccs930\ccs\tools\compiler\ti-cgt-c6000_8.3.12\lib\</path>
         <kind>archive</kind>
         <file>rts6600_elf.lib</file>
         <name>strncpy.c.obj</name>
      </input_file>
      <input_file id="fl-57">
         <path>C:\ti\ccs930\ccs\tools\compiler\ti-cgt-c6000_8.3.12\lib\</path>
         <kind>archive</kind>
         <file>rts6600_elf.lib</file>
         <name>write.c.obj</name>
      </input_file>
      <input_file id="fl-58">
         <path>C:\ti\ccs930\ccs\tools\compiler\ti-cgt-c6000_8.3.12\lib\</path>
         <kind>archive</kind>
         <file>rts6600_elf.lib</file>
         <name>llabs.c.obj</name>
      </input_file>
      <input_file id="fl-59">
         <path>C:\ti\ccs930\ccs\tools\compiler\ti-cgt-c6000_8.3.12\lib\</path>
         <kind>archive</kind>
         <file>rts6600_elf.lib</file>
         <name>errno.c.obj</name>
      </input_file>
      <input_file id="fl-5a">
         <path>C:\ti\ccs930\ccs\tools\compiler\ti-cgt-c6000_8.3.12\lib\</path>
         <kind>archive</kind>
         <file>rts6600_elf.lib</file>
         <name>wcslen.c.obj</name>
      </input_file>
      <input_file id="fl-5b">
         <path>C:\ti\ccs930\ccs\tools\compiler\ti-cgt-c6000_8.3.12\lib\</path>
         <kind>archive</kind>
         <file>rts6600_elf.lib</file>
         <name>fflush.c.obj</name>
      </input_file>
      <input_file id="fl-5c">
         <path>C:\ti\ccs930\ccs\tools\compiler\ti-cgt-c6000_8.3.12\lib\</path>
         <kind>archive</kind>
         <file>rts6600_elf.lib</file>
         <name>fopen.c.obj</name>
      </input_file>
      <input_file id="fl-5d">
         <path>C:\ti\ccs930\ccs\tools\compiler\ti-cgt-c6000_8.3.12\lib\</path>
         <kind>archive</kind>
         <file>rts6600_elf.lib</file>
         <name>fseek.c.obj</name>
      </input_file>
      <input_file id="fl-5e">
         <path>C:\ti\ccs930\ccs\tools\compiler\ti-cgt-c6000_8.3.12\lib\</path>
         <kind>archive</kind>
         <file>rts6600_elf.lib</file>
         <name>lseek.c.obj</name>
      </input_file>
      <input_file id="fl-5f">
         <path>C:\ti\ccs930\ccs\tools\compiler\ti-cgt-c6000_8.3.12\lib\</path>
         <kind>archive</kind>
         <file>rts6600_elf.lib</file>
         <name>open.c.obj</name>
      </input_file>
      <input_file id="fl-60">
         <path>C:\ti\ccs930\ccs\tools\compiler\ti-cgt-c6000_8.3.12\lib\</path>
         <kind>archive</kind>
         <file>rts6600_elf.lib</file>
         <name>hostclose.c.obj</name>
      </input_file>
      <input_file id="fl-61">
         <path>C:\ti\ccs930\ccs\tools\compiler\ti-cgt-c6000_8.3.12\lib\</path>
         <kind>archive</kind>
         <file>rts6600_elf.lib</file>
         <name>hostlseek.c.obj</name>
      </input_file>
      <input_file id="fl-62">
         <path>C:\ti\ccs930\ccs\tools\compiler\ti-cgt-c6000_8.3.12\lib\</path>
         <kind>archive</kind>
         <file>rts6600_elf.lib</file>
         <name>hostopen.c.obj</name>
      </input_file>
      <input_file id="fl-63">
         <path>C:\ti\ccs930\ccs\tools\compiler\ti-cgt-c6000_8.3.12\lib\</path>
         <kind>archive</kind>
         <file>rts6600_elf.lib</file>
         <name>hostread.c.obj</name>
      </input_file>
      <input_file id="fl-64">
         <path>C:\ti\ccs930\ccs\tools\compiler\ti-cgt-c6000_8.3.12\lib\</path>
         <kind>archive</kind>
         <file>rts6600_elf.lib</file>
         <name>hostrename.c.obj</name>
      </input_file>
      <input_file id="fl-65">
         <path>C:\ti\ccs930\ccs\tools\compiler\ti-cgt-c6000_8.3.12\lib\</path>
         <kind>archive</kind>
         <file>rts6600_elf.lib</file>
         <name>hostunlink.c.obj</name>
      </input_file>
      <input_file id="fl-66">
         <path>C:\ti\ccs930\ccs\tools\compiler\ti-cgt-c6000_8.3.12\lib\</path>
         <kind>archive</kind>
         <file>rts6600_elf.lib</file>
         <name>hostwrite.c.obj</name>
      </input_file>
      <input_file id="fl-67">
         <path>C:\ti\ccs930\ccs\tools\compiler\ti-cgt-c6000_8.3.12\lib\</path>
         <kind>archive</kind>
         <file>rts6600_elf.lib</file>
         <name>trgmsg.c.obj</name>
      </input_file>
      <input_file id="fl-68">
         <path>C:\ti\ccs930\ccs\tools\compiler\ti-cgt-c6000_8.3.12\lib\</path>
         <kind>archive</kind>
         <file>rts6600_elf.lib</file>
         <name>fclose.c.obj</name>
      </input_file>
      <input_file id="fl-69">
         <path>C:\ti\ccs930\ccs\tools\compiler\ti-cgt-c6000_8.3.12\lib\</path>
         <kind>archive</kind>
         <file>rts6600_elf.lib</file>
         <name>getdevice.c.obj</name>
      </input_file>
      <input_file id="fl-6a">
         <path>C:\ti\ccs930\ccs\tools\compiler\ti-cgt-c6000_8.3.12\lib\</path>
         <kind>archive</kind>
         <file>rts6600_elf.lib</file>
         <name>close.c.obj</name>
      </input_file>
      <input_file id="fl-6b">
         <path>C:\ti\ccs930\ccs\tools\compiler\ti-cgt-c6000_8.3.12\lib\</path>
         <kind>archive</kind>
         <file>rts6600_elf.lib</file>
         <name>remove.c.obj</name>
      </input_file>
      <input_file id="fl-6c">
         <path>C:\ti\ccs930\ccs\tools\compiler\ti-cgt-c6000_8.3.12\lib\</path>
         <kind>archive</kind>
         <file>rts6600_elf.lib</file>
         <name>unlink.c.obj</name>
      </input_file>
   </input_file_list>
   <object_component_list>
      <object_component id="oc-2b7">
         <name>.text:__TI_printfi</name>
         <load_address>0xc041000</load_address>
         <run_address>0xc041000</run_address>
         <size>0x2000</size>
         <input_file_ref idref="fl-3f"/>
      </object_component>
      <object_component id="oc-ff">
         <name>.text</name>
         <load_address>0xc043000</load_address>
         <run_address>0xc043000</run_address>
         <size>0x1fe0</size>
         <input_file_ref idref="fl-34"/>
      </object_component>
      <object_component id="oc-167">
         <name>.text</name>
         <load_address>0xc044fe0</load_address>
         <run_address>0xc044fe0</run_address>
         <size>0x1b40</size>
         <input_file_ref idref="fl-3a"/>
      </object_component>
      <object_component id="oc-196">
         <name>.text</name>
         <load_address>0xc046b20</load_address>
         <run_address>0xc046b20</run_address>
         <size>0x1160</size>
         <input_file_ref idref="fl-3b"/>
      </object_component>
      <object_component id="oc-1a8">
         <name>.text</name>
         <load_address>0xc047c80</load_address>
         <run_address>0xc047c80</run_address>
         <size>0xd80</size>
         <input_file_ref idref="fl-37"/>
      </object_component>
      <object_component id="oc-440">
         <name>.text:_pconv_a</name>
         <load_address>0xc048a00</load_address>
         <run_address>0xc048a00</run_address>
         <size>0x640</size>
         <input_file_ref idref="fl-3f"/>
      </object_component>
      <object_component id="oc-559">
         <name>.text:__c6xabi_divd</name>
         <load_address>0xc049040</load_address>
         <run_address>0xc049040</run_address>
         <size>0x600</size>
         <input_file_ref idref="fl-4f"/>
      </object_component>
      <object_component id="oc-296">
         <name>.text</name>
         <load_address>0xc049640</load_address>
         <run_address>0xc049640</run_address>
         <size>0x5a0</size>
         <input_file_ref idref="fl-3d"/>
      </object_component>
      <object_component id="oc-17e">
         <name>.text</name>
         <load_address>0xc049be0</load_address>
         <run_address>0xc049be0</run_address>
         <size>0x560</size>
         <input_file_ref idref="fl-39"/>
      </object_component>
      <object_component id="oc-19c">
         <name>.text</name>
         <load_address>0xc04a140</load_address>
         <run_address>0xc04a140</run_address>
         <size>0x520</size>
         <input_file_ref idref="fl-36"/>
      </object_component>
      <object_component id="oc-178">
         <name>.text</name>
         <load_address>0xc04a660</load_address>
         <run_address>0xc04a660</run_address>
         <size>0x4c0</size>
         <input_file_ref idref="fl-38"/>
      </object_component>
      <object_component id="oc-42e">
         <name>.text:_pconv_g</name>
         <load_address>0xc04ab20</load_address>
         <run_address>0xc04ab20</run_address>
         <size>0x440</size>
         <input_file_ref idref="fl-3f"/>
      </object_component>
      <object_component id="oc-f3">
         <name>.text:free</name>
         <load_address>0xc04af60</load_address>
         <run_address>0xc04af60</run_address>
         <size>0x3c0</size>
         <input_file_ref idref="fl-2d"/>
      </object_component>
      <object_component id="oc-184">
         <name>.text</name>
         <load_address>0xc04b320</load_address>
         <run_address>0xc04b320</run_address>
         <size>0x320</size>
         <input_file_ref idref="fl-35"/>
      </object_component>
      <object_component id="oc-47d">
         <name>.text:fputs</name>
         <load_address>0xc04b640</load_address>
         <run_address>0xc04b640</run_address>
         <size>0x2e0</size>
         <input_file_ref idref="fl-42"/>
      </object_component>
      <object_component id="oc-43a">
         <name>.text:_pconv_e</name>
         <load_address>0xc04b920</load_address>
         <run_address>0xc04b920</run_address>
         <size>0x2c0</size>
         <input_file_ref idref="fl-3f"/>
      </object_component>
      <object_component id="oc-572">
         <name>.text:fcvt</name>
         <load_address>0xc04bbe0</load_address>
         <run_address>0xc04bbe0</run_address>
         <size>0x2c0</size>
         <input_file_ref idref="fl-3f"/>
      </object_component>
      <object_component id="oc-549">
         <name>.text:__c6xabi_divull</name>
         <load_address>0xc04bea0</load_address>
         <run_address>0xc04bea0</run_address>
         <size>0x240</size>
         <input_file_ref idref="fl-49"/>
      </object_component>
      <object_component id="oc-8c">
         <name>.text</name>
         <load_address>0xc04c0e0</load_address>
         <run_address>0xc04c0e0</run_address>
         <size>0x220</size>
         <input_file_ref idref="fl-2"/>
      </object_component>
      <object_component id="oc-54f">
         <name>.text:__c6xabi_divul</name>
         <load_address>0xc04c300</load_address>
         <run_address>0xc04c300</run_address>
         <size>0x1c0</size>
         <input_file_ref idref="fl-48"/>
      </object_component>
      <object_component id="oc-416">
         <name>.text:_ltostr</name>
         <load_address>0xc04c4c0</load_address>
         <run_address>0xc04c4c0</run_address>
         <size>0x1c0</size>
         <input_file_ref idref="fl-3f"/>
      </object_component>
      <object_component id="oc-476">
         <name>.text:fputc</name>
         <load_address>0xc04c680</load_address>
         <run_address>0xc04c680</run_address>
         <size>0x1c0</size>
         <input_file_ref idref="fl-41"/>
      </object_component>
      <object_component id="oc-580">
         <name>.text:ldexp</name>
         <load_address>0xc04c840</load_address>
         <run_address>0xc04c840</run_address>
         <size>0x1c0</size>
         <input_file_ref idref="fl-4d"/>
      </object_component>
      <object_component id="oc-ed">
         <name>.text:malloc</name>
         <load_address>0xc04ca00</load_address>
         <run_address>0xc04ca00</run_address>
         <size>0x1c0</size>
         <input_file_ref idref="fl-2d"/>
      </object_component>
      <object_component id="oc-61d">
         <name>.text:setvbuf</name>
         <load_address>0xc04cbc0</load_address>
         <run_address>0xc04cbc0</run_address>
         <size>0x1c0</size>
         <input_file_ref idref="fl-44"/>
      </object_component>
      <object_component id="oc-6c9">
         <name>.text:HOSTrename</name>
         <load_address>0xc04cd80</load_address>
         <run_address>0xc04cd80</run_address>
         <size>0x1a0</size>
         <input_file_ref idref="fl-64"/>
      </object_component>
      <object_component id="oc-57a">
         <name>.text:frexp</name>
         <load_address>0xc04cf20</load_address>
         <run_address>0xc04cf20</run_address>
         <size>0x1a0</size>
         <input_file_ref idref="fl-4b"/>
      </object_component>
      <object_component id="oc-434">
         <name>.text:_pconv_f</name>
         <load_address>0xc04d0c0</load_address>
         <run_address>0xc04d0c0</run_address>
         <size>0x120</size>
         <input_file_ref idref="fl-3f"/>
      </object_component>
      <object_component id="oc-702">
         <name>.text:getdevice</name>
         <load_address>0xc04d1e0</load_address>
         <run_address>0xc04d1e0</run_address>
         <size>0x120</size>
         <input_file_ref idref="fl-69"/>
      </object_component>
      <object_component id="oc-69c">
         <name>.text:__TI_closefile</name>
         <load_address>0xc04d300</load_address>
         <run_address>0xc04d300</run_address>
         <size>0x100</size>
         <input_file_ref idref="fl-68"/>
      </object_component>
      <object_component id="oc-39">
         <name>.text:__TI_decompress_rle_core</name>
         <load_address>0xc04d400</load_address>
         <run_address>0xc04d400</run_address>
         <size>0x100</size>
         <input_file_ref idref="fl-2b"/>
      </object_component>
      <object_component id="oc-56b">
         <name>.text:_mcpy</name>
         <load_address>0xc04d500</load_address>
         <run_address>0xc04d500</run_address>
         <size>0x100</size>
         <input_file_ref idref="fl-3f"/>
      </object_component>
      <object_component id="oc-410">
         <name>.text:atoi</name>
         <load_address>0xc04d600</load_address>
         <run_address>0xc04d600</run_address>
         <size>0x100</size>
         <input_file_ref idref="fl-52"/>
      </object_component>
      <object_component id="oc-617">
         <name>.text:fseek</name>
         <load_address>0xc04d700</load_address>
         <run_address>0xc04d700</run_address>
         <size>0x100</size>
         <input_file_ref idref="fl-5d"/>
      </object_component>
      <object_component id="oc-6bd">
         <name>.text:HOSTlseek</name>
         <load_address>0xc04d800</load_address>
         <run_address>0xc04d800</run_address>
         <size>0xe0</size>
         <input_file_ref idref="fl-61"/>
      </object_component>
      <object_component id="oc-6a5">
         <name>.text:HOSTopen</name>
         <load_address>0xc04d8e0</load_address>
         <run_address>0xc04d8e0</run_address>
         <size>0xe0</size>
         <input_file_ref idref="fl-62"/>
      </object_component>
      <object_component id="oc-6b7">
         <name>.text:HOSTwrite</name>
         <load_address>0xc04d9c0</load_address>
         <run_address>0xc04d9c0</run_address>
         <size>0xe0</size>
         <input_file_ref idref="fl-66"/>
      </object_component>
      <object_component id="oc-55f">
         <name>.text:__TI_ltoa</name>
         <load_address>0xc04daa0</load_address>
         <run_address>0xc04daa0</run_address>
         <size>0xe0</size>
         <input_file_ref idref="fl-51"/>
      </object_component>
      <object_component id="oc-5a4">
         <name>.text:__TI_wrt_ok</name>
         <load_address>0xc04db80</load_address>
         <run_address>0xc04db80</run_address>
         <size>0xe0</size>
         <input_file_ref idref="fl-43"/>
      </object_component>
      <object_component id="oc-282">
         <name>.text:__divi</name>
         <load_address>0xc04dc60</load_address>
         <run_address>0xc04dc60</run_address>
         <size>0xe0</size>
         <input_file_ref idref="fl-46"/>
      </object_component>
      <object_component id="oc-6d5">
         <name>.text:close</name>
         <load_address>0xc04dd40</load_address>
         <run_address>0xc04dd40</run_address>
         <size>0xe0</size>
         <input_file_ref idref="fl-6a"/>
      </object_component>
      <object_component id="oc-57">
         <name>.text:exit</name>
         <load_address>0xc04de20</load_address>
         <run_address>0xc04de20</run_address>
         <size>0xe0</size>
         <input_file_ref idref="fl-2c"/>
      </object_component>
      <object_component id="oc-78">
         <name>.text:memset</name>
         <load_address>0xc04df00</load_address>
         <run_address>0xc04df00</run_address>
         <size>0xe0</size>
         <input_file_ref idref="fl-24"/>
      </object_component>
      <object_component id="oc-190">
         <name>.text:printf</name>
         <load_address>0xc04dfe0</load_address>
         <run_address>0xc04dfe0</run_address>
         <size>0xe0</size>
         <input_file_ref idref="fl-3e"/>
      </object_component>
      <object_component id="oc-6b1">
         <name>.text:HOSTread</name>
         <load_address>0xc04e0c0</load_address>
         <run_address>0xc04e0c0</run_address>
         <size>0xc0</size>
         <input_file_ref idref="fl-63"/>
      </object_component>
      <object_component id="oc-6c3">
         <name>.text:HOSTunlink</name>
         <load_address>0xc04e180</load_address>
         <run_address>0xc04e180</run_address>
         <size>0xc0</size>
         <input_file_ref idref="fl-65"/>
      </object_component>
      <object_component id="oc-a0">
         <name>.text:__TI_auto_init_nobinit_nopinit:__TI_auto_init_nobinit_nopinit</name>
         <load_address>0xc04e240</load_address>
         <run_address>0xc04e240</run_address>
         <size>0xc0</size>
         <input_file_ref idref="fl-25"/>
      </object_component>
      <object_component id="oc-16d">
         <name>.text:__divu</name>
         <load_address>0xc04e300</load_address>
         <run_address>0xc04e300</run_address>
         <size>0xc0</size>
         <input_file_ref idref="fl-47"/>
      </object_component>
      <object_component id="oc-15d">
         <name>.text:minsert</name>
         <load_address>0xc04e3c0</load_address>
         <run_address>0xc04e3c0</run_address>
         <size>0xc0</size>
         <input_file_ref idref="fl-2d"/>
      </object_component>
      <object_component id="oc-157">
         <name>.text:mremove</name>
         <load_address>0xc04e480</load_address>
         <run_address>0xc04e480</run_address>
         <size>0xc0</size>
         <input_file_ref idref="fl-2d"/>
      </object_component>
      <object_component id="oc-130">
         <name>.text:tls:init:__TI_tls_init</name>
         <load_address>0xc04e540</load_address>
         <run_address>0xc04e540</run_address>
         <size>0xc0</size>
         <input_file_ref idref="fl-31"/>
      </object_component>
      <object_component id="oc-6ab">
         <name>.text:HOSTclose</name>
         <load_address>0xc04e600</load_address>
         <run_address>0xc04e600</run_address>
         <size>0xa0</size>
         <input_file_ref idref="fl-60"/>
      </object_component>
      <object_component id="oc-662">
         <name>.text:__TI_cleanup</name>
         <load_address>0xc04e6a0</load_address>
         <run_address>0xc04e6a0</run_address>
         <size>0xa0</size>
         <input_file_ref idref="fl-5c"/>
      </object_component>
      <object_component id="oc-5aa">
         <name>.text:__TI_doflush</name>
         <load_address>0xc04e740</load_address>
         <run_address>0xc04e740</run_address>
         <size>0xa0</size>
         <input_file_ref idref="fl-5b"/>
      </object_component>
      <object_component id="oc-105">
         <name>.text:__remu</name>
         <load_address>0xc04e7e0</load_address>
         <run_address>0xc04e7e0</run_address>
         <size>0xa0</size>
         <input_file_ref idref="fl-22"/>
      </object_component>
      <object_component id="oc-565">
         <name>.text:_ecpy</name>
         <load_address>0xc04e880</load_address>
         <run_address>0xc04e880</run_address>
         <size>0xa0</size>
         <input_file_ref idref="fl-3f"/>
      </object_component>
      <object_component id="oc-722">
         <name>.text:finddevice</name>
         <load_address>0xc04e920</load_address>
         <run_address>0xc04e920</run_address>
         <size>0xa0</size>
         <input_file_ref idref="fl-69"/>
      </object_component>
      <object_component id="oc-2d">
         <name>.text:memcpy</name>
         <load_address>0xc04e9c0</load_address>
         <run_address>0xc04e9c0</run_address>
         <size>0xa0</size>
         <input_file_ref idref="fl-33"/>
      </object_component>
      <object_component id="oc-6ed">
         <name>.text:__TI_readmsg</name>
         <load_address>0xc04ea60</load_address>
         <run_address>0xc04ea60</run_address>
         <size>0x80</size>
         <input_file_ref idref="fl-67"/>
      </object_component>
      <object_component id="oc-5d5">
         <name>.text:__c6xabi_llshl</name>
         <load_address>0xc04eae0</load_address>
         <run_address>0xc04eae0</run_address>
         <size>0x80</size>
         <input_file_ref idref="fl-4a"/>
      </object_component>
      <object_component id="oc-21">
         <name>.text:_c_int00</name>
         <load_address>0xc04eb60</load_address>
         <run_address>0xc04eb60</run_address>
         <size>0x80</size>
         <input_file_ref idref="fl-23"/>
      </object_component>
      <object_component id="oc-172">
         <name>.text:strncpy</name>
         <load_address>0xc04ebe0</load_address>
         <run_address>0xc04ebe0</run_address>
         <size>0x80</size>
         <input_file_ref idref="fl-56"/>
      </object_component>
      <object_component id="oc-1a2">
         <name>.text</name>
         <load_address>0xc04ec60</load_address>
         <run_address>0xc04ec60</run_address>
         <size>0x80</size>
         <input_file_ref idref="fl-3c"/>
      </object_component>
      <object_component id="oc-6db">
         <name>.text:unlink</name>
         <load_address>0xc04ece0</load_address>
         <run_address>0xc04ece0</run_address>
         <size>0x80</size>
         <input_file_ref idref="fl-6c"/>
      </object_component>
      <object_component id="oc-5eb">
         <name>.text:__TI_frcmpyd_div</name>
         <load_address>0xc04ed60</load_address>
         <run_address>0xc04ed60</run_address>
         <size>0x60</size>
         <input_file_ref idref="fl-50"/>
      </object_component>
      <object_component id="oc-6e7">
         <name>.text:__TI_writemsg</name>
         <load_address>0xc04edc0</load_address>
         <run_address>0xc04edc0</run_address>
         <size>0x60</size>
         <input_file_ref idref="fl-67"/>
      </object_component>
      <object_component id="oc-5e1">
         <name>.text:__c6xabi_llshru</name>
         <load_address>0xc04ee20</load_address>
         <run_address>0xc04ee20</run_address>
         <size>0x60</size>
         <input_file_ref idref="fl-4a"/>
      </object_component>
      <object_component id="oc-5db">
         <name>.text:_subcull</name>
         <load_address>0xc04ee80</load_address>
         <run_address>0xc04ee80</run_address>
         <size>0x60</size>
         <input_file_ref idref="fl-49"/>
      </object_component>
      <object_component id="oc-65a">
         <name>.text:lseek</name>
         <load_address>0xc04eee0</load_address>
         <run_address>0xc04eee0</run_address>
         <size>0x60</size>
         <input_file_ref idref="fl-5e"/>
      </object_component>
      <object_component id="oc-446">
         <name>.text:memccpy</name>
         <load_address>0xc04ef40</load_address>
         <run_address>0xc04ef40</run_address>
         <size>0x60</size>
         <input_file_ref idref="fl-55"/>
      </object_component>
      <object_component id="oc-5b0">
         <name>.text:write</name>
         <load_address>0xc04efa0</load_address>
         <run_address>0xc04efa0</run_address>
         <size>0x60</size>
         <input_file_ref idref="fl-57"/>
      </object_component>
      <object_component id="oc-422">
         <name>.text:__c6xabi_isinf</name>
         <load_address>0xc04f000</load_address>
         <run_address>0xc04f000</run_address>
         <size>0x40</size>
         <input_file_ref idref="fl-4c"/>
      </object_component>
      <object_component id="oc-41c">
         <name>.text:__c6xabi_isnan</name>
         <load_address>0xc04f040</load_address>
         <run_address>0xc04f040</run_address>
         <size>0x40</size>
         <input_file_ref idref="fl-3f"/>
      </object_component>
      <object_component id="oc-51">
         <name>.text:_args_main</name>
         <load_address>0xc04f080</load_address>
         <run_address>0xc04f080</run_address>
         <size>0x40</size>
         <input_file_ref idref="fl-2f"/>
      </object_component>
      <object_component id="oc-2b1">
         <name>.text:_outs</name>
         <load_address>0xc04f0c0</load_address>
         <run_address>0xc04f0c0</run_address>
         <size>0x40</size>
         <input_file_ref idref="fl-40"/>
      </object_component>
      <object_component id="oc-f9">
         <name>.text:strlen</name>
         <load_address>0xc04f100</load_address>
         <run_address>0xc04f100</run_address>
         <size>0x40</size>
         <input_file_ref idref="fl-30"/>
      </object_component>
      <object_component id="oc-18a">
         <name>.text:vsprintf</name>
         <load_address>0xc04f140</load_address>
         <run_address>0xc04f140</run_address>
         <size>0x40</size>
         <input_file_ref idref="fl-40"/>
      </object_component>
      <object_component id="oc-44c">
         <name>.text:wcslen</name>
         <load_address>0xc04f180</load_address>
         <run_address>0xc04f180</run_address>
         <size>0x40</size>
         <input_file_ref idref="fl-5a"/>
      </object_component>
      <object_component id="oc-452">
         <name>.text:__c6xabi_errno_addr</name>
         <load_address>0xc04f1c0</load_address>
         <run_address>0xc04f1c0</run_address>
         <size>0x20</size>
         <input_file_ref idref="fl-59"/>
      </object_component>
      <object_component id="oc-458">
         <name>.text:__pop_rts</name>
         <load_address>0xc04f1e0</load_address>
         <run_address>0xc04f1e0</run_address>
         <size>0x20</size>
         <input_file_ref idref="fl-45"/>
      </object_component>
      <object_component id="oc-40b">
         <name>.text:__push_rts</name>
         <load_address>0xc04f200</load_address>
         <run_address>0xc04f200</run_address>
         <size>0x20</size>
         <input_file_ref idref="fl-45"/>
      </object_component>
      <object_component id="oc-271">
         <name>.text:_nop</name>
         <load_address>0xc04f220</load_address>
         <run_address>0xc04f220</run_address>
         <size>0x20</size>
         <input_file_ref idref="fl-2e"/>
      </object_component>
      <object_component id="oc-2c7">
         <name>.text:_outc</name>
         <load_address>0xc04f240</load_address>
         <run_address>0xc04f240</run_address>
         <size>0x20</size>
         <input_file_ref idref="fl-3e"/>
      </object_component>
      <object_component id="oc-2ab">
         <name>.text:_outc</name>
         <load_address>0xc04f260</load_address>
         <run_address>0xc04f260</run_address>
         <size>0x20</size>
         <input_file_ref idref="fl-40"/>
      </object_component>
      <object_component id="oc-2cd">
         <name>.text:_outs</name>
         <load_address>0xc04f280</load_address>
         <run_address>0xc04f280</run_address>
         <size>0x20</size>
         <input_file_ref idref="fl-3e"/>
      </object_component>
      <object_component id="oc-428">
         <name>.text:_signbit</name>
         <load_address>0xc04f2a0</load_address>
         <run_address>0xc04f2a0</run_address>
         <size>0x20</size>
         <input_file_ref idref="fl-4e"/>
      </object_component>
      <object_component id="oc-12a">
         <name>.text:_system_post_cinit</name>
         <load_address>0xc04f2c0</load_address>
         <run_address>0xc04f2c0</run_address>
         <size>0x20</size>
         <input_file_ref idref="fl-27"/>
      </object_component>
      <object_component id="oc-5d">
         <name>.text:_system_pre_init</name>
         <load_address>0xc04f2e0</load_address>
         <run_address>0xc04f2e0</run_address>
         <size>0x20</size>
         <input_file_ref idref="fl-26"/>
      </object_component>
      <object_component id="oc-97">
         <name>.text:abort</name>
         <load_address>0xc04f300</load_address>
         <run_address>0xc04f300</run_address>
         <size>0x20</size>
         <input_file_ref idref="fl-2c"/>
      </object_component>
      <object_component id="oc-14">
         <name>.text:decompress:none:__TI_decompress_none</name>
         <load_address>0xc04f320</load_address>
         <run_address>0xc04f320</run_address>
         <size>0x20</size>
         <input_file_ref idref="fl-2a"/>
      </object_component>
      <object_component id="oc-1a">
         <name>.text:decompress:rle24:__TI_decompress_rle24</name>
         <load_address>0xc04f340</load_address>
         <run_address>0xc04f340</run_address>
         <size>0x20</size>
         <input_file_ref idref="fl-2b"/>
      </object_component>
      <object_component id="oc-1ae">
         <name>.neardata</name>
         <load_address>0xc05aeb0</load_address>
         <run_address>0xc05aeb0</run_address>
         <size>0x8</size>
         <input_file_ref idref="fl-34"/>
      </object_component>
      <object_component id="oc-392">
         <name>.bss</name>
         <uninitialized>true</uninitialized>
         <run_address>0xc05aeb8</run_address>
         <size>0x4</size>
         <input_file_ref idref="fl-3d"/>
      </object_component>
      <object_component id="oc-27">
         <name>.stack</name>
         <uninitialized>true</uninitialized>
         <run_address>0xc04f360</run_address>
         <size>0x8</size>
         <input_file_ref idref="fl-23"/>
      </object_component>
      <object_component id="oc-763">
         <name>.stack</name>
         <uninitialized>true</uninitialized>
         <run_address>0xc04f360</run_address>
         <size>0x0</size>
      </object_component>
      <object_component id="oc-762">
         <name>.cinit.platform_lib.load</name>
         <load_address>0xc05aec0</load_address>
         <run_address>0xc05aec0</run_address>
         <size>0x9f</size>
      </object_component>
      <object_component id="oc-761">
         <name>.cinit..fardata.load</name>
         <load_address>0xc05af5f</load_address>
         <run_address>0xc05af5f</run_address>
         <size>0x6c</size>
      </object_component>
      <object_component id="oc-760">
         <name>.cinit..far.load</name>
         <load_address>0xc05afcb</load_address>
         <run_address>0xc05afcb</run_address>
         <size>0xb</size>
      </object_component>
      <object_component id="oc-75f">
         <name>.cinit..bss.load</name>
         <load_address>0xc05afd6</load_address>
         <run_address>0xc05afd6</run_address>
         <size>0x9</size>
      </object_component>
      <object_component id="oc-75e">
         <name>.cinit..neardata.load</name>
         <load_address>0xc05afdf</load_address>
         <run_address>0xc05afdf</run_address>
         <size>0x9</size>
      </object_component>
      <object_component id="oc-75c">
         <name>__TI_handler_table</name>
         <load_address>0xc05afe8</load_address>
         <run_address>0xc05afe8</run_address>
         <size>0x8</size>
      </object_component>
      <object_component id="oc-75d">
         <name>__TI_cinit_table</name>
         <load_address>0xc05aff0</load_address>
         <run_address>0xc05aff0</run_address>
         <size>0x28</size>
      </object_component>
      <object_component id="oc-70e">
         <name>.cio</name>
         <uninitialized>true</uninitialized>
         <run_address>0xc05ad38</run_address>
         <size>0x120</size>
         <input_file_ref idref="fl-67"/>
      </object_component>
      <object_component id="oc-544">
         <name>.const:.string:_ctypes_</name>
         <load_address>0xc05a9f0</load_address>
         <run_address>0xc05a9f0</run_address>
         <size>0x101</size>
         <input_file_ref idref="fl-53"/>
      </object_component>
      <object_component id="oc-1b4">
         <name>.const:.string</name>
         <load_address>0xc05aaf4</load_address>
         <run_address>0xc05aaf4</run_address>
         <size>0x58</size>
         <input_file_ref idref="fl-34"/>
      </object_component>
      <object_component id="oc-45d">
         <name>.const:.string</name>
         <load_address>0xc05ab4c</load_address>
         <run_address>0xc05ab4c</run_address>
         <size>0x24</size>
         <input_file_ref idref="fl-3f"/>
      </object_component>
      <object_component id="oc-10a">
         <name>.const:.string:$P$T0$1</name>
         <load_address>0xc05ab70</load_address>
         <run_address>0xc05ab70</run_address>
         <size>0x15</size>
         <input_file_ref idref="fl-2"/>
      </object_component>
      <object_component id="oc-2d5">
         <name>.const:.string:$P$T0$1</name>
         <load_address>0xc05ab88</load_address>
         <run_address>0xc05ab88</run_address>
         <size>0xa</size>
         <input_file_ref idref="fl-3b"/>
      </object_component>
      <object_component id="oc-2db">
         <name>.const:.string:$P$T1$2</name>
         <load_address>0xc05ab98</load_address>
         <run_address>0xc05ab98</run_address>
         <size>0xa</size>
         <input_file_ref idref="fl-3b"/>
      </object_component>
      <object_component id="oc-45e">
         <name>.switch:__TI_printfi</name>
         <load_address>0xc05ae58</load_address>
         <run_address>0xc05ae58</run_address>
         <size>0x38</size>
         <input_file_ref idref="fl-3f"/>
      </object_component>
      <object_component id="oc-1b5">
         <name>.switch:platform_internal_memory_test</name>
         <load_address>0xc05ae90</load_address>
         <run_address>0xc05ae90</run_address>
         <size>0x20</size>
         <input_file_ref idref="fl-34"/>
      </object_component>
      <object_component id="oc-2a">
         <name>.sysmem</name>
         <uninitialized>true</uninitialized>
         <run_address>0xc000000</run_address>
         <size>0x8</size>
         <input_file_ref idref="fl-2d"/>
      </object_component>
      <object_component id="oc-764">
         <name>.sysmem</name>
         <uninitialized>true</uninitialized>
         <run_address>0xc000000</run_address>
         <size>0x0</size>
      </object_component>
      <object_component id="oc-2e3">
         <name>.far</name>
         <uninitialized>true</uninitialized>
         <run_address>0xc05ace8</run_address>
         <size>0x44</size>
         <input_file_ref idref="fl-37"/>
      </object_component>
      <object_component id="oc-6e1">
         <name>.common:__TI_tmpnams</name>
         <uninitialized>true</uninitialized>
         <run_address>0xc05aba8</run_address>
         <size>0x140</size>
      </object_component>
      <object_component id="oc-6e4">
         <name>.common:parmbuf</name>
         <uninitialized>true</uninitialized>
         <run_address>0xc05ad30</run_address>
         <size>0x8</size>
      </object_component>
      <object_component id="oc-94">
         <name>.fardata</name>
         <load_address>0xc05a9c8</load_address>
         <run_address>0xc05a9c8</run_address>
         <size>0xc</size>
         <input_file_ref idref="fl-2c"/>
      </object_component>
      <object_component id="oc-151">
         <name>.fardata</name>
         <load_address>0xc05a9d4</load_address>
         <run_address>0xc05a9d4</run_address>
         <size>0x8</size>
         <input_file_ref idref="fl-2d"/>
      </object_component>
      <object_component id="oc-14e">
         <name>.fardata:_lock</name>
         <load_address>0xc05a9dc</load_address>
         <run_address>0xc05a9dc</run_address>
         <size>0x4</size>
         <input_file_ref idref="fl-2e"/>
      </object_component>
      <object_component id="oc-154">
         <name>.fardata:_unlock</name>
         <load_address>0xc05a9e0</load_address>
         <run_address>0xc05a9e0</run_address>
         <size>0x4</size>
         <input_file_ref idref="fl-2e"/>
      </object_component>
      <object_component id="oc-2c4">
         <name>.fardata:_ftable</name>
         <load_address>0xc05a6d0</load_address>
         <run_address>0xc05a6d0</run_address>
         <size>0x1e0</size>
         <input_file_ref idref="fl-54"/>
      </object_component>
      <object_component id="oc-699">
         <name>.fardata</name>
         <load_address>0xc05a9e4</load_address>
         <run_address>0xc05a9e4</run_address>
         <size>0x4</size>
         <input_file_ref idref="fl-54"/>
      </object_component>
      <object_component id="oc-673">
         <name>.fardata:_device</name>
         <load_address>0xc05a950</load_address>
         <run_address>0xc05a950</run_address>
         <size>0x78</size>
         <input_file_ref idref="fl-57"/>
      </object_component>
      <object_component id="oc-627">
         <name>.fardata:_stream</name>
         <load_address>0xc05a8b0</load_address>
         <run_address>0xc05a8b0</run_address>
         <size>0xa0</size>
         <input_file_ref idref="fl-57"/>
      </object_component>
      <object_component id="oc-590">
         <name>.fardata</name>
         <load_address>0xc05a9e8</load_address>
         <run_address>0xc05a9e8</run_address>
         <size>0x4</size>
         <input_file_ref idref="fl-59"/>
      </object_component>
      <object_component id="oc-1b1">
         <name>platform_lib:init</name>
         <load_address>0xc05a5c8</load_address>
         <run_address>0xc05a5c8</run_address>
         <size>0x108</size>
         <input_file_ref idref="fl-34"/>
      </object_component>
      <object_component id="oc-1b6">
         <name>platform_lib:uninit</name>
         <load_address>0xc059360</load_address>
         <run_address>0xc059360</run_address>
         <size>0x1058</size>
         <input_file_ref idref="fl-34"/>
      </object_component>
      <object_component id="oc-2d8">
         <name>platform_lib</name>
         <load_address>0xc05a3b8</load_address>
         <run_address>0xc05a3b8</run_address>
         <size>0x210</size>
         <input_file_ref idref="fl-3b"/>
      </object_component>
      <object_component id="oc-10e">
         <name>.debug_info</name>
         <load_address>0x0</load_address>
         <run_address>0x0</run_address>
         <size>0xca6</size>
         <input_file_ref idref="fl-2"/>
      </object_component>
      <object_component id="oc-10b">
         <name>.debug_info</name>
         <load_address>0xca6</load_address>
         <run_address>0xca6</run_address>
         <size>0xcc</size>
         <input_file_ref idref="fl-2"/>
      </object_component>
      <object_component id="oc-8d">
         <name>.debug_info</name>
         <load_address>0xd72</load_address>
         <run_address>0xd72</run_address>
         <size>0x729</size>
         <input_file_ref idref="fl-2"/>
      </object_component>
      <object_component id="oc-114">
         <name>.debug_info</name>
         <load_address>0x149b</load_address>
         <run_address>0x149b</run_address>
         <size>0x604</size>
         <input_file_ref idref="fl-2"/>
      </object_component>
      <object_component id="oc-33b">
         <name>.debug_info</name>
         <load_address>0x1a9f</load_address>
         <run_address>0x1a9f</run_address>
         <size>0x87</size>
         <input_file_ref idref="fl-2"/>
      </object_component>
      <object_component id="oc-233">
         <name>.debug_info</name>
         <load_address>0x1b26</load_address>
         <run_address>0x1b26</run_address>
         <size>0x686</size>
         <input_file_ref idref="fl-2"/>
      </object_component>
      <object_component id="oc-238">
         <name>.debug_info</name>
         <load_address>0x21ac</load_address>
         <run_address>0x21ac</run_address>
         <size>0x39e</size>
         <input_file_ref idref="fl-2"/>
      </object_component>
      <object_component id="oc-23d">
         <name>.debug_info</name>
         <load_address>0x254a</load_address>
         <run_address>0x254a</run_address>
         <size>0x506</size>
         <input_file_ref idref="fl-2"/>
      </object_component>
      <object_component id="oc-242">
         <name>.debug_info</name>
         <load_address>0x2a50</load_address>
         <run_address>0x2a50</run_address>
         <size>0x18da</size>
         <input_file_ref idref="fl-2"/>
      </object_component>
      <object_component id="oc-247">
         <name>.debug_info</name>
         <load_address>0x432a</load_address>
         <run_address>0x432a</run_address>
         <size>0x26b</size>
         <input_file_ref idref="fl-2"/>
      </object_component>
      <object_component id="oc-1f2">
         <name>.debug_info</name>
         <load_address>0x4595</load_address>
         <run_address>0x4595</run_address>
         <size>0x9a</size>
         <input_file_ref idref="fl-2"/>
      </object_component>
      <object_component id="oc-1f7">
         <name>.debug_info</name>
         <load_address>0x462f</load_address>
         <run_address>0x462f</run_address>
         <size>0x8a</size>
         <input_file_ref idref="fl-2"/>
      </object_component>
      <object_component id="oc-1fc">
         <name>.debug_info</name>
         <load_address>0x46b9</load_address>
         <run_address>0x46b9</run_address>
         <size>0x102</size>
         <input_file_ref idref="fl-2"/>
      </object_component>
      <object_component id="oc-201">
         <name>.debug_info</name>
         <load_address>0x47bb</load_address>
         <run_address>0x47bb</run_address>
         <size>0x9e</size>
         <input_file_ref idref="fl-2"/>
      </object_component>
      <object_component id="oc-206">
         <name>.debug_info</name>
         <load_address>0x4859</load_address>
         <run_address>0x4859</run_address>
         <size>0x4b</size>
         <input_file_ref idref="fl-2"/>
      </object_component>
      <object_component id="oc-20b">
         <name>.debug_info</name>
         <load_address>0x48a4</load_address>
         <run_address>0x48a4</run_address>
         <size>0x106</size>
         <input_file_ref idref="fl-2"/>
      </object_component>
      <object_component id="oc-210">
         <name>.debug_info</name>
         <load_address>0x49aa</load_address>
         <run_address>0x49aa</run_address>
         <size>0xb2</size>
         <input_file_ref idref="fl-2"/>
      </object_component>
      <object_component id="oc-215">
         <name>.debug_info</name>
         <load_address>0x4a5c</load_address>
         <run_address>0x4a5c</run_address>
         <size>0xb3</size>
         <input_file_ref idref="fl-2"/>
      </object_component>
      <object_component id="oc-21a">
         <name>.debug_info</name>
         <load_address>0x4b0f</load_address>
         <run_address>0x4b0f</run_address>
         <size>0xb3</size>
         <input_file_ref idref="fl-2"/>
      </object_component>
      <object_component id="oc-21f">
         <name>.debug_info</name>
         <load_address>0x4bc2</load_address>
         <run_address>0x4bc2</run_address>
         <size>0xfe</size>
         <input_file_ref idref="fl-2"/>
      </object_component>
      <object_component id="oc-224">
         <name>.debug_info</name>
         <load_address>0x4cc0</load_address>
         <run_address>0x4cc0</run_address>
         <size>0x1c1</size>
         <input_file_ref idref="fl-2"/>
      </object_component>
      <object_component id="oc-229">
         <name>.debug_info</name>
         <load_address>0x4e81</load_address>
         <run_address>0x4e81</run_address>
         <size>0xb2</size>
         <input_file_ref idref="fl-2"/>
      </object_component>
      <object_component id="oc-22e">
         <name>.debug_info</name>
         <load_address>0x4f33</load_address>
         <run_address>0x4f33</run_address>
         <size>0x86</size>
         <input_file_ref idref="fl-2"/>
      </object_component>
      <object_component id="oc-73">
         <name>.debug_info</name>
         <load_address>0x4fb9</load_address>
         <run_address>0x4fb9</run_address>
         <size>0xc0</size>
         <input_file_ref idref="fl-2"/>
      </object_component>
      <object_component id="oc-119">
         <name>.debug_info</name>
         <load_address>0x5079</load_address>
         <run_address>0x5079</run_address>
         <size>0xbb</size>
         <input_file_ref idref="fl-2"/>
      </object_component>
      <object_component id="oc-256">
         <name>.debug_info</name>
         <load_address>0x5134</load_address>
         <run_address>0x5134</run_address>
         <size>0x275</size>
         <input_file_ref idref="fl-2"/>
      </object_component>
      <object_component id="oc-10f">
         <name>.debug_info</name>
         <load_address>0x53a9</load_address>
         <run_address>0x53a9</run_address>
         <size>0xbb</size>
         <input_file_ref idref="fl-2"/>
      </object_component>
      <object_component id="oc-251">
         <name>.debug_info</name>
         <load_address>0x5464</load_address>
         <run_address>0x5464</run_address>
         <size>0xcc</size>
         <input_file_ref idref="fl-2"/>
      </object_component>
      <object_component id="oc-2bf">
         <name>.debug_info</name>
         <load_address>0x5530</load_address>
         <run_address>0x5530</run_address>
         <size>0x2c</size>
         <input_file_ref idref="fl-2"/>
      </object_component>
      <object_component id="oc-24c">
         <name>.debug_info</name>
         <load_address>0x555c</load_address>
         <run_address>0x555c</run_address>
         <size>0x35</size>
         <input_file_ref idref="fl-2"/>
      </object_component>
      <object_component id="oc-108">
         <name>.debug_info</name>
         <load_address>0x5591</load_address>
         <run_address>0x5591</run_address>
         <size>0x115</size>
         <input_file_ref idref="fl-22"/>
      </object_component>
      <object_component id="oc-67">
         <name>.debug_info</name>
         <load_address>0x56a6</load_address>
         <run_address>0x56a6</run_address>
         <size>0x5df</size>
         <input_file_ref idref="fl-23"/>
      </object_component>
      <object_component id="oc-28">
         <name>.debug_info</name>
         <load_address>0x5c85</load_address>
         <run_address>0x5c85</run_address>
         <size>0xf6</size>
         <input_file_ref idref="fl-23"/>
      </object_component>
      <object_component id="oc-23">
         <name>.debug_info</name>
         <load_address>0x5d7b</load_address>
         <run_address>0x5d7b</run_address>
         <size>0x183</size>
         <input_file_ref idref="fl-23"/>
      </object_component>
      <object_component id="oc-df">
         <name>.debug_info</name>
         <load_address>0x5efe</load_address>
         <run_address>0x5efe</run_address>
         <size>0x564</size>
         <input_file_ref idref="fl-24"/>
      </object_component>
      <object_component id="oc-79">
         <name>.debug_info</name>
         <load_address>0x6462</load_address>
         <run_address>0x6462</run_address>
         <size>0x227</size>
         <input_file_ref idref="fl-24"/>
      </object_component>
      <object_component id="oc-e0">
         <name>.debug_info</name>
         <load_address>0x6689</load_address>
         <run_address>0x6689</run_address>
         <size>0x2c</size>
         <input_file_ref idref="fl-24"/>
      </object_component>
      <object_component id="oc-137">
         <name>.debug_info</name>
         <load_address>0x66b5</load_address>
         <run_address>0x66b5</run_address>
         <size>0x7c4</size>
         <input_file_ref idref="fl-25"/>
      </object_component>
      <object_component id="oc-a3">
         <name>.debug_info</name>
         <load_address>0x6e79</load_address>
         <run_address>0x6e79</run_address>
         <size>0x1b0</size>
         <input_file_ref idref="fl-25"/>
      </object_component>
      <object_component id="oc-260">
         <name>.debug_info</name>
         <load_address>0x7029</load_address>
         <run_address>0x7029</run_address>
         <size>0x39</size>
         <input_file_ref idref="fl-25"/>
      </object_component>
      <object_component id="oc-26c">
         <name>.debug_info</name>
         <load_address>0x7062</load_address>
         <run_address>0x7062</run_address>
         <size>0x39</size>
         <input_file_ref idref="fl-25"/>
      </object_component>
      <object_component id="oc-142">
         <name>.debug_info</name>
         <load_address>0x709b</load_address>
         <run_address>0x709b</run_address>
         <size>0x39</size>
         <input_file_ref idref="fl-25"/>
      </object_component>
      <object_component id="oc-265">
         <name>.debug_info</name>
         <load_address>0x70d4</load_address>
         <run_address>0x70d4</run_address>
         <size>0xcd</size>
         <input_file_ref idref="fl-25"/>
      </object_component>
      <object_component id="oc-5f">
         <name>.debug_info</name>
         <load_address>0x71a1</load_address>
         <run_address>0x71a1</run_address>
         <size>0x149</size>
         <input_file_ref idref="fl-26"/>
      </object_component>
      <object_component id="oc-12b">
         <name>.debug_info</name>
         <load_address>0x72ea</load_address>
         <run_address>0x72ea</run_address>
         <size>0x146</size>
         <input_file_ref idref="fl-27"/>
      </object_component>
      <object_component id="oc-38">
         <name>.debug_info</name>
         <load_address>0x7430</load_address>
         <run_address>0x7430</run_address>
         <size>0x56d</size>
         <input_file_ref idref="fl-2a"/>
      </object_component>
      <object_component id="oc-15">
         <name>.debug_info</name>
         <load_address>0x799d</load_address>
         <run_address>0x799d</run_address>
         <size>0x1cd</size>
         <input_file_ref idref="fl-2a"/>
      </object_component>
      <object_component id="oc-33">
         <name>.debug_info</name>
         <load_address>0x7b6a</load_address>
         <run_address>0x7b6a</run_address>
         <size>0x46</size>
         <input_file_ref idref="fl-2a"/>
      </object_component>
      <object_component id="oc-6c">
         <name>.debug_info</name>
         <load_address>0x7bb0</load_address>
         <run_address>0x7bb0</run_address>
         <size>0x2c</size>
         <input_file_ref idref="fl-2a"/>
      </object_component>
      <object_component id="oc-7f">
         <name>.debug_info</name>
         <load_address>0x7bdc</load_address>
         <run_address>0x7bdc</run_address>
         <size>0x59e</size>
         <input_file_ref idref="fl-2b"/>
      </object_component>
      <object_component id="oc-3a">
         <name>.debug_info</name>
         <load_address>0x817a</load_address>
         <run_address>0x817a</run_address>
         <size>0x255</size>
         <input_file_ref idref="fl-2b"/>
      </object_component>
      <object_component id="oc-1d">
         <name>.debug_info</name>
         <load_address>0x83cf</load_address>
         <run_address>0x83cf</run_address>
         <size>0x1b2</size>
         <input_file_ref idref="fl-2b"/>
      </object_component>
      <object_component id="oc-40">
         <name>.debug_info</name>
         <load_address>0x8581</load_address>
         <run_address>0x8581</run_address>
         <size>0x46</size>
         <input_file_ref idref="fl-2b"/>
      </object_component>
      <object_component id="oc-e7">
         <name>.debug_info</name>
         <load_address>0x85c7</load_address>
         <run_address>0x85c7</run_address>
         <size>0x39</size>
         <input_file_ref idref="fl-2b"/>
      </object_component>
      <object_component id="oc-80">
         <name>.debug_info</name>
         <load_address>0x8600</load_address>
         <run_address>0x8600</run_address>
         <size>0x2c</size>
         <input_file_ref idref="fl-2b"/>
      </object_component>
      <object_component id="oc-9e">
         <name>.debug_info</name>
         <load_address>0x862c</load_address>
         <run_address>0x862c</run_address>
         <size>0x59c</size>
         <input_file_ref idref="fl-2c"/>
      </object_component>
      <object_component id="oc-95">
         <name>.debug_info</name>
         <load_address>0x8bc8</load_address>
         <run_address>0x8bc8</run_address>
         <size>0x186</size>
         <input_file_ref idref="fl-2c"/>
      </object_component>
      <object_component id="oc-99">
         <name>.debug_info</name>
         <load_address>0x8d4e</load_address>
         <run_address>0x8d4e</run_address>
         <size>0x118</size>
         <input_file_ref idref="fl-2c"/>
      </object_component>
      <object_component id="oc-58">
         <name>.debug_info</name>
         <load_address>0x8e66</load_address>
         <run_address>0x8e66</run_address>
         <size>0x178</size>
         <input_file_ref idref="fl-2c"/>
      </object_component>
      <object_component id="oc-6a">
         <name>.debug_info</name>
         <load_address>0x8fde</load_address>
         <run_address>0x8fde</run_address>
         <size>0x60e</size>
         <input_file_ref idref="fl-2d"/>
      </object_component>
      <object_component id="oc-2b">
         <name>.debug_info</name>
         <load_address>0x95ec</load_address>
         <run_address>0x95ec</run_address>
         <size>0x102</size>
         <input_file_ref idref="fl-2d"/>
      </object_component>
      <object_component id="oc-152">
         <name>.debug_info</name>
         <load_address>0x96ee</load_address>
         <run_address>0x96ee</run_address>
         <size>0x125</size>
         <input_file_ref idref="fl-2d"/>
      </object_component>
      <object_component id="oc-159">
         <name>.debug_info</name>
         <load_address>0x9813</load_address>
         <run_address>0x9813</run_address>
         <size>0x173</size>
         <input_file_ref idref="fl-2d"/>
      </object_component>
      <object_component id="oc-15f">
         <name>.debug_info</name>
         <load_address>0x9986</load_address>
         <run_address>0x9986</run_address>
         <size>0x172</size>
         <input_file_ref idref="fl-2d"/>
      </object_component>
      <object_component id="oc-f0">
         <name>.debug_info</name>
         <load_address>0x9af8</load_address>
         <run_address>0x9af8</run_address>
         <size>0x1dd</size>
         <input_file_ref idref="fl-2d"/>
      </object_component>
      <object_component id="oc-f6">
         <name>.debug_info</name>
         <load_address>0x9cd5</load_address>
         <run_address>0x9cd5</run_address>
         <size>0x28b</size>
         <input_file_ref idref="fl-2d"/>
      </object_component>
      <object_component id="oc-d4">
         <name>.debug_info</name>
         <load_address>0x9f60</load_address>
         <run_address>0x9f60</run_address>
         <size>0x2c</size>
         <input_file_ref idref="fl-2d"/>
      </object_component>
      <object_component id="oc-d9">
         <name>.debug_info</name>
         <load_address>0x9f8c</load_address>
         <run_address>0x9f8c</run_address>
         <size>0x62</size>
         <input_file_ref idref="fl-2d"/>
      </object_component>
      <object_component id="oc-279">
         <name>.debug_info</name>
         <load_address>0x9fee</load_address>
         <run_address>0x9fee</run_address>
         <size>0x555</size>
         <input_file_ref idref="fl-2e"/>
      </object_component>
      <object_component id="oc-14f">
         <name>.debug_info</name>
         <load_address>0xa543</load_address>
         <run_address>0xa543</run_address>
         <size>0xf5</size>
         <input_file_ref idref="fl-2e"/>
      </object_component>
      <object_component id="oc-155">
         <name>.debug_info</name>
         <load_address>0xa638</load_address>
         <run_address>0xa638</run_address>
         <size>0xf9</size>
         <input_file_ref idref="fl-2e"/>
      </object_component>
      <object_component id="oc-273">
         <name>.debug_info</name>
         <load_address>0xa731</load_address>
         <run_address>0xa731</run_address>
         <size>0x124</size>
         <input_file_ref idref="fl-2e"/>
      </object_component>
      <object_component id="oc-93">
         <name>.debug_info</name>
         <load_address>0xa855</load_address>
         <run_address>0xa855</run_address>
         <size>0x5a9</size>
         <input_file_ref idref="fl-2f"/>
      </object_component>
      <object_component id="oc-53">
         <name>.debug_info</name>
         <load_address>0xadfe</load_address>
         <run_address>0xadfe</run_address>
         <size>0x168</size>
         <input_file_ref idref="fl-2f"/>
      </object_component>
      <object_component id="oc-120">
         <name>.debug_info</name>
         <load_address>0xaf66</load_address>
         <run_address>0xaf66</run_address>
         <size>0x5e</size>
         <input_file_ref idref="fl-2f"/>
      </object_component>
      <object_component id="oc-166">
         <name>.debug_info</name>
         <load_address>0xafc4</load_address>
         <run_address>0xafc4</run_address>
         <size>0x559</size>
         <input_file_ref idref="fl-30"/>
      </object_component>
      <object_component id="oc-fd">
         <name>.debug_info</name>
         <load_address>0xb51d</load_address>
         <run_address>0xb51d</run_address>
         <size>0x23b</size>
         <input_file_ref idref="fl-30"/>
      </object_component>
      <object_component id="oc-25d">
         <name>.debug_info</name>
         <load_address>0xb758</load_address>
         <run_address>0xb758</run_address>
         <size>0x6fa</size>
         <input_file_ref idref="fl-31"/>
      </object_component>
      <object_component id="oc-131">
         <name>.debug_info</name>
         <load_address>0xbe52</load_address>
         <run_address>0xbe52</run_address>
         <size>0x210</size>
         <input_file_ref idref="fl-31"/>
      </object_component>
      <object_component id="oc-342">
         <name>.debug_info</name>
         <load_address>0xc062</load_address>
         <run_address>0xc062</run_address>
         <size>0x2c</size>
         <input_file_ref idref="fl-31"/>
      </object_component>
      <object_component id="oc-347">
         <name>.debug_info</name>
         <load_address>0xc08e</load_address>
         <run_address>0xc08e</run_address>
         <size>0x39</size>
         <input_file_ref idref="fl-31"/>
      </object_component>
      <object_component id="oc-2e">
         <name>.debug_info</name>
         <load_address>0xc0c7</load_address>
         <run_address>0xc0c7</run_address>
         <size>0x122</size>
         <input_file_ref idref="fl-33"/>
      </object_component>
      <object_component id="oc-1d3">
         <name>.debug_info</name>
         <load_address>0xc1e9</load_address>
         <run_address>0xc1e9</run_address>
         <size>0xbd8</size>
         <input_file_ref idref="fl-34"/>
      </object_component>
      <object_component id="oc-1af">
         <name>.debug_info</name>
         <load_address>0xcdc1</load_address>
         <run_address>0xcdc1</run_address>
         <size>0x143</size>
         <input_file_ref idref="fl-34"/>
      </object_component>
      <object_component id="oc-1b2">
         <name>.debug_info</name>
         <load_address>0xcf04</load_address>
         <run_address>0xcf04</run_address>
         <size>0x20e</size>
         <input_file_ref idref="fl-34"/>
      </object_component>
      <object_component id="oc-1b7">
         <name>.debug_info</name>
         <load_address>0xd112</load_address>
         <run_address>0xd112</run_address>
         <size>0x152</size>
         <input_file_ref idref="fl-34"/>
      </object_component>
      <object_component id="oc-100">
         <name>.debug_info</name>
         <load_address>0xd264</load_address>
         <run_address>0xd264</run_address>
         <size>0x4683</size>
         <input_file_ref idref="fl-34"/>
      </object_component>
      <object_component id="oc-1d4">
         <name>.debug_info</name>
         <load_address>0x118e7</load_address>
         <run_address>0x118e7</run_address>
         <size>0x604</size>
         <input_file_ref idref="fl-34"/>
      </object_component>
      <object_component id="oc-2a4">
         <name>.debug_info</name>
         <load_address>0x11eeb</load_address>
         <run_address>0x11eeb</run_address>
         <size>0x19b</size>
         <input_file_ref idref="fl-34"/>
      </object_component>
      <object_component id="oc-1de">
         <name>.debug_info</name>
         <load_address>0x12086</load_address>
         <run_address>0x12086</run_address>
         <size>0xe7</size>
         <input_file_ref idref="fl-34"/>
      </object_component>
      <object_component id="oc-1bf">
         <name>.debug_info</name>
         <load_address>0x1216d</load_address>
         <run_address>0x1216d</run_address>
         <size>0x11a</size>
         <input_file_ref idref="fl-34"/>
      </object_component>
      <object_component id="oc-2e7">
         <name>.debug_info</name>
         <load_address>0x12287</load_address>
         <run_address>0x12287</run_address>
         <size>0x76</size>
         <input_file_ref idref="fl-34"/>
      </object_component>
      <object_component id="oc-289">
         <name>.debug_info</name>
         <load_address>0x122fd</load_address>
         <run_address>0x122fd</run_address>
         <size>0x2a6</size>
         <input_file_ref idref="fl-34"/>
      </object_component>
      <object_component id="oc-1d9">
         <name>.debug_info</name>
         <load_address>0x125a3</load_address>
         <run_address>0x125a3</run_address>
         <size>0x140</size>
         <input_file_ref idref="fl-34"/>
      </object_component>
      <object_component id="oc-2fa">
         <name>.debug_info</name>
         <load_address>0x126e3</load_address>
         <run_address>0x126e3</run_address>
         <size>0x17a</size>
         <input_file_ref idref="fl-34"/>
      </object_component>
      <object_component id="oc-2ff">
         <name>.debug_info</name>
         <load_address>0x1285d</load_address>
         <run_address>0x1285d</run_address>
         <size>0x17b</size>
         <input_file_ref idref="fl-34"/>
      </object_component>
      <object_component id="oc-336">
         <name>.debug_info</name>
         <load_address>0x129d8</load_address>
         <run_address>0x129d8</run_address>
         <size>0xc8</size>
         <input_file_ref idref="fl-34"/>
      </object_component>
      <object_component id="oc-304">
         <name>.debug_info</name>
         <load_address>0x12aa0</load_address>
         <run_address>0x12aa0</run_address>
         <size>0x598</size>
         <input_file_ref idref="fl-34"/>
      </object_component>
      <object_component id="oc-309">
         <name>.debug_info</name>
         <load_address>0x13038</load_address>
         <run_address>0x13038</run_address>
         <size>0x16f</size>
         <input_file_ref idref="fl-34"/>
      </object_component>
      <object_component id="oc-30e">
         <name>.debug_info</name>
         <load_address>0x131a7</load_address>
         <run_address>0x131a7</run_address>
         <size>0x6bd</size>
         <input_file_ref idref="fl-34"/>
      </object_component>
      <object_component id="oc-313">
         <name>.debug_info</name>
         <load_address>0x13864</load_address>
         <run_address>0x13864</run_address>
         <size>0x13d</size>
         <input_file_ref idref="fl-34"/>
      </object_component>
      <object_component id="oc-318">
         <name>.debug_info</name>
         <load_address>0x139a1</load_address>
         <run_address>0x139a1</run_address>
         <size>0x17b</size>
         <input_file_ref idref="fl-34"/>
      </object_component>
      <object_component id="oc-31d">
         <name>.debug_info</name>
         <load_address>0x13b1c</load_address>
         <run_address>0x13b1c</run_address>
         <size>0x15b</size>
         <input_file_ref idref="fl-34"/>
      </object_component>
      <object_component id="oc-322">
         <name>.debug_info</name>
         <load_address>0x13c77</load_address>
         <run_address>0x13c77</run_address>
         <size>0x179</size>
         <input_file_ref idref="fl-34"/>
      </object_component>
      <object_component id="oc-1e8">
         <name>.debug_info</name>
         <load_address>0x13df0</load_address>
         <run_address>0x13df0</run_address>
         <size>0x1e4</size>
         <input_file_ref idref="fl-34"/>
      </object_component>
      <object_component id="oc-327">
         <name>.debug_info</name>
         <load_address>0x13fd4</load_address>
         <run_address>0x13fd4</run_address>
         <size>0x1d3</size>
         <input_file_ref idref="fl-34"/>
      </object_component>
      <object_component id="oc-32c">
         <name>.debug_info</name>
         <load_address>0x141a7</load_address>
         <run_address>0x141a7</run_address>
         <size>0x250</size>
         <input_file_ref idref="fl-34"/>
      </object_component>
      <object_component id="oc-331">
         <name>.debug_info</name>
         <load_address>0x143f7</load_address>
         <run_address>0x143f7</run_address>
         <size>0x1da</size>
         <input_file_ref idref="fl-34"/>
      </object_component>
      <object_component id="oc-1c4">
         <name>.debug_info</name>
         <load_address>0x145d1</load_address>
         <run_address>0x145d1</run_address>
         <size>0xda</size>
         <input_file_ref idref="fl-34"/>
      </object_component>
      <object_component id="oc-29d">
         <name>.debug_info</name>
         <load_address>0x146ab</load_address>
         <run_address>0x146ab</run_address>
         <size>0x8b</size>
         <input_file_ref idref="fl-34"/>
      </object_component>
      <object_component id="oc-1ce">
         <name>.debug_info</name>
         <load_address>0x14736</load_address>
         <run_address>0x14736</run_address>
[...]
      </symbol>
      <symbol id="sm-58e">
         <name>UartReadData</name>
         <value>0xc04b560</value>
         <object_component_ref idref="oc-184"/>
      </symbol>
      <symbol id="sm-58f">
         <name>UartIsDataReady</name>
         <value>0xc04b5ec</value>
         <object_component_ref idref="oc-184"/>
      </symbol>
      <symbol id="sm-590">
         <name>UartInit</name>
         <value>0xc04b320</value>
         <object_component_ref idref="oc-184"/>
      </symbol>
      <symbol id="sm-62c">
         <name>nor_erase</name>
         <value>0xc04a534</value>
         <object_component_ref idref="oc-19c"/>
      </symbol>
      <symbol id="sm-62d">
         <name>nor_read</name>
         <value>0xc04a2c4</value>
         <object_component_ref idref="oc-19c"/>
      </symbol>
      <symbol id="sm-62e">
         <name>nor_write</name>
         <value>0xc04a354</value>
         <object_component_ref idref="oc-19c"/>
      </symbol>
      <symbol id="sm-62f">
         <name>nor_get_details</name>
         <value>0xc04a1c0</value>
         <object_component_ref idref="oc-19c"/>
      </symbol>
      <symbol id="sm-630">
         <name>nor_init</name>
         <value>0xc04a24c</value>
         <object_component_ref idref="oc-19c"/>
      </symbol>
      <symbol id="sm-779">
         <name>i2cEepromWriteBlock</name>
         <value>0xc047cc4</value>
         <object_component_ref idref="oc-1a8"/>
      </symbol>
      <symbol id="sm-77a">
         <name>i2cEepromWriteByteAddr</name>
         <value>0xc0482b0</value>
         <object_component_ref idref="oc-1a8"/>
      </symbol>
      <symbol id="sm-77b">
         <name>gI2cBlock</name>
         <value>0xc05ace8</value>
         <object_component_ref idref="oc-2e3"/>
      </symbol>
      <symbol id="sm-77c">
         <name>i2cEepromRead</name>
         <value>0xc047f8c</value>
         <object_component_ref idref="oc-1a8"/>
      </symbol>
      <symbol id="sm-77d">
         <name>i2cEepromWrite</name>
         <value>0xc048190</value>
         <object_component_ref idref="oc-1a8"/>
      </symbol>
      <symbol id="sm-77e">
         <name>i2cEepromMacWrite</name>
         <value>0xc048408</value>
         <object_component_ref idref="oc-1a8"/>
      </symbol>
      <symbol id="sm-77f">
         <name>i2cEepromMacRead</name>
         <value>0xc0486a0</value>
         <object_component_ref idref="oc-1a8"/>
      </symbol>
      <symbol id="sm-7c2">
         <name>fpgaEnableEepromWriteProtect</name>
         <value>0xc04a910</value>
         <object_component_ref idref="oc-178"/>
      </symbol>
      <symbol id="sm-7c3">
         <name>getFpgaDevID</name>
         <value>0xc04a6ac</value>
         <object_component_ref idref="oc-178"/>
      </symbol>
      <symbol id="sm-7c4">
         <name>fpgaDisableEepromWriteProtect</name>
         <value>0xc04a8cc</value>
         <object_component_ref idref="oc-178"/>
      </symbol>
      <symbol id="sm-7c5">
         <name>fpgaDisableNorWriteProtect</name>
         <value>0xc04a844</value>
         <object_component_ref idref="oc-178"/>
      </symbol>
      <symbol id="sm-7c6">
         <name>fpgaWriteConfigurationRegister</name>
         <value>0xc04a9e4</value>
         <object_component_ref idref="oc-178"/>
      </symbol>
      <symbol id="sm-7c7">
         <name>fpgaGetUserSwitch</name>
         <value>0xc04a954</value>
         <object_component_ref idref="oc-178"/>
      </symbol>
      <symbol id="sm-7c8">
         <name>fpgaReadConfigurationRegister</name>
         <value>0xc04aa90</value>
         <object_component_ref idref="oc-178"/>
      </symbol>
      <symbol id="sm-7c9">
         <name>fpgaDisableNandWriteProtect</name>
         <value>0xc04a7b8</value>
         <object_component_ref idref="oc-178"/>
      </symbol>
      <symbol id="sm-7ca">
         <name>fpgaEnableNandWriteProtect</name>
         <value>0xc04a800</value>
         <object_component_ref idref="oc-178"/>
      </symbol>
      <symbol id="sm-7cb">
         <name>getBoardVersion</name>
         <value>0xc04a660</value>
         <object_component_ref idref="oc-178"/>
      </symbol>
      <symbol id="sm-7cc">
         <name>fpgaGetAMCDetect</name>
         <value>0xc04a9a0</value>
         <object_component_ref idref="oc-178"/>
      </symbol>
      <symbol id="sm-7cd">
         <name>fpgaControlUserLEDs</name>
         <value>0xc04a6f8</value>
         <object_component_ref idref="oc-178"/>
      </symbol>
      <symbol id="sm-7ce">
         <name>fpgaEnableNorWriteProtect</name>
         <value>0xc04a888</value>
         <object_component_ref idref="oc-178"/>
      </symbol>
      <symbol id="sm-851">
         <name>Init_SGMII</name>
         <value>0xc04a058</value>
         <object_component_ref idref="oc-17e"/>
      </symbol>
      <symbol id="sm-852">
         <name>configSerdes</name>
         <value>0xc049fe0</value>
         <object_component_ref idref="oc-17e"/>
      </symbol>
      <symbol id="sm-937">
         <name>PowerUpDomains</name>
         <value>0xc0464d4</value>
         <object_component_ref idref="oc-167"/>
      </symbol>
      <symbol id="sm-938">
         <name>CorePllcGetHwSetup</name>
         <value>0xc0461f4</value>
         <object_component_ref idref="oc-167"/>
      </symbol>
      <symbol id="sm-939">
         <name>SetPaPllConfig</name>
         <value>0xc0462e0</value>
         <object_component_ref idref="oc-167"/>
      </symbol>
      <symbol id="sm-93a">
         <name>SetDDR3PllConfig</name>
         <value>0xc046570</value>
         <object_component_ref idref="oc-167"/>
      </symbol>
      <symbol id="sm-93b">
         <name>DDR3Init</name>
         <value>0xc046734</value>
         <object_component_ref idref="oc-167"/>
      </symbol>
      <symbol id="sm-93c">
         <name>xmc_setup</name>
         <value>0xc0466e0</value>
         <object_component_ref idref="oc-167"/>
      </symbol>
      <symbol id="sm-93d">
         <name>CorePllcHwSetup</name>
         <value>0xc045f98</value>
         <object_component_ref idref="oc-167"/>
      </symbol>
      <symbol id="sm-93e">
         <name>prog_pll1_values</name>
         <value>0xc045e34</value>
         <object_component_ref idref="oc-167"/>
      </symbol>
      <symbol id="sm-a8f">
         <name>NandWriteDataBytes</name>
         <value>0xc04756c</value>
         <object_component_ref idref="oc-196"/>
      </symbol>
      <symbol id="sm-a90">
         <name>NandGetDetails</name>
         <value>0xc047b58</value>
         <object_component_ref idref="oc-196"/>
      </symbol>
      <symbol id="sm-a91">
         <name>writeNandPage</name>
         <value>0xc0475d0</value>
         <object_component_ref idref="oc-196"/>
      </symbol>
      <symbol id="sm-a92">
         <name>nandInit</name>
         <value>0xc047c60</value>
         <object_component_ref idref="oc-196"/>
      </symbol>
      <symbol id="sm-a93">
         <name>NandReadSpareArea</name>
         <value>0xc04724c</value>
         <object_component_ref idref="oc-196"/>
      </symbol>
      <symbol id="sm-a94">
         <name>readNandPage</name>
         <value>0xc047338</value>
         <object_component_ref idref="oc-196"/>
      </symbol>
      <symbol id="sm-a95">
         <name>nandFlashBlockErase</name>
         <value>0xc0478f8</value>
         <object_component_ref idref="oc-196"/>
      </symbol>
      <symbol id="sm-a96">
         <name>NandWriteSpareArea</name>
         <value>0xc0477d0</value>
         <object_component_ref idref="oc-196"/>
      </symbol>
      <symbol id="sm-aa1">
         <name>evmI2CInit</name>
         <value>0xc04ec60</value>
         <object_component_ref idref="oc-1a2"/>
      </symbol>
      <symbol id="sm-b1d">
         <name>spi_read_word</name>
         <value>0xc049a88</value>
         <object_component_ref idref="oc-296"/>
      </symbol>
      <symbol id="sm-b1e">
         <name>spi_cmd_read</name>
         <value>0xc0499c8</value>
         <object_component_ref idref="oc-296"/>
      </symbol>
      <symbol id="sm-b1f">
         <name>spi_xfer</name>
         <value>0xc049830</value>
         <object_component_ref idref="oc-296"/>
      </symbol>
      <symbol id="sm-b20">
         <name>spi_cmd_write</name>
         <value>0xc049a28</value>
         <object_component_ref idref="oc-296"/>
      </symbol>
      <symbol id="sm-b21">
         <name>spi_release</name>
         <value>0xc049818</value>
         <object_component_ref idref="oc-296"/>
      </symbol>
      <symbol id="sm-b22">
         <name>spi_write_word</name>
         <value>0xc049b40</value>
         <object_component_ref idref="oc-296"/>
      </symbol>
      <symbol id="sm-b23">
         <name>spi_cmd</name>
         <value>0xc049964</value>
         <object_component_ref idref="oc-296"/>
      </symbol>
      <symbol id="sm-b24">
         <name>spi_claim</name>
         <value>0xc049670</value>
         <object_component_ref idref="oc-296"/>
      </symbol>
      <symbol id="sm-b4c">
         <name>printf</name>
         <value>0xc04dfe0</value>
         <object_component_ref idref="oc-190"/>
      </symbol>
      <symbol id="sm-d64">
         <name>__TI_printfi</name>
         <value>0xc041000</value>
         <object_component_ref idref="oc-2b7"/>
      </symbol>
      <symbol id="sm-d82">
         <name>vsprintf</name>
         <value>0xc04f140</value>
         <object_component_ref idref="oc-18a"/>
      </symbol>
      <symbol id="sm-da1">
         <name>putc</name>
         <value>0xc04c680</value>
         <object_component_ref idref="oc-476"/>
      </symbol>
      <symbol id="sm-da2">
         <name>fputc</name>
         <value>0xc04c680</value>
         <object_component_ref idref="oc-476"/>
      </symbol>
      <symbol id="sm-dd1">
         <name>fputs</name>
         <value>0xc04b640</value>
         <object_component_ref idref="oc-47d"/>
      </symbol>
      <symbol id="sm-de7">
         <name>__TI_wrt_ok</name>
         <value>0xc04db80</value>
         <object_component_ref idref="oc-5a4"/>
      </symbol>
      <symbol id="sm-e03">
         <name>setvbuf</name>
         <value>0xc04cbc0</value>
         <object_component_ref idref="oc-61d"/>
      </symbol>
      <symbol id="sm-e11">
         <name>__c6xabi_push_rts</name>
         <value>0xc04f200</value>
         <object_component_ref idref="oc-40b"/>
      </symbol>
      <symbol id="sm-e12">
         <name>__pop_rts</name>
         <value>0xc04f1e0</value>
         <object_component_ref idref="oc-458"/>
      </symbol>
      <symbol id="sm-e13">
         <name>__c6xabi_pop_rts</name>
         <value>0xc04f1e0</value>
         <object_component_ref idref="oc-458"/>
      </symbol>
      <symbol id="sm-e14">
         <name>__push_rts</name>
         <value>0xc04f200</value>
         <object_component_ref idref="oc-40b"/>
      </symbol>
      <symbol id="sm-e1d">
         <name>__c6xabi_divi</name>
         <value>0xc04dc60</value>
         <object_component_ref idref="oc-282"/>
      </symbol>
      <symbol id="sm-e1e">
         <name>__divi</name>
         <value>0xc04dc60</value>
         <object_component_ref idref="oc-282"/>
      </symbol>
      <symbol id="sm-e27">
         <name>__c6xabi_divu</name>
         <value>0xc04e300</value>
         <object_component_ref idref="oc-16d"/>
      </symbol>
      <symbol id="sm-e28">
         <name>__divu</name>
         <value>0xc04e300</value>
         <object_component_ref idref="oc-16d"/>
      </symbol>
      <symbol id="sm-e39">
         <name>__c6xabi_divul</name>
         <value>0xc04c300</value>
         <object_component_ref idref="oc-54f"/>
      </symbol>
      <symbol id="sm-e56">
         <name>_subcull</name>
         <value>0xc04ee80</value>
         <object_component_ref idref="oc-5db"/>
      </symbol>
      <symbol id="sm-e57">
         <name>__c6xabi_divull</name>
         <value>0xc04bea0</value>
         <object_component_ref idref="oc-549"/>
      </symbol>
      <symbol id="sm-e76">
         <name>__c6xabi_llshru</name>
         <value>0xc04ee20</value>
         <object_component_ref idref="oc-5e1"/>
      </symbol>
      <symbol id="sm-e77">
         <name>__c6xabi_llshl</name>
         <value>0xc04eae0</value>
         <object_component_ref idref="oc-5d5"/>
      </symbol>
      <symbol id="sm-e8b">
         <name>frexpl</name>
         <value>0xc04cf20</value>
         <object_component_ref idref="oc-57a"/>
      </symbol>
      <symbol id="sm-e8c">
         <name>frexp</name>
         <value>0xc04cf20</value>
         <object_component_ref idref="oc-57a"/>
      </symbol>
      <symbol id="sm-ea9">
         <name>__c6xabi_isinf</name>
         <value>0xc04f000</value>
         <object_component_ref idref="oc-422"/>
      </symbol>
      <symbol id="sm-ebd">
         <name>scalbn</name>
         <value>0xc04c840</value>
         <object_component_ref idref="oc-580"/>
      </symbol>
      <symbol id="sm-ebe">
         <name>scalbnl</name>
         <value>0xc04c840</value>
         <object_component_ref idref="oc-580"/>
      </symbol>
      <symbol id="sm-ebf">
         <name>ldexpl</name>
         <value>0xc04c840</value>
         <object_component_ref idref="oc-580"/>
      </symbol>
      <symbol id="sm-ec0">
         <name>ldexp</name>
         <value>0xc04c840</value>
         <object_component_ref idref="oc-580"/>
      </symbol>
      <symbol id="sm-ec9">
         <name>_signbit</name>
         <value>0xc04f2a0</value>
         <object_component_ref idref="oc-428"/>
      </symbol>
      <symbol id="sm-ee8">
         <name>__c6xabi_divd</name>
         <value>0xc049040</value>
         <object_component_ref idref="oc-559"/>
      </symbol>
      <symbol id="sm-efb">
         <name>__TI_frcmpyd_div</name>
         <value>0xc04ed60</value>
         <object_component_ref idref="oc-5eb"/>
      </symbol>
      <symbol id="sm-f0b">
         <name>__TI_ltoa</name>
         <value>0xc04daa0</value>
         <object_component_ref idref="oc-55f"/>
      </symbol>
      <symbol id="sm-f1f">
         <name>atoi</name>
         <value>0xc04d600</value>
         <object_component_ref idref="oc-410"/>
      </symbol>
      <symbol id="sm-f29">
         <name>_ctypes_</name>
         <value>0xc05a9f0</value>
         <object_component_ref idref="oc-544"/>
      </symbol>
      <symbol id="sm-f39">
         <name>__TI_tmpnams</name>
         <value>0xc05aba8</value>
      </symbol>
      <symbol id="sm-f3a">
         <name>_ftable</name>
         <value>0xc05a6d0</value>
         <object_component_ref idref="oc-2c4"/>
      </symbol>
      <symbol id="sm-f3b">
         <name>__TI_ft_end</name>
         <value>0xc05a9e4</value>
         <object_component_ref idref="oc-699"/>
      </symbol>
      <symbol id="sm-f4c">
         <name>memccpy</name>
         <value>0xc04ef40</value>
         <object_component_ref idref="oc-446"/>
      </symbol>
      <symbol id="sm-f5f">
         <name>strncpy</name>
         <value>0xc04ebe0</value>
         <object_component_ref idref="oc-172"/>
      </symbol>
      <symbol id="sm-f82">
         <name>_stream</name>
         <value>0xc05a8b0</value>
         <object_component_ref idref="oc-627"/>
      </symbol>
      <symbol id="sm-f83">
         <name>_device</name>
         <value>0xc05a950</value>
         <object_component_ref idref="oc-673"/>
      </symbol>
      <symbol id="sm-f84">
         <name>write</name>
         <value>0xc04efa0</value>
         <object_component_ref idref="oc-5b0"/>
      </symbol>
      <symbol id="sm-f96">
         <name>__errno</name>
         <value>0xc05a9e8</value>
         <object_component_ref idref="oc-590"/>
      </symbol>
      <symbol id="sm-f97">
         <name>errno</name>
         <value>0xc05a9e8</value>
         <object_component_ref idref="oc-590"/>
      </symbol>
      <symbol id="sm-f98">
         <name>__c6xabi_errno_addr</name>
         <value>0xc04f1c0</value>
         <object_component_ref idref="oc-452"/>
      </symbol>
      <symbol id="sm-fb2">
         <name>wcslen</name>
         <value>0xc04f180</value>
         <object_component_ref idref="oc-44c"/>
      </symbol>
      <symbol id="sm-fc1">
         <name>__TI_doflush</name>
         <value>0xc04e740</value>
         <object_component_ref idref="oc-5aa"/>
      </symbol>
      <symbol id="sm-fcf">
         <name>__TI_cleanup</name>
         <value>0xc04e6a0</value>
         <object_component_ref idref="oc-662"/>
      </symbol>
      <symbol id="sm-fe7">
         <name>fseek</name>
         <value>0xc04d700</value>
         <object_component_ref idref="oc-617"/>
      </symbol>
      <symbol id="sm-ff6">
         <name>lseek</name>
         <value>0xc04eee0</value>
         <object_component_ref idref="oc-65a"/>
      </symbol>
      <symbol id="sm-1007">
         <name>HOSTclose</name>
         <value>0xc04e600</value>
         <object_component_ref idref="oc-6ab"/>
      </symbol>
      <symbol id="sm-1017">
         <name>HOSTlseek</name>
         <value>0xc04d800</value>
         <object_component_ref idref="oc-6bd"/>
      </symbol>
      <symbol id="sm-102b">
         <name>parmbuf</name>
         <value>0xc05ad30</value>
      </symbol>
      <symbol id="sm-102c">
         <name>HOSTopen</name>
         <value>0xc04d8e0</value>
         <object_component_ref idref="oc-6a5"/>
      </symbol>
      <symbol id="sm-103c">
         <name>HOSTread</name>
         <value>0xc04e0c0</value>
         <object_component_ref idref="oc-6b1"/>
      </symbol>
      <symbol id="sm-105a">
         <name>HOSTrename</name>
         <value>0xc04cd80</value>
         <object_component_ref idref="oc-6c9"/>
      </symbol>
      <symbol id="sm-106d">
         <name>HOSTunlink</name>
         <value>0xc04e180</value>
         <object_component_ref idref="oc-6c3"/>
      </symbol>
      <symbol id="sm-107d">
         <name>HOSTwrite</name>
         <value>0xc04d9c0</value>
         <object_component_ref idref="oc-6b7"/>
      </symbol>
      <symbol id="sm-10a3">
         <name>__TI_readmsg</name>
         <value>0xc04ea60</value>
         <object_component_ref idref="oc-6ed"/>
      </symbol>
      <symbol id="sm-10a4">
         <name>C$$IO$$</name>
         <value>0xc04ee18</value>
         <object_component_ref idref="oc-6e7"/>
      </symbol>
      <symbol id="sm-10a5">
         <name>__CIOBUF_</name>
         <value>0xc05ad38</value>
         <object_component_ref idref="oc-70e"/>
      </symbol>
      <symbol id="sm-10a6">
         <name>__TI_writemsg</name>
         <value>0xc04edc0</value>
         <object_component_ref idref="oc-6e7"/>
      </symbol>
      <symbol id="sm-10bf">
         <name>__TI_closefile</name>
         <value>0xc04d300</value>
         <object_component_ref idref="oc-69c"/>
      </symbol>
      <symbol id="sm-10e9">
         <name>finddevice</name>
         <value>0xc04e920</value>
         <object_component_ref idref="oc-722"/>
      </symbol>
      <symbol id="sm-10ea">
         <name>getdevice</name>
         <value>0xc04d1e0</value>
         <object_component_ref idref="oc-702"/>
      </symbol>
      <symbol id="sm-10fc">
         <name>close</name>
         <value>0xc04dd40</value>
         <object_component_ref idref="oc-6d5"/>
      </symbol>
      <symbol id="sm-110d">
         <name>unlink</name>
         <value>0xc04ece0</value>
         <object_component_ref idref="oc-6db"/>
      </symbol>
      <symbol id="sm-110e">
         <name>__TI_STATIC_BASE</name>
         <value>0xc05aeb0</value>
      </symbol>
      <symbol id="sm-1110">
         <name>__TI_TLS_INIT_Base</name>
         <value>0x0</value>
      </symbol>
      <symbol id="sm-1111">
         <name>__TI_TLS_INIT_Limit</name>
         <value>0x0</value>
      </symbol>
      <symbol id="sm-1112">
         <name>remove</name>
         <value>0xc04ece0</value>
      </symbol>
   </symbol_table>
   <title>Link successful</title>
</link_info>
