******************************************************************************
               TMS320C6x Linker PC v8.3.12                     
******************************************************************************
>> Linked Wed Apr 20 16:20:30 2022

OUTPUT FILE NAME:   <led_play.out>
ENTRY POINT SYMBOL: "_c_int00"  address: 0c04eb60


MEMORY CONFIGURATION

         name            origin    length      used     unused   attr    fill
----------------------  --------  ---------  --------  --------  ----  --------
  L2SRAM                00800000   00080000  00000000  00080000  RW X
  L1PSRAM               00e00000   00007fff  00000000  00007fff  RW X
  L1DSRAM               00f00000   00007fff  00000000  00007fff  RW X
  MSMCSRAM              0c000000   00200000  0005b00a  001a4ff6  RW X
  DDR3                  80000000   10000000  00000000  10000000  RW X


SEGMENT ALLOCATION MAP

run origin  load origin   length   init length attrs members
----------  ----------- ---------- ----------- ----- -------
0c000000    0c000000    00041000   00000000    rw-
  0c000000    0c000000    00041000   00000000    rw- .sysmem
0c041000    0c041000    0000e360   0000e360    r-x
  0c041000    0c041000    0000e360   0000e360    r-x .text
0c04f360    0c04f360    0000b68c   00000000    rw-
  0c04f360    0c04f360    0000a000   00000000    rw- .stack
  0c059360    0c059360    00001370   00000000    rw- platform_lib
  0c05a6d0    0c05a6d0    0000031c   00000000    rw- .fardata
0c05a9f0    0c05a9f0    000001b2   000001b2    r--
  0c05a9f0    0c05a9f0    000001b2   000001b2    r-- .const
0c05aba8    0c05aba8    000002b0   00000000    rw-
  0c05aba8    0c05aba8    00000190   00000000    rw- .far
  0c05ad38    0c05ad38    00000120   00000000    rw- .cio
0c05ae58    0c05ae58    00000058   00000058    r--
  0c05ae58    0c05ae58    00000058   00000058    r-- .switch
0c05aeb0    0c05aeb0    0000000c   00000000    rw-
  0c05aeb0    0c05aeb0    00000008   00000000    rw- .neardata
  0c05aeb8    0c05aeb8    00000004   00000000    rw- .bss
0c05aec0    0c05aec0    00000158   00000158    r--
  0c05aec0    0c05aec0    00000158   00000158    r-- .cinit


SECTION ALLOCATION MAP

 output                                  attributes/
section   page    origin      length       input sections
--------  ----  ----------  ----------   ----------------
.sysmem    0    0c000000    00041000     UNINITIALIZED
                  0c000000    00000008     rts6600_elf.lib : memory.c.obj (.sysmem)
                  0c000008    00040ff8     --HOLE--

.text      0    0c041000    0000e360     
                  0c041000    00002000     rts6600_elf.lib : _printfi.c.obj (.text:__TI_printfi)
                  0c043000    00001fe0     ti.platform.evm6678l.ae66 : platform.obj (.text)
                  0c044fe0    00001b40                               : evmc6678.obj (.text)
                  0c046b20    00001160                               : evm66x_nand.obj (.text)
                  0c047c80    00000d80                               : evmc66x_i2c_eeprom.obj (.text)
                  0c048a00    00000640     rts6600_elf.lib : _printfi.c.obj (.text:_pconv_a)
                  0c049040    00000600                     : divd.c.obj (.text:__c6xabi_divd)
                  0c049640    000005a0     ti.platform.evm6678l.ae66 : evmc66x_spi.obj (.text)
                  0c049be0    00000560                               : evmc6678_phy.obj (.text)
                  0c04a140    00000520                               : evmc66x_nor.obj (.text)
                  0c04a660    000004c0                               : evmc66x_fpga.obj (.text)
                  0c04ab20    00000440     rts6600_elf.lib : _printfi.c.obj (.text:_pconv_g)
                  0c04af60    000003c0                     : memory.c.obj (.text:free)
                  0c04b320    00000320     ti.platform.evm6678l.ae66 : evmc66x_uart.obj (.text)
                  0c04b640    000002e0     rts6600_elf.lib : fputs.c.obj (.text:fputs)
                  0c04b920    000002c0                     : _printfi.c.obj (.text:_pconv_e)
                  0c04bbe0    000002c0                     : _printfi.c.obj (.text:fcvt)
                  0c04bea0    00000240                     : imath64.c.obj (.text:__c6xabi_divull)
                  0c04c0e0    00000220     led_play.obj (.text)
                  0c04c300    000001c0     rts6600_elf.lib : imath40.c.obj (.text:__c6xabi_divul)
                  0c04c4c0    000001c0                     : _printfi.c.obj (.text:_ltostr)
                  0c04c680    000001c0                     : fputc.c.obj (.text:fputc)
                  0c04c840    000001c0                     : ldexp.c.obj (.text:ldexp)
                  0c04ca00    000001c0                     : memory.c.obj (.text:malloc)
                  0c04cbc0    000001c0                     : setvbuf.c.obj (.text:setvbuf)
                  0c04cd80    000001a0                     : hostrename.c.obj (.text:HOSTrename)
                  0c04cf20    000001a0                     : frexp.c.obj (.text:frexp)
                  0c04d0c0    00000120                     : _printfi.c.obj (.text:_pconv_f)
                  0c04d1e0    00000120                     : getdevice.c.obj (.text:getdevice)
                  0c04d300    00000100                     : fclose.c.obj (.text:__TI_closefile)
                  0c04d400    00000100                     : copy_decompress_rle.c.obj (.text:__TI_decompress_rle_core)
                  0c04d500    00000100                     : _printfi.c.obj (.text:_mcpy)
                  0c04d600    00000100                     : atoi.c.obj (.text:atoi)
                  0c04d700    00000100                     : fseek.c.obj (.text:fseek)
                  0c04d800    000000e0                     : hostlseek.c.obj (.text:HOSTlseek)
                  0c04d8e0    000000e0                     : hostopen.c.obj (.text:HOSTopen)
                  0c04d9c0    000000e0                     : hostwrite.c.obj (.text:HOSTwrite)
                  0c04daa0    000000e0                     : _ltoa.c.obj (.text:__TI_ltoa)
                  0c04db80    000000e0                     : _io_perm.c.obj (.text:__TI_wrt_ok)
                  0c04dc60    000000e0                     : divi.asm.obj (.text:__divi)
                  0c04dd40    000000e0                     : close.c.obj (.text:close)
                  0c04de20    000000e0                     : exit.c.obj (.text:exit)
                  0c04df00    000000e0                     : memset.c.obj (.text:memset)
                  0c04dfe0    000000e0                     : printf.c.obj (.text:printf)
                  0c04e0c0    000000c0                     : hostread.c.obj (.text:HOSTread)
                  0c04e180    000000c0                     : hostunlink.c.obj (.text:HOSTunlink)
                  0c04e240    000000c0                     : autoinit.c.obj (.text:__TI_auto_init_nobinit_nopinit:__TI_auto_init_nobinit_nopinit)
                  0c04e300    000000c0                     : divu.asm.obj (.text:__divu)
                  0c04e3c0    000000c0                     : memory.c.obj (.text:minsert)
                  0c04e480    000000c0                     : memory.c.obj (.text:mremove)
                  0c04e540    000000c0                     : tls.c.obj (.text:tls:init:__TI_tls_init)
                  0c04e600    000000a0                     : hostclose.c.obj (.text:HOSTclose)
                  0c04e6a0    000000a0                     : fopen.c.obj (.text:__TI_cleanup)
                  0c04e740    000000a0                     : fflush.c.obj (.text:__TI_doflush)
                  0c04e7e0    000000a0                     : remu.asm.obj (.text:__remu)
                  0c04e880    000000a0                     : _printfi.c.obj (.text:_ecpy)
                  0c04e920    000000a0                     : getdevice.c.obj (.text:finddevice)
                  0c04e9c0    000000a0                     : memcpy64.asm.obj (.text:memcpy)
                  0c04ea60    00000080                     : trgmsg.c.obj (.text:__TI_readmsg)
                  0c04eae0    00000080                     : llshift.c.obj (.text:__c6xabi_llshl)
                  0c04eb60    00000080                     : boot.c.obj (.text:_c_int00)
                  0c04ebe0    00000080                     : strncpy.c.obj (.text:strncpy)
                  0c04ec60    00000080     ti.platform.evm6678l.ae66 : evm66x_i2c.obj (.text)
                  0c04ece0    00000080     rts6600_elf.lib : unlink.c.obj (.text:unlink)
                  0c04ed60    00000060                     : frcmpyd_div.c.obj (.text:__TI_frcmpyd_div)
                  0c04edc0    00000060                     : trgmsg.c.obj (.text:__TI_writemsg)
                  0c04ee20    00000060                     : llshift.c.obj (.text:__c6xabi_llshru)
                  0c04ee80    00000060                     : imath64.c.obj (.text:_subcull)
                  0c04eee0    00000060                     : lseek.c.obj (.text:lseek)
                  0c04ef40    00000060                     : memccpy.c.obj (.text:memccpy)
                  0c04efa0    00000060                     : write.c.obj (.text:write)
                  0c04f000    00000040                     : isinf.c.obj (.text:__c6xabi_isinf)
                  0c04f040    00000040                     : _printfi.c.obj (.text:__c6xabi_isnan)
                  0c04f080    00000040                     : args_main.c.obj (.text:_args_main)
                  0c04f0c0    00000040                     : vsprintf.c.obj (.text:_outs)
                  0c04f100    00000040                     : strlen.c.obj (.text:strlen)
                  0c04f140    00000040                     : vsprintf.c.obj (.text:vsprintf)
                  0c04f180    00000040                     : wcslen.c.obj (.text:wcslen)
                  0c04f1c0    00000020                     : errno.c.obj (.text:__c6xabi_errno_addr)
                  0c04f1e0    00000020                     : push.asm.obj (.text:__pop_rts)
                  0c04f200    00000020                     : push.asm.obj (.text:__push_rts)
                  0c04f220    00000020                     : _lock.c.obj (.text:_nop)
                  0c04f240    00000020                     : printf.c.obj (.text:_outc)
                  0c04f260    00000020                     : vsprintf.c.obj (.text:_outc)
                  0c04f280    00000020                     : printf.c.obj (.text:_outs)
                  0c04f2a0    00000020                     : signbit.c.obj (.text:_signbit)
                  0c04f2c0    00000020                     : startup.c.obj (.text:_system_post_cinit)
                  0c04f2e0    00000020                     : pre_init.c.obj (.text:_system_pre_init)
                  0c04f300    00000020                     : exit.c.obj (.text:abort)
                  0c04f320    00000020                     : copy_decompress_none.c.obj (.text:decompress:none:__TI_decompress_none)
                  0c04f340    00000020                     : copy_decompress_rle.c.obj (.text:decompress:rle24:__TI_decompress_rle24)

.stack     0    0c04f360    0000a000     UNINITIALIZED
                  0c04f360    00000008     rts6600_elf.lib : boot.c.obj (.stack)
                  0c04f368    00009ff8     --HOLE--

platform_lib 
*          0    0c059360    00001370     UNINITIALIZED
                  0c059360    00001058     ti.platform.evm6678l.ae66 : platform.obj (platform_lib:uninit)
                  0c05a3b8    00000210                               : evm66x_nand.obj (platform_lib)
                  0c05a5c8    00000108                               : platform.obj (platform_lib:init)

.const     0    0c05a9f0    000001b2     
                  0c05a9f0    00000101     rts6600_elf.lib : ctype.c.obj (.const:.string:_ctypes_)
                  0c05aaf1    00000003     --HOLE-- [fill = 0]
                  0c05aaf4    00000058     ti.platform.evm6678l.ae66 : platform.obj (.const:.string)
                  0c05ab4c    00000024     rts6600_elf.lib : _printfi.c.obj (.const:.string)
                  0c05ab70    00000015     led_play.obj (.const:.string:$P$T0$1)
                  0c05ab85    00000003     --HOLE-- [fill = 0]
                  0c05ab88    0000000a     ti.platform.evm6678l.ae66 : evm66x_nand.obj (.const:.string:$P$T0$1)
                  0c05ab92    00000006     --HOLE-- [fill = 0]
                  0c05ab98    0000000a                               : evm66x_nand.obj (.const:.string:$P$T1$2)

.far       0    0c05aba8    00000190     UNINITIALIZED
                  0c05aba8    00000140     (.common:__TI_tmpnams)
                  0c05ace8    00000044     ti.platform.evm6678l.ae66 : evmc66x_i2c_eeprom.obj (.far)
                  0c05ad2c    00000004     --HOLE--
                  0c05ad30    00000008     (.common:parmbuf)

.cio       0    0c05ad38    00000120     UNINITIALIZED
                  0c05ad38    00000120     rts6600_elf.lib : trgmsg.c.obj (.cio)

.neardata 
*          0    0c05aeb0    00000008     UNINITIALIZED
                  0c05aeb0    00000008     ti.platform.evm6678l.ae66 : platform.obj (.neardata)

.rodata    0    0c05aeb8    00000000     UNINITIALIZED

.bss       0    0c05aeb8    00000004     UNINITIALIZED
                  0c05aeb8    00000004     ti.platform.evm6678l.ae66 : evmc66x_spi.obj (.bss)

.cinit     0    0c05aec0    00000158     
                  0c05aec0    0000009f     (.cinit.platform_lib.load) [load image, compression = rle]
                  0c05af5f    0000006c     (.cinit..fardata.load) [load image, compression = rle]
                  0c05afcb    0000000b     (.cinit..far.load) [load image, compression = rle]
                  0c05afd6    00000009     (.cinit..bss.load) [load image, compression = rle]
                  0c05afdf    00000009     (.cinit..neardata.load) [load image, compression = rle]
                  0c05afe8    00000008     (__TI_handler_table)
                  0c05aff0    00000028     (__TI_cinit_table)

.switch    0    0c05ae58    00000058     
                  0c05ae58    00000038     rts6600_elf.lib : _printfi.c.obj (.switch:__TI_printfi)
                  0c05ae90    00000020     ti.platform.evm6678l.ae66 : platform.obj (.switch:platform_internal_memory_test)

.fardata   0    0c05a6d0    0000031c     UNINITIALIZED
                  0c05a6d0    000001e0     rts6600_elf.lib : defs.c.obj (.fardata:_ftable)
                  0c05a8b0    000000a0                     : write.c.obj (.fardata:_stream)
                  0c05a950    00000078                     : write.c.obj (.fardata:_device)
                  0c05a9c8    0000000c                     : exit.c.obj (.fardata)
                  0c05a9d4    00000008                     : memory.c.obj (.fardata)
                  0c05a9dc    00000004                     : _lock.c.obj (.fardata:_lock)
                  0c05a9e0    00000004                     : _lock.c.obj (.fardata:_unlock)
                  0c05a9e4    00000004                     : defs.c.obj (.fardata)
                  0c05a9e8    00000004                     : errno.c.obj (.fardata)

MODULE SUMMARY

       Module                       code    ro data   rw data
       ------                       ----    -------   -------
    .\
       led_play.obj                 544     21        0      
    +--+----------------------------+-------+---------+---------+
       Total:                       544     21        0      
                                                             
    C:/ti/pdk_C6678_1_1_2_5/packages/ti/platform/evmc6678l/platform_lib/lib/debug/ti.platform.evm6678l.ae66
       platform.obj                 8160    120       4456   
       evmc6678.obj                 6976    0         0      
       evm66x_nand.obj              4448    20        528    
       evmc66x_i2c_eeprom.obj       3456    0         68     
       evmc66x_spi.obj              1440    0         4      
       evmc6678_phy.obj             1376    0         0      
       evmc66x_nor.obj              1312    0         0      
       evmc66x_fpga.obj             1216    0         0      
       evmc66x_uart.obj             800     0         0      
       evm66x_i2c.obj               128     0         0      
    +--+----------------------------+-------+---------+---------+
       Total:                       29312   140       5056   
                                                             
    C:\ti\ccs930\ccs\tools\compiler\ti-cgt-c6000_8.3.12\lib\rts6600_elf.lib
       _printfi.c.obj               13504   92        0      
       memory.c.obj                 1792    0         8      
       divd.c.obj                   1536    0         0      
       defs.c.obj                   0       0         804    
       fputs.c.obj                  736     0         0      
       imath64.c.obj                672     0         0      
       trgmsg.c.obj                 224     0         288    
       fputc.c.obj                  448     0         0      
       getdevice.c.obj              448     0         0      
       imath40.c.obj                448     0         0      
       ldexp.c.obj                  448     0         0      
       setvbuf.c.obj                448     0         0      
       frexp.c.obj                  416     0         0      
       hostrename.c.obj             416     0         0      
       write.c.obj                  96      0         280    
       copy_decompress_rle.c.obj    288     0         0      
       printf.c.obj                 288     0         0      
       exit.c.obj                   256     0         12     
       ctype.c.obj                  0       257       0      
       atoi.c.obj                   256     0         0      
       fclose.c.obj                 256     0         0      
       fseek.c.obj                  256     0         0      
       hostopen.c.obj               224     0         8      
       _io_perm.c.obj               224     0         0      
       _ltoa.c.obj                  224     0         0      
       close.c.obj                  224     0         0      
       divi.asm.obj                 224     0         0      
       hostlseek.c.obj              224     0         0      
       hostwrite.c.obj              224     0         0      
       llshift.c.obj                224     0         0      
       memset.c.obj                 224     0         0      
       autoinit.c.obj               192     0         0      
       divu.asm.obj                 192     0         0      
       hostread.c.obj               192     0         0      
       hostunlink.c.obj             192     0         0      
       tls.c.obj                    192     0         0      
       fflush.c.obj                 160     0         0      
       fopen.c.obj                  160     0         0      
       hostclose.c.obj              160     0         0      
       memcpy64.asm.obj             160     0         0      
       remu.asm.obj                 160     0         0      
       vsprintf.c.obj               160     0         0      
       boot.c.obj                   128     0         0      
       strncpy.c.obj                128     0         0      
       unlink.c.obj                 128     0         0      
       frcmpyd_div.c.obj            96      0         0      
       lseek.c.obj                  96      0         0      
       memccpy.c.obj                96      0         0      
       args_main.c.obj              64      0         0      
       isinf.c.obj                  64      0         0      
       push.asm.obj                 64      0         0      
       strlen.c.obj                 64      0         0      
       wcslen.c.obj                 64      0         0      
       _lock.c.obj                  32      0         8      
       errno.c.obj                  32      0         4      
       copy_decompress_none.c.obj   32      0         0      
       pre_init.c.obj               32      0         0      
       signbit.c.obj                32      0         0      
       startup.c.obj                32      0         0      
    +--+----------------------------+-------+---------+---------+
       Total:                       28352   349       1412   
                                                             
       Heap:                        0       0         266240 
       Stack:                       0       0         40960  
       Linker Generated:            0       344       0      
    +--+----------------------------+-------+---------+---------+
       Grand Total:                 58208   854       313668 


LINKER GENERATED COPY TABLES

__TI_cinit_table @ 0c05aff0 records: 5, size/record: 8, table size: 40
	platform_lib: load addr=0c05aec0, load size=0000009f bytes, run addr=0c059360, run size=00001370 bytes, compression=rle
	.fardata: load addr=0c05af5f, load size=0000006c bytes, run addr=0c05a6d0, run size=0000031c bytes, compression=rle
	.far: load addr=0c05afcb, load size=0000000b bytes, run addr=0c05aba8, run size=00000190 bytes, compression=rle
	.bss: load addr=0c05afd6, load size=00000009 bytes, run addr=0c05aeb8, run size=00000004 bytes, compression=rle
	.neardata: load addr=0c05afdf, load size=00000009 bytes, run addr=0c05aeb0, run size=00000008 bytes, compression=rle


LINKER GENERATED HANDLER TABLE

__TI_handler_table @ 0c05afe8 records: 2, size/record: 4, table size: 8
	index: 0, handler: __TI_decompress_rle24
	index: 1, handler: __TI_decompress_none


GLOBAL SYMBOLS: SORTED ALPHABETICALLY BY Name 

address   name                            
-------   ----                            
0c04f300  C$$EXIT                         
0c04ee18  C$$IO$$                         
0c044f80  Convert_CoreLocal2GlobalAddr    
0c0461f4  CorePllcGetHwSetup              
0c045f98  CorePllcHwSetup                 
0c046734  DDR3Init                        
0c04e600  HOSTclose                       
0c04d800  HOSTlseek                       
0c04d8e0  HOSTopen                        
0c04e0c0  HOSTread                        
0c04cd80  HOSTrename                      
0c04e180  HOSTunlink                      
0c04d9c0  HOSTwrite                       
0c04a058  Init_SGMII                      
0c047b58  NandGetDetails                  
0c04724c  NandReadSpareArea               
0c04756c  NandWriteDataBytes              
0c0477d0  NandWriteSpareArea              
0c04c154  Osal_platformFree               
0c04c140  Osal_platformMalloc             
0c04c174  Osal_platformSpiCsEnter         
0c04c190  Osal_platformSpiCsExit          
0c0464d4  PowerUpDomains                  
0c046570  SetDDR3PllConfig                
0c0462e0  SetPaPllConfig                  
0c04b320  UartInit                        
0c04b5ec  UartIsDataReady                 
0c04b4f0  UartReadBaudRate                
0c04b560  UartReadData                    
0c04b478  UartSetBaudRate                 
0c04b58c  UartWriteData                   
0c05ad38  __CIOBUF_                       
0c05aff0  __TI_CINIT_Base                 
0c05b018  __TI_CINIT_Limit                
0c05afe8  __TI_Handler_Table_Base         
0c05aff0  __TI_Handler_Table_Limit        
0c059360  __TI_STACK_END                  
0000a000  __TI_STACK_SIZE                 
0c05aeb0  __TI_STATIC_BASE                
00041000  __TI_SYSMEM_SIZE                
UNDEFED   __TI_TLS_INIT_Base              
UNDEFED   __TI_TLS_INIT_Limit             
0c04e240  __TI_auto_init_nobinit_nopinit  
0c04e6a0  __TI_cleanup                    
0c05a9c8  __TI_cleanup_ptr                
0c04d300  __TI_closefile                  
0c04f320  __TI_decompress_none            
0c04f340  __TI_decompress_rle24           
0c04e740  __TI_doflush                    
0c05a9cc  __TI_dtors_ptr                  
0c05a9d0  __TI_enable_exit_profile_output 
0c04ed60  __TI_frcmpyd_div                
0c05a9e4  __TI_ft_end                     
0c04daa0  __TI_ltoa                       
ffffffff  __TI_pprof_out_hndl             
0c041000  __TI_printfi                    
ffffffff  __TI_prof_data_size             
ffffffff  __TI_prof_data_start            
0c04ea60  __TI_readmsg                    
0c04e540  __TI_tls_init                   
0c05aba8  __TI_tmpnams                    
0c04edc0  __TI_writemsg                   
0c04db80  __TI_wrt_ok                     
ffffffff  __binit__                       
0c049040  __c6xabi_divd                   
0c04dc60  __c6xabi_divi                   
0c04e300  __c6xabi_divu                   
0c04c300  __c6xabi_divul                  
0c04bea0  __c6xabi_divull                 
0c04f1c0  __c6xabi_errno_addr             
0c04f000  __c6xabi_isinf                  
0c04eae0  __c6xabi_llshl                  
0c04ee20  __c6xabi_llshru                 
0c04f1e0  __c6xabi_pop_rts                
0c04f200  __c6xabi_push_rts               
0c04e7e0  __c6xabi_remu                   
ffffffff  __c_args__                      
0c04dc60  __divi                          
0c04e300  __divu                          
0c05a9e8  __errno                         
0c04f1e0  __pop_rts                       
0c04f200  __push_rts                      
0c04e7e0  __remu                          
0c04f080  _args_main                      
0c04eb60  _c_int00                        
0c05a9f0  _ctypes_                        
0c05a950  _device                         
0c05a6d0  _ftable                         
0c05a9dc  _lock                           
0c04f220  _nop                            
0c04f2a0  _signbit                        
0c04f360  _stack                          
0c05a8b0  _stream                         
0c04ee80  _subcull                        
0c000000  _sys_memory                     
0c04f2c0  _system_post_cinit              
0c04f2e0  _system_pre_init                
0c05a9e0  _unlock                         
0c04f300  abort                           
0c04d600  atoi                            
ffffffff  binit                           
0c04dd40  close                           
0c049fe0  configSerdes                    
0c05a6c8  emac_port_mode                  
0c05a9e8  errno                           
0c04ec60  evmI2CInit                      
0c04de20  exit                            
0c04e920  finddevice                      
0c04a6f8  fpgaControlUserLEDs             
0c04a8cc  fpgaDisableEepromWriteProtect   
0c04a7b8  fpgaDisableNandWriteProtect     
0c04a844  fpgaDisableNorWriteProtect      
0c04a910  fpgaEnableEepromWriteProtect    
0c04a800  fpgaEnableNandWriteProtect      
0c04a888  fpgaEnableNorWriteProtect       
0c04a9a0  fpgaGetAMCDetect                
0c04a954  fpgaGetUserSwitch               
0c04aa90  fpgaReadConfigurationRegister   
0c04a9e4  fpgaWriteConfigurationRegister  
0c04c680  fputc                           
0c04b640  fputs                           
0c04af60  free                            
0c04cf20  frexp                           
0c04cf20  frexpl                          
0c04d700  fseek                           
0c05a654  gDeviceEeprom0                  
0c05a68c  gDeviceEeprom1                  
0c05a5e4  gDeviceNand                     
0c0593b8  gDeviceNandBBlist               
0c05a61c  gDeviceNor                      
0c05ace8  gI2cBlock                       
0c04a660  getBoardVersion                 
0c04a6ac  getFpgaDevID                    
0c04d1e0  getdevice                       
0c0486a0  i2cEepromMacRead                
0c048408  i2cEepromMacWrite               
0c047f8c  i2cEepromRead                   
0c048190  i2cEepromWrite                  
0c047cc4  i2cEepromWriteBlock             
0c0482b0  i2cEepromWriteByteAddr          
0c04c840  ldexp                           
0c04c840  ldexpl                          
0c04eee0  lseek                           
0c04c1a0  main                            
0c04ca00  malloc                          
0c04ef40  memccpy                         
0c04e9c0  memcpy                          
0c04df00  memset                          
0c0478f8  nandFlashBlockErase             
0c047c60  nandInit                        
0c04a534  nor_erase                       
0c04a1c0  nor_get_details                 
0c04a24c  nor_init                        
0c04a2c4  nor_read                        
0c04a354  nor_write                       
0c05ad30  parmbuf                         
0c044890  platform_blocknpage_to_offset   
0c043db0  platform_delay                  
0c043e10  platform_delaycycles            
0c044318  platform_device_close           
0c044eb4  platform_device_erase_block     
0c044450  platform_device_mark_block_bad  
0c044194  platform_device_open            
0c044610  platform_device_read            
0c0443b0  platform_device_read_spare_data 
0c044984  platform_device_write           
0c044570  platform_device_write_spare_data
0c05aeb0  platform_errno                  
0c043e50  platform_external_memory_test   
0c043ad4  platform_get_coreid             
0c043ae8  platform_get_emac_info          
0c04358c  platform_get_info               
0c043b78  platform_get_macaddr            
0c043c0c  platform_get_phy_addr           
0c043c84  platform_get_switch_state       
0c043894  platform_init                   
0c05aeb4  platform_init_return_code       
0c043ed0  platform_internal_memory_test   
0c043d68  platform_led                    
0c044768  platform_offset_to_blocknpage   
0c043c20  platform_phy_link_status        
0c043d48  platform_uart_init              
0c043c90  platform_uart_read              
0c043d14  platform_uart_set_baudrate      
0c043cf8  platform_uart_write             
0c044080  platform_write                  
0c044044  platform_write_configure        
0c04dfe0  printf                          
0c045e34  prog_pll1_values                
0c04c680  putc                            
0c047338  readNandPage                    
0c04ece0  remove                          
0c04c840  scalbn                          
0c04c840  scalbnl                         
0c043474  serial_num_isvalid              
0c04cbc0  setvbuf                         
0c049670  spi_claim                       
0c049964  spi_cmd                         
0c0499c8  spi_cmd_read                    
0c049a28  spi_cmd_write                   
0c049a88  spi_read_word                   
0c049818  spi_release                     
0c049b40  spi_write_word                  
0c049830  spi_xfer                        
0c04f100  strlen                          
0c04ebe0  strncpy                         
0c04ece0  unlink                          
0c04f140  vsprintf                        
0c04f180  wcslen                          
0c04efa0  write                           
0c0475d0  writeNandPage                   
0c0466e0  xmc_setup                       


GLOBAL SYMBOLS: SORTED BY Symbol Address 

address   name                            
-------   ----                            
0000a000  __TI_STACK_SIZE                 
00041000  __TI_SYSMEM_SIZE                
0c000000  _sys_memory                     
0c041000  __TI_printfi                    
0c043474  serial_num_isvalid              
0c04358c  platform_get_info               
0c043894  platform_init                   
0c043ad4  platform_get_coreid             
0c043ae8  platform_get_emac_info          
0c043b78  platform_get_macaddr            
0c043c0c  platform_get_phy_addr           
0c043c20  platform_phy_link_status        
0c043c84  platform_get_switch_state       
0c043c90  platform_uart_read              
0c043cf8  platform_uart_write             
0c043d14  platform_uart_set_baudrate      
0c043d48  platform_uart_init              
0c043d68  platform_led                    
0c043db0  platform_delay                  
0c043e10  platform_delaycycles            
0c043e50  platform_external_memory_test   
0c043ed0  platform_internal_memory_test   
0c044044  platform_write_configure        
0c044080  platform_write                  
0c044194  platform_device_open            
0c044318  platform_device_close           
0c0443b0  platform_device_read_spare_data 
0c044450  platform_device_mark_block_bad  
0c044570  platform_device_write_spare_data
0c044610  platform_device_read            
0c044768  platform_offset_to_blocknpage   
0c044890  platform_blocknpage_to_offset   
0c044984  platform_device_write           
0c044eb4  platform_device_erase_block     
0c044f80  Convert_CoreLocal2GlobalAddr    
0c045e34  prog_pll1_values                
0c045f98  CorePllcHwSetup                 
0c0461f4  CorePllcGetHwSetup              
0c0462e0  SetPaPllConfig                  
0c0464d4  PowerUpDomains                  
0c046570  SetDDR3PllConfig                
0c0466e0  xmc_setup                       
0c046734  DDR3Init                        
0c04724c  NandReadSpareArea               
0c047338  readNandPage                    
0c04756c  NandWriteDataBytes              
0c0475d0  writeNandPage                   
0c0477d0  NandWriteSpareArea              
0c0478f8  nandFlashBlockErase             
0c047b58  NandGetDetails                  
0c047c60  nandInit                        
0c047cc4  i2cEepromWriteBlock             
0c047f8c  i2cEepromRead                   
0c048190  i2cEepromWrite                  
0c0482b0  i2cEepromWriteByteAddr          
0c048408  i2cEepromMacWrite               
0c0486a0  i2cEepromMacRead                
0c049040  __c6xabi_divd                   
0c049670  spi_claim                       
0c049818  spi_release                     
0c049830  spi_xfer                        
0c049964  spi_cmd                         
0c0499c8  spi_cmd_read                    
0c049a28  spi_cmd_write                   
0c049a88  spi_read_word                   
0c049b40  spi_write_word                  
0c049fe0  configSerdes                    
0c04a058  Init_SGMII                      
0c04a1c0  nor_get_details                 
0c04a24c  nor_init                        
0c04a2c4  nor_read                        
0c04a354  nor_write                       
0c04a534  nor_erase                       
0c04a660  getBoardVersion                 
0c04a6ac  getFpgaDevID                    
0c04a6f8  fpgaControlUserLEDs             
0c04a7b8  fpgaDisableNandWriteProtect     
0c04a800  fpgaEnableNandWriteProtect      
0c04a844  fpgaDisableNorWriteProtect      
0c04a888  fpgaEnableNorWriteProtect       
0c04a8cc  fpgaDisableEepromWriteProtect   
0c04a910  fpgaEnableEepromWriteProtect    
0c04a954  fpgaGetUserSwitch               
0c04a9a0  fpgaGetAMCDetect                
0c04a9e4  fpgaWriteConfigurationRegister  
0c04aa90  fpgaReadConfigurationRegister   
0c04af60  free                            
0c04b320  UartInit                        
0c04b478  UartSetBaudRate                 
0c04b4f0  UartReadBaudRate                
0c04b560  UartReadData                    
0c04b58c  UartWriteData                   
0c04b5ec  UartIsDataReady                 
0c04b640  fputs                           
0c04bea0  __c6xabi_divull                 
0c04c140  Osal_platformMalloc             
0c04c154  Osal_platformFree               
0c04c174  Osal_platformSpiCsEnter         
0c04c190  Osal_platformSpiCsExit          
0c04c1a0  main                            
0c04c300  __c6xabi_divul                  
0c04c680  fputc                           
0c04c680  putc                            
0c04c840  ldexp                           
0c04c840  ldexpl                          
0c04c840  scalbn                          
0c04c840  scalbnl                         
0c04ca00  malloc                          
0c04cbc0  setvbuf                         
0c04cd80  HOSTrename                      
0c04cf20  frexp                           
0c04cf20  frexpl                          
0c04d1e0  getdevice                       
0c04d300  __TI_closefile                  
0c04d600  atoi                            
0c04d700  fseek                           
0c04d800  HOSTlseek                       
0c04d8e0  HOSTopen                        
0c04d9c0  HOSTwrite                       
0c04daa0  __TI_ltoa                       
0c04db80  __TI_wrt_ok                     
0c04dc60  __c6xabi_divi                   
0c04dc60  __divi                          
0c04dd40  close                           
0c04de20  exit                            
0c04df00  memset                          
0c04dfe0  printf                          
0c04e0c0  HOSTread                        
0c04e180  HOSTunlink                      
0c04e240  __TI_auto_init_nobinit_nopinit  
0c04e300  __c6xabi_divu                   
0c04e300  __divu                          
0c04e540  __TI_tls_init                   
0c04e600  HOSTclose                       
0c04e6a0  __TI_cleanup                    
0c04e740  __TI_doflush                    
0c04e7e0  __c6xabi_remu                   
0c04e7e0  __remu                          
0c04e920  finddevice                      
0c04e9c0  memcpy                          
0c04ea60  __TI_readmsg                    
0c04eae0  __c6xabi_llshl                  
0c04eb60  _c_int00                        
0c04ebe0  strncpy                         
0c04ec60  evmI2CInit                      
0c04ece0  remove                          
0c04ece0  unlink                          
0c04ed60  __TI_frcmpyd_div                
0c04edc0  __TI_writemsg                   
0c04ee18  C$$IO$$                         
0c04ee20  __c6xabi_llshru                 
0c04ee80  _subcull                        
0c04eee0  lseek                           
0c04ef40  memccpy                         
0c04efa0  write                           
0c04f000  __c6xabi_isinf                  
0c04f080  _args_main                      
0c04f100  strlen                          
0c04f140  vsprintf                        
0c04f180  wcslen                          
0c04f1c0  __c6xabi_errno_addr             
0c04f1e0  __c6xabi_pop_rts                
0c04f1e0  __pop_rts                       
0c04f200  __c6xabi_push_rts               
0c04f200  __push_rts                      
0c04f220  _nop                            
0c04f2a0  _signbit                        
0c04f2c0  _system_post_cinit              
0c04f2e0  _system_pre_init                
0c04f300  C$$EXIT                         
0c04f300  abort                           
0c04f320  __TI_decompress_none            
0c04f340  __TI_decompress_rle24           
0c04f360  _stack                          
0c059360  __TI_STACK_END                  
0c0593b8  gDeviceNandBBlist               
0c05a5e4  gDeviceNand                     
0c05a61c  gDeviceNor                      
0c05a654  gDeviceEeprom0                  
0c05a68c  gDeviceEeprom1                  
0c05a6c8  emac_port_mode                  
0c05a6d0  _ftable                         
0c05a8b0  _stream                         
0c05a950  _device                         
0c05a9c8  __TI_cleanup_ptr                
0c05a9cc  __TI_dtors_ptr                  
0c05a9d0  __TI_enable_exit_profile_output 
0c05a9dc  _lock                           
0c05a9e0  _unlock                         
0c05a9e4  __TI_ft_end                     
0c05a9e8  __errno                         
0c05a9e8  errno                           
0c05a9f0  _ctypes_                        
0c05aba8  __TI_tmpnams                    
0c05ace8  gI2cBlock                       
0c05ad30  parmbuf                         
0c05ad38  __CIOBUF_                       
0c05aeb0  __TI_STATIC_BASE                
0c05aeb0  platform_errno                  
0c05aeb4  platform_init_return_code       
0c05afe8  __TI_Handler_Table_Base         
0c05aff0  __TI_CINIT_Base                 
0c05aff0  __TI_Handler_Table_Limit        
0c05b018  __TI_CINIT_Limit                
ffffffff  __TI_pprof_out_hndl             
ffffffff  __TI_prof_data_size             
ffffffff  __TI_prof_data_start            
ffffffff  __binit__                       
ffffffff  __c_args__                      
ffffffff  binit                           
UNDEFED   __TI_TLS_INIT_Base              
UNDEFED   __TI_TLS_INIT_Limit             

[212 symbols]
